******************************************************************************
                  TI ARM Linker PC v5.2.5                      
******************************************************************************
>> Linked Wed Mar 23 12:47:30 2016

OUTPUT FILE NAME:   <http_client_demo.out>
ENTRY POINT SYMBOL: "_c_int00"  address: 2000cc55


MEMORY CONFIGURATION

         name            origin    length      used     unused   attr    fill
----------------------  --------  ---------  --------  --------  ----  --------
  SRAM_CODE             20004000   00013000  0000a3ba  00008c46  RW X
  SRAM_DATA             20017000   00019000  000019a6  0001765a  RW X


SEGMENT ALLOCATION MAP

run origin  load origin   length   init length attrs members
----------  ----------- ---------- ----------- ----- -------
20004000    20004000    0000a3c0   0000a3c0    r-x
  20004000    20004000    00000400   00000400    r-- .intvecs
  20004400    20004400    000097fa   000097fa    r-x .text
  2000dbfc    2000dbfc    00000748   00000748    r-- .const
  2000e348    2000e348    00000078   00000078    r-- .cinit
20017000    20017000    000011a8   00000000    rw-
  20017000    20017000    00000800   00000000    rw- .sysmem
  20017800    20017800    000007ce   00000000    rw- .bss
  20017fd0    20017fd0    000001d8   00000000    rw- .data
2002f800    2002f800    00000800   00000000    rw-
  2002f800    2002f800    00000800   00000000    rw- .stack


SECTION ALLOCATION MAP

 output                                  attributes/
section   page    origin      length       input sections
--------  ----  ----------  ----------   ----------------
.intvecs   0    20004000    00000400     
                  20004000    00000400     startup_ccs.obj (.intvecs)

.init_array 
*          0    20004000    00000000     UNINITIALIZED

.text      0    20004400    000097fa     
                  20004400    0000140c     main.obj (.text)
                  2000580c    000010ba     rtsv7M4_T_le_v4SPD16_eabi.lib : _printfi.obj (.text)
                  200068c6    00000002     driverlib.a : interrupt.obj (.text:IntDefaultHandler)
                  200068c8    00000fc4     webclient.a : httpcli.obj (.text)
                  2000788c    000005f0     json.a : jsmn.obj (.text)
                  20007e7c    000005ec     simplelink.a : driver.obj (.text:_SlDrvMsgRead)
                  20008468    000003dc     rtsv7M4_T_le_v4SPD16_eabi.lib : memory.obj (.text)
                  20008844    000002ea     webclient.a : ssock.obj (.text)
                  20008b2e    00000002     --HOLE-- [fill = 0]
                  20008b30    00000280     uart_if.obj (.text)
                  20008db0    00000248     simplelink.a : driver.obj (.text:_SlDrvRxHdrRead)
                  20008ff8    00000244                  : wlan.obj (.text:sl_WlanConnect)
                  2000923c    000001f4     rtsv7M4_T_le_v4SPD16_eabi.lib : ull_div_t2.obj (.text)
                  20009430    000001d0     simplelink.a : driver.obj (.text:_SlDrvReleasePoolObj)
                  20009600    000001cc                  : driver.obj (.text:_SlDrvMsgWrite)
                  200097cc    000001b6     rtsv7M4_T_le_v4SPD16_eabi.lib : fd_add_t2.obj (.text)
                  20009982    00000002     --HOLE-- [fill = 0]
                  20009984    00000190     simplelink.a : driver.obj (.text:_SlDrvWaitForPoolObj)
                  20009b14    00000188                  : driver.obj (.text:_SlDrvDriverCBInit)
                  20009c9c    00000170                  : driver.obj (.text:_SlFindAndSetActiveObj)
                  20009e0c    00000144                  : cc_pal.obj (.text:spi_Open)
                  20009f50    00000136     rtsv7M4_T_le_v4SPD16_eabi.lib : fd_div_t2.obj (.text)
                  2000a086    00000002     --HOLE-- [fill = 0]
                  2000a088    00000134     driverlib.a : prcm.obj (.text:PRCMCC3200MCUInit)
                  2000a1bc    0000012c     simplelink.a : driver.obj (.text:_SlDrvDataReadOp)
                  2000a2e8    00000114     rtsv7M4_T_le_v4SPD16_eabi.lib : strtoul.obj (.text)
                  2000a3fc    00000110                                   : xdscale.obj (.text)
                  2000a50c    00000108     simplelink.a : driver.obj (.text:_SlDrvDataWriteOp)
                  2000a614    00000108                  : socket.obj (.text:sl_Connect)
                  2000a71c    00000108                  : socket.obj (.text:sl_Send)
                  2000a824    00000104                  : netapp.obj (.text:sl_NetAppDnsGetHostByName)
                  2000a928    00000100                  : driver.obj (.text:_SlDrvDriverCBDeinit)
                  2000aa28    000000fe                  : netapp.obj (.text:_SlDrvNetAppEventHandler)
                  2000ab26    000000fc     rtsv7M4_T_le_v4SPD16_eabi.lib : fd_mul_t2.obj (.text)
                  2000ac22    00000002     --HOLE-- [fill = 0]
                  2000ac24    000000f0     simplelink.a : cc_pal.obj (.text:spi_Read)
                  2000ad14    000000f0     driverlib.a : udma.obj (.text:uDMAChannelTransferSet)
                  2000ae04    000000d8     simplelink.a : driver.obj (.text:_SlDrvClassifyRxMsg)
                  2000aedc    000000d4                  : device.obj (.text:sl_Stop)
                  2000afb0    000000c8                  : netapp.obj (.text:_sl_HandleAsync_DnsGetHostByService)
                  2000b078    000000c0                  : driver.obj (.text:_SlDrvMsgReadCmdCtx)
                  2000b138    000000c0                  : driver.obj (.text:_SlRemoveFromList)
                  2000b1f8    000000be     rtsv7M4_T_le_v4SPD16_eabi.lib : xdnorm.obj (.text)
                  2000b2b6    00000002     --HOLE-- [fill = 0]
                  2000b2b8    000000bc     simplelink.a : device.obj (.text:sl_Start)
                  2000b374    000000b8                  : driver.obj (.text:_SlAsyncEventGenericHandler)
                  2000b42c    000000b4                  : netapp.obj (.text:sl_NetAppMDNSRegisterUnregisterService)
                  2000b4e0    000000a8     driverlib.a : interrupt.obj (.text:IntDisable)
                  2000b588    000000a8                 : interrupt.obj (.text:IntEnable)
                  2000b630    000000a0                 : spi.obj (.text:SPIConfigSetExpClk)
                  2000b6d0    0000009c     simplelink.a : driver.obj (.text:_SlDrvMsgReadSpawnCtx)
                  2000b76c    0000009c     rtsv7M4_T_le_v4SPD16_eabi.lib : memcpy_t2.obj (.text)
                  2000b808    0000009c     simplelink.a : device.obj (.text:sl_DevGet)
                  2000b8a4    00000098                  : cc_pal.obj (.text:spi_Write)
                  2000b93c    00000094     driverlib.a : prcm.obj (.text:PRCMPeripheralClockGet)
                  2000b9d0    0000008c     simplelink.a : cc_pal.obj (.text:SetupDMAReceive)
                  2000ba5c    0000008c                  : cc_pal.obj (.text:SetupDMASend)
                  2000bae8    0000008c                  : netapp.obj (.text:_sl_HandleAsync_DnsGetHostByName)
                  2000bb74    0000008c                  : netapp.obj (.text:_sl_HandleAsync_PingResponse)
                  2000bc00    00000088     driverlib.a : pin.obj (.text:PinConfigSet)
                  2000bc88    00000088     rtsv7M4_T_le_v4SPD16_eabi.lib : vsnprintf.obj (.text)
                  2000bd10    00000086                                   : fd_cmp_t2.obj (.text:__aeabi_cdcmple)
                  2000bd96    00000086                                   : fd_cmp_t2.obj (.text:__aeabi_cdrcmple)
                  2000be1c    00000084     simplelink.a : cc_pal.obj (.text:NwpPowerOnPreamble)
                  2000bea0    00000080                  : driver.obj (.text:_SlDrvCmdOp)
                  2000bf20    00000080                  : cc_pal.obj (.text:spi_Read_CPU)
                  2000bfa0    00000080                  : cc_pal.obj (.text:spi_Write_CPU)
                  2000c020    0000007c                  : device.obj (.text:_sl_HandleAsync_InitComplete)
                  2000c09c    0000007a     rtsv7M4_T_le_v4SPD16_eabi.lib : memset_t2.obj (.text)
                  2000c116    00000002     --HOLE-- [fill = 0]
                  2000c118    00000078     simplelink.a : socket.obj (.text:_sl_HandleAsync_Connect)
                  2000c190    00000078                  : cc_pal.obj (.text:spi_Close)
                  2000c208    00000076     driverlib.a : uart.obj (.text:UARTConfigSetExpClk)
                  2000c27e    00000002     --HOLE-- [fill = 0]
                  2000c280    00000074     simplelink.a : socket.obj (.text:sl_Recv)
                  2000c2f4    00000070                  : nonos.obj (.text:_SlNonOsMainLoopTask)
                  2000c364    0000006c                  : driver.obj (.text:_SlDrvCmdSend)
                  2000c3d0    0000006c     rtsv7M4_T_le_v4SPD16_eabi.lib : autoinit.obj (.text)
                  2000c43c    0000006a                                   : copy_decompress_rle.obj (.text)
                  2000c4a6    00000002     --HOLE-- [fill = 0]
                  2000c4a8    00000068     simplelink.a : netapp.obj (.text:_sl_NetAppSendTokenValue)
                  2000c510    00000068                  : netcfg.obj (.text:sl_NetCfgSet)
                  2000c578    00000068                  : socket.obj (.text:sl_SetSockOpt)
                  2000c5e0    00000068                  : wlan.obj (.text:sl_WlanSet)
                  2000c648    00000066     rtsv7M4_T_le_v4SPD16_eabi.lib : xdunscal.obj (.text)
                  2000c6ae    00000002     --HOLE-- [fill = 0]
                  2000c6b0    00000064     driverlib.a : udma.obj (.text:uDMAChannelAttributeDisable)
                  2000c714    00000064                 : udma.obj (.text:uDMAChannelAttributeEnable)
                  2000c778    00000060     simplelink.a : socket.obj (.text:_sl_HandleAsync_Accept)
                  2000c7d8    00000060     rtsv7M4_T_le_v4SPD16_eabi.lib : sprintf.obj (.text)
                  2000c838    00000060     simplelink.a : wlan.obj (.text:sl_WlanPolicySet)
                  2000c898    0000005c                  : nonos.obj (.text:_SlNonOsSemGet)
                  2000c8f4    0000005c                  : nonos.obj (.text:_SlNonOsSpawn)
                  2000c950    0000005c                  : socket.obj (.text:sl_Socket)
                  2000c9ac    00000058     driverlib.a : interrupt.obj (.text:IntPendClear)
                  2000ca04    00000058                 : prcm.obj (.text:PRCMPeripheralReset)
                  2000ca5c    00000056     rtsv7M4_T_le_v4SPD16_eabi.lib : ltoa.obj (.text)
                  2000cab2    00000002     --HOLE-- [fill = 0]
                  2000cab4    00000054     driverlib.a : interrupt.obj (.text:IntPrioritySet)
                  2000cb08    00000054     simplelink.a : socket.obj (.text:_sl_HandleAsync_Select)
                  2000cb5c    00000054                  : wlan.obj (.text:sl_WlanRxFilterSet)
                  2000cbb0    00000052     rtsv7M4_T_le_v4SPD16_eabi.lib : ldexp.obj (.text)
                  2000cc02    00000002     --HOLE-- [fill = 0]
                  2000cc04    00000050     simplelink.a : device.obj (.text:_sl_HandleAsync_Stop)
                  2000cc54    00000050     rtsv7M4_T_le_v4SPD16_eabi.lib : boot.obj (.text)
                  2000cca4    0000004c     driverlib.a : spi.obj (.text:SPIIntEnable)
                  2000ccf0    0000004c                 : spi.obj (.text:SPIIntNumberGet)
                  2000cd3c    0000004c     simplelink.a : driver.obj (.text:_SlDrvProtectAsyncRespSetting)
                  2000cd88    0000004c                  : driver.obj (.text:_SlDrvRxIrqHandler)
                  2000cdd4    0000004c                  : socket.obj (.text:_sl_BuildAddress)
                  2000ce20    0000004c     rtsv7M4_T_le_v4SPD16_eabi.lib : atoi.obj (.text)
                  2000ce6c    0000004c                                   : cpy_tbl.obj (.text)
                  2000ceb8    0000004c     driverlib.a : udma.obj (.text:uDMAChannelAssign)
                  2000cf04    00000048                 : spi.obj (.text:SPIIntClear)
                  2000cf4c    00000048     simplelink.a : driver.obj (.text:_SlDrvBasicCmd)
                  2000cf94    00000048     rtsv7M4_T_le_v4SPD16_eabi.lib : fd_toi_t2.obj (.text)
                  2000cfdc    00000044     driverlib.a : spi.obj (.text:SPIDmaMaskGet)
                  2000d020    00000044     simplelink.a : cc_pal.obj (.text:cc_SetupTransfer)
                  2000d064    00000044     rtsv7M4_T_le_v4SPD16_eabi.lib : exit.obj (.text)
                  2000d0a8    00000042     simplelink.a : socket.obj (.text:sl_Htonl)
                  2000d0ea    00000002     --HOLE-- [fill = 0]
                  2000d0ec    00000040     driverlib.a : pin.obj (.text:PinModeSet)
                  2000d12c    00000040     rtsv7M4_T_le_v4SPD16_eabi.lib : signal.obj (.text)
                  2000d16c    0000003e     simplelink.a : cc_pal.obj (.text:NwpRegisterInterruptHandler)
                  2000d1aa    0000003c                  : netapp.obj (.text:CopyPingResultsToReport)
                  2000d1e6    00000002     --HOLE-- [fill = 0]
                  2000d1e8    0000003c     driverlib.a : prcm.obj (.text:PRCMPeripheralClkEnable)
                  2000d224    0000003c     simplelink.a : socket.obj (.text:_sl_TruncatePayloadByProtocol)
                  2000d260    0000003c                  : socket.obj (.text:sl_Htons)
                  2000d29c    0000003c     driverlib.a : udma.obj (.text:uDMAChannelControlSet)
                  2000d2d8    0000003a     pinmux.obj (.text)
                  2000d312    00000002     --HOLE-- [fill = 0]
                  2000d314    00000038     simplelink.a : cc_pal.obj (.text:NwpPowerOff)
                  2000d34c    00000036     driverlib.a : gpio.obj (.text:GPIODirModeSet)
                  2000d382    00000036     simplelink.a : netapp.obj (.text:sl_NetAppMDNSUnRegisterService)
                  2000d3b8    00000034     driverlib.a : prcm.obj (.text:PRCMPeripheralStatusGet)
                  2000d3ec    00000034                 : spi.obj (.text:SPIFIFOLevelSet)
                  2000d420    00000034     rtsv7M4_T_le_v4SPD16_eabi.lib : feraiseexcept.obj (.text)
                  2000d454    00000030     driverlib.a : pin.obj (.text:PinTypeGPIO)
                  2000d484    00000030                 : uart.obj (.text:UARTDisable)
                  2000d4b4    00000030     simplelink.a : device.obj (.text:_SlDrvDeviceEventHandler)
                  2000d4e4    00000030     rtsv7M4_T_le_v4SPD16_eabi.lib : xdclass.obj (.text)
                  2000d514    00000030                                   : xferaise.obj (.text)
                  2000d544    00000030     simplelink.a : socket.obj (.text:sl_Close)
                  2000d574    00000030                  : wlan.obj (.text:sl_WlanProfileDel)
                  2000d5a4    00000030                  : wlan.obj (.text:sl_WlanSetMode)
                  2000d5d4    0000002e     rtsv7M4_T_le_v4SPD16_eabi.lib : i_tofd_t2.obj (.text)
                  2000d602    0000002e                                   : raise.obj (.text)
                  2000d630    0000002c     simplelink.a : cc_pal.obj (.text:NwpPowerOn)
                  2000d65c    0000002c     driverlib.a : prcm.obj (.text:PRCMSysResetCauseGet)
                  2000d688    0000002a     rtsv7M4_T_le_v4SPD16_eabi.lib : frexp.obj (.text)
                  2000d6b2    00000002     --HOLE-- [fill = 0]
                  2000d6b4    00000028     driverlib.a : prcm.obj (.text:PRCMPeripheralClkDisable)
                  2000d6dc    00000026     rtsv7M4_T_le_v4SPD16_eabi.lib : strncmp.obj (.text)
                  2000d702    00000002     --HOLE-- [fill = 0]
                  2000d704    00000024     simplelink.a : cc_pal.obj (.text:DmaSpiSwIntHandler)
                  2000d728    00000024     driverlib.a : interrupt.obj (.text:IntUnregister)
                  2000d74c    00000024                 : uart.obj (.text:UARTEnable)
                  2000d770    00000024     simplelink.a : driver.obj (.text:_SlDrvProtectionObjLockWaitForever)
                  2000d794    00000024     rtsv7M4_T_le_v4SPD16_eabi.lib : memmov.obj (.text)
                  2000d7b8    00000022     driverlib.a : spi.obj (.text:SPIReset)
                  2000d7da    00000022                 : spi.obj (.text:SPIWordCountSet)
                  2000d7fc    00000020                 : interrupt.obj (.text:IntRegister)
                  2000d81c    00000020     simplelink.a : driver.obj (.text:_SlDrvProtectionObjUnLock)
                  2000d83c    0000001e     driverlib.a : uart.obj (.text:UARTCharPut)
                  2000d85a    0000001e     simplelink.a : driver.obj (.text:_SlDrvObjLockWaitForever)
                  2000d878    0000001e                  : driver.obj (.text:_SlDrvSyncObjWaitForever)
                  2000d896    0000001e                  : cc_pal.obj (.text:cc_UDMAChannelSelect)
                  2000d8b4    0000001c     driverlib.a : uart.obj (.text:UARTCharGetNonBlocking)
                  2000d8d0    0000001c     rtsv7M4_T_le_v4SPD16_eabi.lib : memccpy.obj (.text)
                  2000d8ec    0000001c     driverlib.a : udma.obj (.text:uDMAChannelEnable)
                  2000d908    0000001a                 : pin.obj (.text:PinTypeUART)
                  2000d922    0000001a                 : spi.obj (.text:SPIDmaDisable)
                  2000d93c    0000001a                 : spi.obj (.text:SPIDmaEnable)
                  2000d956    0000001a                 : spi.obj (.text:SPIFIFODisable)
                  2000d970    0000001a                 : spi.obj (.text:SPIFIFOEnable)
                  2000d98a    0000001a                 : spi.obj (.text:SPIIntUnregister)
                  2000d9a4    0000001a     simplelink.a : driver.obj (.text:_SlDrvObjUnLock)
                  2000d9be    0000001a                  : driver.obj (.text:_SlDrvSyncObjSignal)
                  2000d9d8    00000018     driverlib.a : gpio.obj (.text:GPIOPinRead)
                  2000d9f0    00000018                 : spi.obj (.text:SPICSDisable)
                  2000da08    00000018                 : spi.obj (.text:SPICSEnable)
                  2000da20    00000018                 : spi.obj (.text:SPIDisable)
                  2000da38    00000018                 : spi.obj (.text:SPIEnable)
                  2000da50    00000018                 : uart.obj (.text:UARTCharsAvail)
                  2000da68    00000018     simplelink.a : nonos.obj (.text:_SlNonOsSemSet)
                  2000da80    00000018                  : device.obj (.text:_sl_GetStartResponseConvert)
                  2000da98    00000018     rtsv7M4_T_le_v4SPD16_eabi.lib : args_main.obj (.text)
                  2000dab0    00000018                                   : strcmp.obj (.text)
                  2000dac8    00000016     driverlib.a : prcm.obj (.text:PRCMHIBRegRead)
                  2000dade    00000016                 : prcm.obj (.text:PRCMHIBRegWrite)
                  2000daf4    00000016     simplelink.a : driver.obj (.text:_SlDrvMemZero)
                  2000db0a    00000016     rtsv7M4_T_le_v4SPD16_eabi.lib : strchr.obj (.text)
                  2000db20    00000014     driverlib.a : cpu.obj (.text:CPUcpsie)
                  2000db34    00000014                 : interrupt.obj (.text:IntVTableBaseSet)
                  2000db48    00000014     rtsv7M4_T_le_v4SPD16_eabi.lib : _lock.obj (.text)
                  2000db5c    00000014                                   : strcpy.obj (.text)
                  2000db70    00000014                                   : strlen.obj (.text)
                  2000db84    0000000e     simplelink.a : driver.obj (.text:_SlDrvResetCmdExt)
                  2000db92    0000000e     rtsv7M4_T_le_v4SPD16_eabi.lib : copy_decompress_none.obj (.text:decompress:none)
                  2000dba0    0000000e     startup_ccs.obj (.text)
                  2000dbae    00000002     --HOLE-- [fill = 0]
                  2000dbb0    0000000c     simplelink.a : cc_pal.obj (.text:NwpMaskInterrupt)
                  2000dbbc    0000000c                  : cc_pal.obj (.text:NwpUnMaskInterrupt)
                  2000dbc8    0000000c     rtsv7M4_T_le_v4SPD16_eabi.lib : copy_zero_init.obj (.text:decompress:ZI)
                  2000dbd4    0000000c     simplelink.a : wlan.obj (.text:sl_WlanDisconnect)
                  2000dbe0    0000000a     driverlib.a : interrupt.obj (.text:IntMasterEnable)
                  2000dbea    00000006                 : utils.obj (.text:UtilsDelay)
                  2000dbf0    00000006     rtsv7M4_T_le_v4SPD16_eabi.lib : copy_decompress_rle.obj (.text:decompress:rle24)
                  2000dbf6    00000004                                   : pre_init.obj (.text)

.const     0    2000dbfc    00000748     
                  2000dbfc    00000101     rtsv7M4_T_le_v4SPD16_eabi.lib : ctype.obj (.const:.string:_ctypes_)
                  2000dcfd    00000003     --HOLE-- [fill = 0]
                  2000dd00    00000100     driverlib.a : pin.obj (.const:g_ulPinToPadMap)
                  2000de00    000000d4                 : interrupt.obj (.const:g_pulRegs)
                  2000ded4    000000b0     simplelink.a : wlan.obj (.const:$P$T0$1)
                  2000df84    000000a8     driverlib.a : prcm.obj (.const:PRCM_PeriphRegsList)
                  2000e02c    00000080                 : interrupt.obj (.const)
                  2000e0ac    00000040     main.obj (.const)
                  2000e0ec    0000003e     main.obj (.const:.string)
                  2000e12a    0000003c     simplelink.a : driver.obj (.const:OpcodeTranslateTable)
                  2000e166    0000003c                  : wlan.obj (.const)
                  2000e1a2    00000002     --HOLE-- [fill = 0]
                  2000e1a4    00000038                  : driver.obj (.const:_SlActionLookupTable)
                  2000e1dc    00000034                  : driver.obj (.const)
                  2000e210    00000034                  : socket.obj (.const)
                  2000e244    0000002c     main.obj (.const:$P$T1$2)
                  2000e270    00000028     simplelink.a : netapp.obj (.const)
                  2000e298    00000024     driverlib.a : spi.obj (.const:g_ppulSPIIntMap)
                  2000e2bc    00000022     main.obj (.const:.string:$P$T0$1)
                  2000e2de    00000002     --HOLE-- [fill = 0]
                  2000e2e0    00000018     driverlib.a : spi.obj (.const)
                  2000e2f8    00000014     simplelink.a : device.obj (.const)
                  2000e30c    00000010                  : socket.obj (.const:.string)
                  2000e31c    00000010     webclient.a : httpcli.obj (.const)
                  2000e32c    00000008     simplelink.a : device.obj (.const:.string)
                  2000e334    00000008     webclient.a : httpcli.obj (.const:.string)
                  2000e33c    00000008     simplelink.a : netcfg.obj (.const)

.cinit     0    2000e348    00000078     
                  2000e348    0000004e     (.cinit..data.load) [load image, compression = rle]
                  2000e396    00000002     --HOLE-- [fill = 0]
                  2000e398    0000000c     (__TI_handler_table)
                  2000e3a4    00000004     --HOLE-- [fill = 0]
                  2000e3a8    00000008     (.cinit..bss.load) [load image, compression = zero_init]
                  2000e3b0    00000010     (__TI_cinit_table)

.sysmem    0    20017000    00000800     UNINITIALIZED
                  20017000    00000008     rtsv7M4_T_le_v4SPD16_eabi.lib : memory.obj (.sysmem)
                  20017008    000007f8     --HOLE--

.bss       0    20017800    000007ce     UNINITIALIZED
                  20017800    000005b8     main.obj (.bss:g_buff)
                  20017db8    00000168     simplelink.a : driver.obj (.bss:g_StatMem)
                  20017f20    00000050                  : cc_pal.obj (.bss:g_ucDinDout)
                  20017f70    00000028                  : nonos.obj (.bss:g__SlNonOsCB)
                  20017f98    00000024     main.obj (.bss:g_ucConnectionSSID)
                  20017fbc    00000008     (.common:g_ucConnectionBSSID)
                  20017fc4    00000004     (.common:__Errorlog)
                  20017fc8    00000004     (.common:g_ulDestinationIP)
                  20017fcc    00000001     (.common:RxIrqCnt)
                  20017fcd    00000001     (.common:g_cDummy)

.TI.noinit 
*          0    20017800    00000000     UNINITIALIZED

.data      0    20017fd0    000001d8     UNINITIALIZED
                  20017fd0    000000b0     rtsv7M4_T_le_v4SPD16_eabi.lib : signal.obj (.data:sigtable)
                  20018080    00000080                                   : xvalues.obj (.data)
                  20018100    00000048     webclient.a : httpcli.obj (.data:tlsParams)
                  20018148    00000010                 : httpcli.obj (.data)
                  20018158    0000000c     main.obj (.data)
                  20018164    0000000c     rtsv7M4_T_le_v4SPD16_eabi.lib : memory.obj (.data)
                  20018170    00000009     simplelink.a : cc_pal.obj (.data)
                  20018179    00000003     --HOLE--
                  2001817c    00000009                  : driver.obj (.data)
                  20018185    00000003     --HOLE--
                  20018188    00000008     rtsv7M4_T_le_v4SPD16_eabi.lib : _lock.obj (.data)
                  20018190    00000008                                   : exit.obj (.data)
                  20018198    00000008                                   : feraiseexcept.obj (.data)
                  200181a0    00000004                                   : errno.obj (.data)
                  200181a4    00000004                                   : stkdepth_vars.obj (.data)

.TI.persistent 
*          0    20017fd0    00000000     UNINITIALIZED

.stack     0    2002f800    00000800     UNINITIALIZED
                  2002f800    00000800     --HOLE--


LINKER GENERATED COPY TABLES

__TI_cinit_table @ 2000e3b0 records: 2, size/record: 8, table size: 16
	.data: load addr=2000e348, load size=0000004e bytes, run addr=20017fd0, run size=000001d8 bytes, compression=rle
	.bss: load addr=2000e3a8, load size=00000008 bytes, run addr=20017800, run size=000007ce bytes, compression=zero_init


LINKER GENERATED HANDLER TABLE

__TI_handler_table @ 2000e398 records: 3, size/record: 4, table size: 12
	index: 0, handler: __TI_decompress_rle24
	index: 1, handler: __TI_decompress_none
	index: 2, handler: __TI_zero_init


GLOBAL SYMBOLS: SORTED ALPHABETICALLY BY Name 

address   name                                  
-------   ----                                  
2000d065  C$$EXIT                               
2000db21  CPUcpsie                              
20008b71  ClearTerm                             
2000d1ab  CopyPingResultsToReport               
2000d705  DmaSpiSwIntHandler                    
20008b7b  Error                                 
2000d34d  GPIODirModeSet                        
2000d9d9  GPIOPinRead                           
20008bb3  GetCmd                                
200071f3  HTTPCli_connect                       
20007315  HTTPCli_construct                     
2000735d  HTTPCli_create                        
20007375  HTTPCli_delete                        
200073ab  HTTPCli_destruct                      
200073f3  HTTPCli_disconnect                    
20007629  HTTPCli_getResponseField              
200075f3  HTTPCli_getResponseStatus             
200070e5  HTTPCli_initSockAddr                  
20007839  HTTPCli_readRawResponseBody           
200077ad  HTTPCli_readResponseBody              
20007563  HTTPCli_sendField                     
20007495  HTTPCli_sendRequest                   
200075bb  HTTPCli_sendRequestBody               
20007879  HTTPCli_setProxy                      
20007429  HTTPCli_setRequestFields              
2000744f  HTTPCli_setResponseFields             
20007475  HTTPCli_setSecureParams               
20008b31  InitTerm                              
2000b4e1  IntDisable                            
2000b589  IntEnable                             
2000dbe1  IntMasterEnable                       
2000c9ad  IntPendClear                          
2000cab5  IntPrioritySet                        
2000d7fd  IntRegister                           
2000d729  IntUnregister                         
2000db35  IntVTableBaseSet                      
20008b4f  Message                               
2000dbb1  NwpMaskInterrupt                      
2000d315  NwpPowerOff                           
2000d631  NwpPowerOn                            
2000be1d  NwpPowerOnPreamble                    
2000d16d  NwpRegisterInterruptHandler           
2000dbbd  NwpUnMaskInterrupt                    
2000e12a  OpcodeTranslateTable                  
2000a089  PRCMCC3200MCUInit                     
2000dac9  PRCMHIBRegRead                        
2000dadf  PRCMHIBRegWrite                       
2000d6b5  PRCMPeripheralClkDisable              
2000d1e9  PRCMPeripheralClkEnable               
2000b93d  PRCMPeripheralClockGet                
2000ca05  PRCMPeripheralReset                   
2000d3b9  PRCMPeripheralStatusGet               
2000d65d  PRCMSysResetCauseGet                  
20004d8f  ParseJSONData                         
2000bc01  PinConfigSet                          
2000d0ed  PinModeSet                            
2000d2d9  PinMuxConfig                          
2000d455  PinTypeGPIO                           
2000d909  PinTypeUART                           
20008cf1  Report                                
2000dba1  ResetISR                              
20017fcc  RxIrqCnt                              
2000e1ec  RxMsgClassLUT                         
UNDEFED   SHT$$INIT_ARRAY$$Base                 
UNDEFED   SHT$$INIT_ARRAY$$Limit                
2000d9f1  SPICSDisable                          
2000da09  SPICSEnable                           
2000b631  SPIConfigSetExpClk                    
2000da21  SPIDisable                            
2000d923  SPIDmaDisable                         
2000d93d  SPIDmaEnable                          
2000da39  SPIEnable                             
2000d957  SPIFIFODisable                        
2000d971  SPIFIFOEnable                         
2000d3ed  SPIFIFOLevelSet                       
2000cf05  SPIIntClear                           
2000cca5  SPIIntEnable                          
2000d98b  SPIIntUnregister                      
2000d7b9  SPIReset                              
2000d7db  SPIWordCountSet                       
200045c9  SimpleLinkGeneralEventHandler         
200045a1  SimpleLinkHttpServerCallback          
20004509  SimpleLinkNetAppEventHandler          
200045df  SimpleLinkSockEventHandler            
20004401  SimpleLinkWlanEventHandler            
2000885d  Ssock_construct                       
2000889d  Ssock_create                          
200088b7  Ssock_delete                          
200088df  Ssock_destruct                        
20008931  Ssock_getSocket                       
2000893f  Ssock_recv                            
20008999  Ssock_recvall                         
200089dd  Ssock_send                            
20008af7  Ssock_startSecure                     
2000e32c  StartResponseLUT                      
20008c59  TrimSpace                             
2000d8b5  UARTCharGetNonBlocking                
2000d83d  UARTCharPut                           
2000da51  UARTCharsAvail                        
2000c209  UARTConfigSetExpClk                   
2000d485  UARTDisable                           
2000d74d  UARTEnable                            
2000dbeb  UtilsDelay                            
2000d4e5  _Dclass                               
20018080  _Denorm                               
2000b1f9  _Dnorm                                
2000a3fd  _Dscale                               
2000c649  _Dunscale                             
20018090  _Eps                                  
200181a0  _Errno                                
20018198  _Fenv                                 
2000d515  _Feraise                              
200180a0  _Hugeval                              
200180b0  _Inf                                  
200180c0  _Nan                                  
200180e0  _Rteps                                
2000e224  _SlAcceptCmdCtrl                      
2000e1a4  _SlActionLookupTable                  
2000b375  _SlAsyncEventGenericHandler           
2000e304  _SlDeviceGetCmdCtrl                   
2000e308  _SlDeviceSetCmdCtrl                   
2000cf4d  _SlDrvBasicCmd                        
2000ae05  _SlDrvClassifyRxMsg                   
2000bea1  _SlDrvCmdOp                           
2000c365  _SlDrvCmdSend                         
2000a1bd  _SlDrvDataReadOp                      
2000a50d  _SlDrvDataWriteOp                     
2000d4b5  _SlDrvDeviceEventHandler              
2000a929  _SlDrvDriverCBDeinit                  
20009b15  _SlDrvDriverCBInit                    
2000daf5  _SlDrvMemZero                         
20007e7d  _SlDrvMsgRead                         
2000b079  _SlDrvMsgReadCmdCtx                   
2000b6d1  _SlDrvMsgReadSpawnCtx                 
20009601  _SlDrvMsgWrite                        
2000aa29  _SlDrvNetAppEventHandler              
2000d85b  _SlDrvObjLockWaitForever              
2000d9a5  _SlDrvObjUnLock                       
2000cd3d  _SlDrvProtectAsyncRespSetting         
2000d771  _SlDrvProtectionObjLockWaitForever    
2000d81d  _SlDrvProtectionObjUnLock             
20009431  _SlDrvReleasePoolObj                  
2000db85  _SlDrvResetCmdExt                     
20008db1  _SlDrvRxHdrRead                       
2000cd89  _SlDrvRxIrqHandler                    
2000d9bf  _SlDrvSyncObjSignal                   
2000d879  _SlDrvSyncObjWaitForever              
20009985  _SlDrvWaitForPoolObj                  
2000e300  _SlEventMaskGetCmdCtrl                
2000e2fc  _SlEventMaskSetCmdCtrl                
20009c9d  _SlFindAndSetActiveObj                
2000e284  _SlGetHostByNameCtrl                  
2000e280  _SlGetHostByServiceCtrl               
2000e278  _SlGetServiceListeCtrl                
2000e230  _SlGetSockOptCmdCtrl                  
2000e220  _SlListenCmdCtrl                      
2000e290  _SlNetAppGetCmdCtrl                   
2000e28c  _SlNetAppSendTokenValueCmdCtrl        
2000e288  _SlNetAppSetCmdCtrl                   
2000e270  _SlNetAppStartCtrl                    
2000e274  _SlNetAppStopCtrl                     
2000e340  _SlNetCfgGetCmdCtrl                   
2000e33c  _SlNetCfgSetCmdCtrl                   
2000c2f5  _SlNonOsMainLoopTask                  
2000c899  _SlNonOsSemGet                        
2000da69  _SlNonOsSemSet                        
2000c8f5  _SlNonOsSpawn                         
2000e30c  _SlPayloadByProtocolLUT               
2000e16a  _SlPolicyGetCmdCtrl                   
2000e166  _SlPolicySetCmdCtrl                   
2000e172  _SlProfileDelCmdCtrl                  
2000e16e  _SlProfileGetCmdCtrl                  
2000e228  _SlRecvCmdCtrl                        
2000e218  _SlRecvfomCmdCtrl                     
2000e27c  _SlRegisterServiceCtrl                
2000b139  _SlRemoveFromList                     
2000e17a  _SlRxFilterAddtCmdCtrl                
2000e182  _SlRxFilterGetCmdCtrl                 
2000e17e  _SlRxFilterSetCmdCtrl                 
2000e234  _SlSelectCmdCtrl                      
2000e21c  _SlSendCmdCtrl                        
2000e22c  _SlSetSockOptCmdCtrl                  
2000e186  _SlSmartConfigStartCmdCtrl            
2000e214  _SlSockCloseCmdCtrl                   
2000e210  _SlSockSocketCmdCtrl                  
2000e2f8  _SlStopCmdCtrl                        
2000e192  _SlWlanCfgGetCmdCtrl                  
2000e18e  _SlWlanCfgSetCmdCtrl                  
2000e176  _SlWlanGetNetworkListCtrl             
2000e18a  _SlWlanSetModeCmdCtrl                 
200180d0  _Snan                                 
2001819c  _Tls_setup__Fenv                      
200180f0  _Xbig                                 
200180f8  _Zero                                 
20030000  __STACK_END                           
00000800  __STACK_SIZE                          
00000800  __SYSMEM_SIZE                         
2000e3b0  __TI_CINIT_Base                       
2000e3c0  __TI_CINIT_Limit                      
2000e398  __TI_Handler_Table_Base               
2000e3a4  __TI_Handler_Table_Limit              
2000c3d1  __TI_auto_init                        
20018190  __TI_cleanup_ptr                      
2000db93  __TI_decompress_none                  
2000dbf1  __TI_decompress_rle24                 
20018194  __TI_dtors_ptr                        
200065c1  __TI_printfi                          
2000e348  __TI_static_base__                    
2000dbc9  __TI_zero_init                        
2000bd11  __aeabi_cdcmpeq                       
2000bd11  __aeabi_cdcmple                       
2000bd97  __aeabi_cdrcmple                      
2000cf95  __aeabi_d2iz                          
200097d7  __aeabi_dadd                          
20009f51  __aeabi_ddiv                          
2000ab27  __aeabi_dmul                          
200097cd  __aeabi_dsub                          
2000d5d5  __aeabi_i2d                           
2000c09d  __aeabi_memclr                        
2000c09d  __aeabi_memclr4                       
2000c09d  __aeabi_memclr8                       
2000b76d  __aeabi_memcpy                        
2000b76d  __aeabi_memcpy4                       
2000b76d  __aeabi_memcpy8                       
2000c09f  __aeabi_memset                        
2000c09f  __aeabi_memset4                       
2000c09f  __aeabi_memset8                       
2000923d  __aeabi_uldivmod                      
ffffffff  __binit__                             
ffffffff  __c_args__                            
2002f800  __stack                               
2000da99  _args_main                            
2000cc55  _c_int00                              
2000dbfc  _ctypes_                              
20018188  _lock                                 
2000db57  _nop                                  
2000db4f  _register_lock                        
2000db49  _register_unlock                      
2000cdd5  _sl_BuildAddress                      
2000da81  _sl_GetStartResponseConvert           
2000c779  _sl_HandleAsync_Accept                
2000c119  _sl_HandleAsync_Connect               
2000bae9  _sl_HandleAsync_DnsGetHostByName      
2000afb1  _sl_HandleAsync_DnsGetHostByService   
2000c021  _sl_HandleAsync_InitComplete          
2000bb75  _sl_HandleAsync_PingResponse          
2000cb09  _sl_HandleAsync_Select                
2000cc05  _sl_HandleAsync_Stop                  
2000c4a9  _sl_NetAppSendTokenValue              
2000d225  _sl_TruncatePayloadByProtocol         
20017000  _sys_memory                           
2000dbf7  _system_pre_init                      
2001818c  _unlock                               
2000d069  abort                                 
2000ce21  atoi                                  
ffffffff  binit                                 
2000690f  bufferedRecv                          
20018160  bytesReceived                         
20008811  calloc                                
2000ce6d  copy_in                               
2000d071  exit                                  
2000d421  feraiseexcept                         
2000855f  free                                  
2000d689  frexp                                 
20018184  gFirstCmdMode                         
2000e1e4  g_H2NCnysPattern                      
2000e1dc  g_H2NSyncPattern                      
20018170  g_SpiFd                               
20017db8  g_StatMem                             
20017f70  g__SlNonOsCB                          
20017800  g_buff                                
20017fcd  g_cDummy                              
2001817c  g_pCB                                 
20018174  g_pHostIntHdl                         
20004000  g_pfnVectors                          
20017fbc  g_ucConnectionBSSID                   
20017f98  g_ucConnectionSSID                    
20018178  g_ucDMAEnabled                        
20017f20  g_ucDinDout                           
20017fc8  g_ulDestinationIP                     
2001815c  g_ulGatewayIP                         
20018158  g_ulStatus                            
20007e5f  jsmn_init                             
20007b4d  jsmn_parse                            
2000cbb1  ldexp                                 
2000ca5d  ltoa                                  
2000568d  main                                  
200181a4  main_func_sp                          
200084f7  malloc                                
2000872d  memalign                              
2000d8d1  memccpy                               
2000b76d  memcpy                                
2000d795  memmove                               
2000c0a5  memset                                
20008469  minit                                 
20018180  pPingCallBackFunc                     
2000d603  raise                                 
20008621  realloc                               
2000d12d  signal                                
2000d545  sl_Close                              
2000a615  sl_Connect                            
2000b809  sl_DevGet                             
2000d0a9  sl_Htonl                              
2000d261  sl_Htons                              
2000a825  sl_NetAppDnsGetHostByName             
2000b42d  sl_NetAppMDNSRegisterUnregisterService
2000d383  sl_NetAppMDNSUnRegisterService        
2000c511  sl_NetCfgSet                          
2000c281  sl_Recv                               
2000a71d  sl_Send                               
2000c579  sl_SetSockOpt                         
2000c951  sl_Socket                             
2000b2b9  sl_Start                              
2000aedd  sl_Stop                               
20008ff9  sl_WlanConnect                        
2000dbd5  sl_WlanDisconnect                     
2000c839  sl_WlanPolicySet                      
2000d575  sl_WlanProfileDel                     
2000cb5d  sl_WlanRxFilterSet                    
2000c5e1  sl_WlanSet                            
2000d5a5  sl_WlanSetMode                        
2000c191  spi_Close                             
20009e0d  spi_Open                              
2000ac25  spi_Read                              
2000b8a5  spi_Write                             
2000c7d9  sprintf                               
2000db0b  strchr                                
2000dab1  strcmp                                
2000db5d  strcpy                                
2000db71  strlen                                
2000d6dd  strncmp                               
2000a2e9  strtoul                               
2000ceb9  uDMAChannelAssign                     
2000c6b1  uDMAChannelAttributeDisable           
2000c715  uDMAChannelAttributeEnable            
2000d29d  uDMAChannelControlSet                 
2000d8ed  uDMAChannelEnable                     
2000ad15  uDMAChannelTransferSet                
2000bc89  vsnprintf                             


GLOBAL SYMBOLS: SORTED BY Symbol Address 

address   name                                  
-------   ----                                  
00000800  __STACK_SIZE                          
00000800  __SYSMEM_SIZE                         
20004000  g_pfnVectors                          
20004401  SimpleLinkWlanEventHandler            
20004509  SimpleLinkNetAppEventHandler          
200045a1  SimpleLinkHttpServerCallback          
200045c9  SimpleLinkGeneralEventHandler         
200045df  SimpleLinkSockEventHandler            
20004d8f  ParseJSONData                         
2000568d  main                                  
200065c1  __TI_printfi                          
2000690f  bufferedRecv                          
200070e5  HTTPCli_initSockAddr                  
200071f3  HTTPCli_connect                       
20007315  HTTPCli_construct                     
2000735d  HTTPCli_create                        
20007375  HTTPCli_delete                        
200073ab  HTTPCli_destruct                      
200073f3  HTTPCli_disconnect                    
20007429  HTTPCli_setRequestFields              
2000744f  HTTPCli_setResponseFields             
20007475  HTTPCli_setSecureParams               
20007495  HTTPCli_sendRequest                   
20007563  HTTPCli_sendField                     
200075bb  HTTPCli_sendRequestBody               
200075f3  HTTPCli_getResponseStatus             
20007629  HTTPCli_getResponseField              
200077ad  HTTPCli_readResponseBody              
20007839  HTTPCli_readRawResponseBody           
20007879  HTTPCli_setProxy                      
20007b4d  jsmn_parse                            
20007e5f  jsmn_init                             
20007e7d  _SlDrvMsgRead                         
20008469  minit                                 
200084f7  malloc                                
2000855f  free                                  
20008621  realloc                               
2000872d  memalign                              
20008811  calloc                                
2000885d  Ssock_construct                       
2000889d  Ssock_create                          
200088b7  Ssock_delete                          
200088df  Ssock_destruct                        
20008931  Ssock_getSocket                       
2000893f  Ssock_recv                            
20008999  Ssock_recvall                         
200089dd  Ssock_send                            
20008af7  Ssock_startSecure                     
20008b31  InitTerm                              
20008b4f  Message                               
20008b71  ClearTerm                             
20008b7b  Error                                 
20008bb3  GetCmd                                
20008c59  TrimSpace                             
20008cf1  Report                                
20008db1  _SlDrvRxHdrRead                       
20008ff9  sl_WlanConnect                        
2000923d  __aeabi_uldivmod                      
20009431  _SlDrvReleasePoolObj                  
20009601  _SlDrvMsgWrite                        
200097cd  __aeabi_dsub                          
200097d7  __aeabi_dadd                          
20009985  _SlDrvWaitForPoolObj                  
20009b15  _SlDrvDriverCBInit                    
20009c9d  _SlFindAndSetActiveObj                
20009e0d  spi_Open                              
20009f51  __aeabi_ddiv                          
2000a089  PRCMCC3200MCUInit                     
2000a1bd  _SlDrvDataReadOp                      
2000a2e9  strtoul                               
2000a3fd  _Dscale                               
2000a50d  _SlDrvDataWriteOp                     
2000a615  sl_Connect                            
2000a71d  sl_Send                               
2000a825  sl_NetAppDnsGetHostByName             
2000a929  _SlDrvDriverCBDeinit                  
2000aa29  _SlDrvNetAppEventHandler              
2000ab27  __aeabi_dmul                          
2000ac25  spi_Read                              
2000ad15  uDMAChannelTransferSet                
2000ae05  _SlDrvClassifyRxMsg                   
2000aedd  sl_Stop                               
2000afb1  _sl_HandleAsync_DnsGetHostByService   
2000b079  _SlDrvMsgReadCmdCtx                   
2000b139  _SlRemoveFromList                     
2000b1f9  _Dnorm                                
2000b2b9  sl_Start                              
2000b375  _SlAsyncEventGenericHandler           
2000b42d  sl_NetAppMDNSRegisterUnregisterService
2000b4e1  IntDisable                            
2000b589  IntEnable                             
2000b631  SPIConfigSetExpClk                    
2000b6d1  _SlDrvMsgReadSpawnCtx                 
2000b76d  __aeabi_memcpy                        
2000b76d  __aeabi_memcpy4                       
2000b76d  __aeabi_memcpy8                       
2000b76d  memcpy                                
2000b809  sl_DevGet                             
2000b8a5  spi_Write                             
2000b93d  PRCMPeripheralClockGet                
2000bae9  _sl_HandleAsync_DnsGetHostByName      
2000bb75  _sl_HandleAsync_PingResponse          
2000bc01  PinConfigSet                          
2000bc89  vsnprintf                             
2000bd11  __aeabi_cdcmpeq                       
2000bd11  __aeabi_cdcmple                       
2000bd97  __aeabi_cdrcmple                      
2000be1d  NwpPowerOnPreamble                    
2000bea1  _SlDrvCmdOp                           
2000c021  _sl_HandleAsync_InitComplete          
2000c09d  __aeabi_memclr                        
2000c09d  __aeabi_memclr4                       
2000c09d  __aeabi_memclr8                       
2000c09f  __aeabi_memset                        
2000c09f  __aeabi_memset4                       
2000c09f  __aeabi_memset8                       
2000c0a5  memset                                
2000c119  _sl_HandleAsync_Connect               
2000c191  spi_Close                             
2000c209  UARTConfigSetExpClk                   
2000c281  sl_Recv                               
2000c2f5  _SlNonOsMainLoopTask                  
2000c365  _SlDrvCmdSend                         
2000c3d1  __TI_auto_init                        
2000c4a9  _sl_NetAppSendTokenValue              
2000c511  sl_NetCfgSet                          
2000c579  sl_SetSockOpt                         
2000c5e1  sl_WlanSet                            
2000c649  _Dunscale                             
2000c6b1  uDMAChannelAttributeDisable           
2000c715  uDMAChannelAttributeEnable            
2000c779  _sl_HandleAsync_Accept                
2000c7d9  sprintf                               
2000c839  sl_WlanPolicySet                      
2000c899  _SlNonOsSemGet                        
2000c8f5  _SlNonOsSpawn                         
2000c951  sl_Socket                             
2000c9ad  IntPendClear                          
2000ca05  PRCMPeripheralReset                   
2000ca5d  ltoa                                  
2000cab5  IntPrioritySet                        
2000cb09  _sl_HandleAsync_Select                
2000cb5d  sl_WlanRxFilterSet                    
2000cbb1  ldexp                                 
2000cc05  _sl_HandleAsync_Stop                  
2000cc55  _c_int00                              
2000cca5  SPIIntEnable                          
2000cd3d  _SlDrvProtectAsyncRespSetting         
2000cd89  _SlDrvRxIrqHandler                    
2000cdd5  _sl_BuildAddress                      
2000ce21  atoi                                  
2000ce6d  copy_in                               
2000ceb9  uDMAChannelAssign                     
2000cf05  SPIIntClear                           
2000cf4d  _SlDrvBasicCmd                        
2000cf95  __aeabi_d2iz                          
2000d065  C$$EXIT                               
2000d069  abort                                 
2000d071  exit                                  
2000d0a9  sl_Htonl                              
2000d0ed  PinModeSet                            
2000d12d  signal                                
2000d16d  NwpRegisterInterruptHandler           
2000d1ab  CopyPingResultsToReport               
2000d1e9  PRCMPeripheralClkEnable               
2000d225  _sl_TruncatePayloadByProtocol         
2000d261  sl_Htons                              
2000d29d  uDMAChannelControlSet                 
2000d2d9  PinMuxConfig                          
2000d315  NwpPowerOff                           
2000d34d  GPIODirModeSet                        
2000d383  sl_NetAppMDNSUnRegisterService        
2000d3b9  PRCMPeripheralStatusGet               
2000d3ed  SPIFIFOLevelSet                       
2000d421  feraiseexcept                         
2000d455  PinTypeGPIO                           
2000d485  UARTDisable                           
2000d4b5  _SlDrvDeviceEventHandler              
2000d4e5  _Dclass                               
2000d515  _Feraise                              
2000d545  sl_Close                              
2000d575  sl_WlanProfileDel                     
2000d5a5  sl_WlanSetMode                        
2000d5d5  __aeabi_i2d                           
2000d603  raise                                 
2000d631  NwpPowerOn                            
2000d65d  PRCMSysResetCauseGet                  
2000d689  frexp                                 
2000d6b5  PRCMPeripheralClkDisable              
2000d6dd  strncmp                               
2000d705  DmaSpiSwIntHandler                    
2000d729  IntUnregister                         
2000d74d  UARTEnable                            
2000d771  _SlDrvProtectionObjLockWaitForever    
2000d795  memmove                               
2000d7b9  SPIReset                              
2000d7db  SPIWordCountSet                       
2000d7fd  IntRegister                           
2000d81d  _SlDrvProtectionObjUnLock             
2000d83d  UARTCharPut                           
2000d85b  _SlDrvObjLockWaitForever              
2000d879  _SlDrvSyncObjWaitForever              
2000d8b5  UARTCharGetNonBlocking                
2000d8d1  memccpy                               
2000d8ed  uDMAChannelEnable                     
2000d909  PinTypeUART                           
2000d923  SPIDmaDisable                         
2000d93d  SPIDmaEnable                          
2000d957  SPIFIFODisable                        
2000d971  SPIFIFOEnable                         
2000d98b  SPIIntUnregister                      
2000d9a5  _SlDrvObjUnLock                       
2000d9bf  _SlDrvSyncObjSignal                   
2000d9d9  GPIOPinRead                           
2000d9f1  SPICSDisable                          
2000da09  SPICSEnable                           
2000da21  SPIDisable                            
2000da39  SPIEnable                             
2000da51  UARTCharsAvail                        
2000da69  _SlNonOsSemSet                        
2000da81  _sl_GetStartResponseConvert           
2000da99  _args_main                            
2000dab1  strcmp                                
2000dac9  PRCMHIBRegRead                        
2000dadf  PRCMHIBRegWrite                       
2000daf5  _SlDrvMemZero                         
2000db0b  strchr                                
2000db21  CPUcpsie                              
2000db35  IntVTableBaseSet                      
2000db49  _register_unlock                      
2000db4f  _register_lock                        
2000db57  _nop                                  
2000db5d  strcpy                                
2000db71  strlen                                
2000db85  _SlDrvResetCmdExt                     
2000db93  __TI_decompress_none                  
2000dba1  ResetISR                              
2000dbb1  NwpMaskInterrupt                      
2000dbbd  NwpUnMaskInterrupt                    
2000dbc9  __TI_zero_init                        
2000dbd5  sl_WlanDisconnect                     
2000dbe1  IntMasterEnable                       
2000dbeb  UtilsDelay                            
2000dbf1  __TI_decompress_rle24                 
2000dbf7  _system_pre_init                      
2000dbfc  _ctypes_                              
2000e12a  OpcodeTranslateTable                  
2000e166  _SlPolicySetCmdCtrl                   
2000e16a  _SlPolicyGetCmdCtrl                   
2000e16e  _SlProfileGetCmdCtrl                  
2000e172  _SlProfileDelCmdCtrl                  
2000e176  _SlWlanGetNetworkListCtrl             
2000e17a  _SlRxFilterAddtCmdCtrl                
2000e17e  _SlRxFilterSetCmdCtrl                 
2000e182  _SlRxFilterGetCmdCtrl                 
2000e186  _SlSmartConfigStartCmdCtrl            
2000e18a  _SlWlanSetModeCmdCtrl                 
2000e18e  _SlWlanCfgSetCmdCtrl                  
2000e192  _SlWlanCfgGetCmdCtrl                  
2000e1a4  _SlActionLookupTable                  
2000e1dc  g_H2NSyncPattern                      
2000e1e4  g_H2NCnysPattern                      
2000e1ec  RxMsgClassLUT                         
2000e210  _SlSockSocketCmdCtrl                  
2000e214  _SlSockCloseCmdCtrl                   
2000e218  _SlRecvfomCmdCtrl                     
2000e21c  _SlSendCmdCtrl                        
2000e220  _SlListenCmdCtrl                      
2000e224  _SlAcceptCmdCtrl                      
2000e228  _SlRecvCmdCtrl                        
2000e22c  _SlSetSockOptCmdCtrl                  
2000e230  _SlGetSockOptCmdCtrl                  
2000e234  _SlSelectCmdCtrl                      
2000e270  _SlNetAppStartCtrl                    
2000e274  _SlNetAppStopCtrl                     
2000e278  _SlGetServiceListeCtrl                
2000e27c  _SlRegisterServiceCtrl                
2000e280  _SlGetHostByServiceCtrl               
2000e284  _SlGetHostByNameCtrl                  
2000e288  _SlNetAppSetCmdCtrl                   
2000e28c  _SlNetAppSendTokenValueCmdCtrl        
2000e290  _SlNetAppGetCmdCtrl                   
2000e2f8  _SlStopCmdCtrl                        
2000e2fc  _SlEventMaskSetCmdCtrl                
2000e300  _SlEventMaskGetCmdCtrl                
2000e304  _SlDeviceGetCmdCtrl                   
2000e308  _SlDeviceSetCmdCtrl                   
2000e30c  _SlPayloadByProtocolLUT               
2000e32c  StartResponseLUT                      
2000e33c  _SlNetCfgSetCmdCtrl                   
2000e340  _SlNetCfgGetCmdCtrl                   
2000e348  __TI_static_base__                    
2000e398  __TI_Handler_Table_Base               
2000e3a4  __TI_Handler_Table_Limit              
2000e3b0  __TI_CINIT_Base                       
2000e3c0  __TI_CINIT_Limit                      
20017000  _sys_memory                           
20017800  g_buff                                
20017db8  g_StatMem                             
20017f20  g_ucDinDout                           
20017f70  g__SlNonOsCB                          
20017f98  g_ucConnectionSSID                    
20017fbc  g_ucConnectionBSSID                   
20017fc8  g_ulDestinationIP                     
20017fcc  RxIrqCnt                              
20017fcd  g_cDummy                              
20018080  _Denorm                               
20018090  _Eps                                  
200180a0  _Hugeval                              
200180b0  _Inf                                  
200180c0  _Nan                                  
200180d0  _Snan                                 
200180e0  _Rteps                                
200180f0  _Xbig                                 
200180f8  _Zero                                 
20018158  g_ulStatus                            
2001815c  g_ulGatewayIP                         
20018160  bytesReceived                         
20018170  g_SpiFd                               
20018174  g_pHostIntHdl                         
20018178  g_ucDMAEnabled                        
2001817c  g_pCB                                 
20018180  pPingCallBackFunc                     
20018184  gFirstCmdMode                         
20018188  _lock                                 
2001818c  _unlock                               
20018190  __TI_cleanup_ptr                      
20018194  __TI_dtors_ptr                        
20018198  _Fenv                                 
2001819c  _Tls_setup__Fenv                      
200181a0  _Errno                                
200181a4  main_func_sp                          
2002f800  __stack                               
20030000  __STACK_END                           
ffffffff  __binit__                             
ffffffff  __c_args__                            
ffffffff  binit                                 
UNDEFED   SHT$$INIT_ARRAY$$Base                 
UNDEFED   SHT$$INIT_ARRAY$$Limit                

[339 symbols]
