******************************************************************************
                  TI ARM Linker PC v5.2.5                      
******************************************************************************
>> Linked Mon Apr 25 20:49:02 2016

OUTPUT FILE NAME:   <http_client_demo.out>
ENTRY POINT SYMBOL: "_c_int00"  address: 2000cce9


MEMORY CONFIGURATION

         name            origin    length      used     unused   attr    fill
----------------------  --------  ---------  --------  --------  ----  --------
  SRAM_CODE             20004000   00013000  0000a432  00008bce  RW X
  SRAM_DATA             20017000   00019000  000019a6  0001765a  RW X


SEGMENT ALLOCATION MAP

run origin  load origin   length   init length attrs members
----------  ----------- ---------- ----------- ----- -------
20004000    20004000    0000a438   0000a438    r-x
  20004000    20004000    00000400   00000400    r-- .intvecs
  20004400    20004400    00009872   00009872    r-x .text
  2000dc74    2000dc74    00000748   00000748    r-- .const
  2000e3c0    2000e3c0    00000078   00000078    r-- .cinit
20017000    20017000    000011a8   00000000    rw-
  20017000    20017000    00000800   00000000    rw- .sysmem
  20017800    20017800    000007ce   00000000    rw- .bss
  20017fd0    20017fd0    000001d8   00000000    rw- .data
2002f800    2002f800    00000800   00000000    rw-
  2002f800    2002f800    00000800   00000000    rw- .stack


SECTION ALLOCATION MAP

 output                                  attributes/
section   page    origin      length       input sections
--------  ----  ----------  ----------   ----------------
.intvecs   0    20004000    00000400     
                  20004000    00000400     startup_ccs.obj (.intvecs)

.init_array 
*          0    20004000    00000000     UNINITIALIZED

.text      0    20004400    00009872     
                  20004400    00001444     main.obj (.text)
                  20005844    000010ba     rtsv7M4_T_le_v4SPD16_eabi.lib : _printfi.obj (.text)
                  200068fe    00000002     driverlib.a : interrupt.obj (.text:IntDefaultHandler)
                  20006900    00000fc4     webclient.a : httpcli.obj (.text)
                  200078c4    000005f0     json.a : jsmn.obj (.text)
                  20007eb4    000005ec     simplelink.a : driver.obj (.text:_SlDrvMsgRead)
                  200084a0    000003dc     rtsv7M4_T_le_v4SPD16_eabi.lib : memory.obj (.text)
                  2000887c    000002ea     webclient.a : ssock.obj (.text)
                  20008b66    00000002     --HOLE-- [fill = 0]
                  20008b68    00000280     uart_if.obj (.text)
                  20008de8    00000248     simplelink.a : driver.obj (.text:_SlDrvRxHdrRead)
                  20009030    00000244                  : wlan.obj (.text:sl_WlanConnect)
                  20009274    000001f4     rtsv7M4_T_le_v4SPD16_eabi.lib : ull_div_t2.obj (.text)
                  20009468    000001d0     simplelink.a : driver.obj (.text:_SlDrvReleasePoolObj)
                  20009638    000001cc                  : driver.obj (.text:_SlDrvMsgWrite)
                  20009804    000001b6     rtsv7M4_T_le_v4SPD16_eabi.lib : fd_add_t2.obj (.text)
                  200099ba    00000002     --HOLE-- [fill = 0]
                  200099bc    00000190     simplelink.a : driver.obj (.text:_SlDrvWaitForPoolObj)
                  20009b4c    00000188                  : driver.obj (.text:_SlDrvDriverCBInit)
                  20009cd4    00000170                  : driver.obj (.text:_SlFindAndSetActiveObj)
                  20009e44    00000144                  : cc_pal.obj (.text:spi_Open)
                  20009f88    00000136     rtsv7M4_T_le_v4SPD16_eabi.lib : fd_div_t2.obj (.text)
                  2000a0be    00000002     --HOLE-- [fill = 0]
                  2000a0c0    00000134     driverlib.a : prcm.obj (.text:PRCMCC3200MCUInit)
                  2000a1f4    0000012c     simplelink.a : driver.obj (.text:_SlDrvDataReadOp)
                  2000a320    00000114     rtsv7M4_T_le_v4SPD16_eabi.lib : strtoul.obj (.text)
                  2000a434    00000110                                   : xdscale.obj (.text)
                  2000a544    00000108     simplelink.a : driver.obj (.text:_SlDrvDataWriteOp)
                  2000a64c    00000108                  : socket.obj (.text:sl_Connect)
                  2000a754    00000108                  : socket.obj (.text:sl_Send)
                  2000a85c    00000104                  : netapp.obj (.text:sl_NetAppDnsGetHostByName)
                  2000a960    00000100                  : driver.obj (.text:_SlDrvDriverCBDeinit)
                  2000aa60    000000fe                  : netapp.obj (.text:_SlDrvNetAppEventHandler)
                  2000ab5e    000000fc     rtsv7M4_T_le_v4SPD16_eabi.lib : fd_mul_t2.obj (.text)
                  2000ac5a    00000002     --HOLE-- [fill = 0]
                  2000ac5c    000000f0     simplelink.a : cc_pal.obj (.text:spi_Read)
                  2000ad4c    000000f0     driverlib.a : udma.obj (.text:uDMAChannelTransferSet)
                  2000ae3c    000000d8     simplelink.a : driver.obj (.text:_SlDrvClassifyRxMsg)
                  2000af14    000000d4                  : device.obj (.text:sl_Stop)
                  2000afe8    000000c8                  : netapp.obj (.text:_sl_HandleAsync_DnsGetHostByService)
                  2000b0b0    000000c0                  : driver.obj (.text:_SlDrvMsgReadCmdCtx)
                  2000b170    000000c0                  : driver.obj (.text:_SlRemoveFromList)
                  2000b230    000000be     rtsv7M4_T_le_v4SPD16_eabi.lib : xdnorm.obj (.text)
                  2000b2ee    00000002     --HOLE-- [fill = 0]
                  2000b2f0    000000bc     simplelink.a : device.obj (.text:sl_Start)
                  2000b3ac    000000b8                  : driver.obj (.text:_SlAsyncEventGenericHandler)
                  2000b464    000000b4                  : netapp.obj (.text:sl_NetAppMDNSRegisterUnregisterService)
                  2000b518    000000a8     driverlib.a : interrupt.obj (.text:IntDisable)
                  2000b5c0    000000a8                 : interrupt.obj (.text:IntEnable)
                  2000b668    000000a0                 : spi.obj (.text:SPIConfigSetExpClk)
                  2000b708    0000009c     simplelink.a : driver.obj (.text:_SlDrvMsgReadSpawnCtx)
                  2000b7a4    0000009c     rtsv7M4_T_le_v4SPD16_eabi.lib : memcpy_t2.obj (.text)
                  2000b840    0000009c     simplelink.a : device.obj (.text:sl_DevGet)
                  2000b8dc    00000098                  : cc_pal.obj (.text:spi_Write)
                  2000b974    00000094     driverlib.a : prcm.obj (.text:PRCMPeripheralClockGet)
                  2000ba08    0000008c     simplelink.a : cc_pal.obj (.text:SetupDMAReceive)
                  2000ba94    0000008c                  : cc_pal.obj (.text:SetupDMASend)
                  2000bb20    0000008c                  : netapp.obj (.text:_sl_HandleAsync_DnsGetHostByName)
                  2000bbac    0000008c                  : netapp.obj (.text:_sl_HandleAsync_PingResponse)
                  2000bc38    00000088     driverlib.a : pin.obj (.text:PinConfigSet)
                  2000bcc0    00000088     rtsv7M4_T_le_v4SPD16_eabi.lib : vsnprintf.obj (.text)
                  2000bd48    00000086                                   : fd_cmp_t2.obj (.text:__aeabi_cdcmple)
                  2000bdce    00000086                                   : fd_cmp_t2.obj (.text:__aeabi_cdrcmple)
                  2000be54    00000084     simplelink.a : cc_pal.obj (.text:NwpPowerOnPreamble)
                  2000bed8    00000080                  : driver.obj (.text:_SlDrvCmdOp)
                  2000bf58    00000080                  : cc_pal.obj (.text:spi_Read_CPU)
                  2000bfd8    00000080                  : cc_pal.obj (.text:spi_Write_CPU)
                  2000c058    0000007c                  : device.obj (.text:_sl_HandleAsync_InitComplete)
                  2000c0d4    0000007a     rtsv7M4_T_le_v4SPD16_eabi.lib : memset_t2.obj (.text)
                  2000c14e    00000002     --HOLE-- [fill = 0]
                  2000c150    00000078     simplelink.a : socket.obj (.text:_sl_HandleAsync_Connect)
                  2000c1c8    00000078                  : cc_pal.obj (.text:spi_Close)
                  2000c240    00000076     driverlib.a : uart.obj (.text:UARTConfigSetExpClk)
                  2000c2b6    00000002     --HOLE-- [fill = 0]
                  2000c2b8    00000074     simplelink.a : socket.obj (.text:sl_Recv)
                  2000c32c    00000070                  : nonos.obj (.text:_SlNonOsMainLoopTask)
                  2000c39c    0000006c                  : driver.obj (.text:_SlDrvCmdSend)
                  2000c408    0000006c     rtsv7M4_T_le_v4SPD16_eabi.lib : autoinit.obj (.text)
                  2000c474    0000006a                                   : copy_decompress_rle.obj (.text)
                  2000c4de    00000002     --HOLE-- [fill = 0]
                  2000c4e0    00000068     simplelink.a : netapp.obj (.text:_sl_NetAppSendTokenValue)
                  2000c548    00000068                  : netcfg.obj (.text:sl_NetCfgSet)
                  2000c5b0    00000068                  : socket.obj (.text:sl_SetSockOpt)
                  2000c618    00000068                  : wlan.obj (.text:sl_WlanSet)
                  2000c680    00000066     rtsv7M4_T_le_v4SPD16_eabi.lib : xdunscal.obj (.text)
                  2000c6e6    00000002     --HOLE-- [fill = 0]
                  2000c6e8    00000064     driverlib.a : udma.obj (.text:uDMAChannelAttributeDisable)
                  2000c74c    00000064                 : udma.obj (.text:uDMAChannelAttributeEnable)
                  2000c7b0    00000060     simplelink.a : socket.obj (.text:_sl_HandleAsync_Accept)
                  2000c810    00000060     rtsv7M4_T_le_v4SPD16_eabi.lib : sprintf.obj (.text)
                  2000c870    00000060     simplelink.a : wlan.obj (.text:sl_WlanPolicySet)
                  2000c8d0    0000005c                  : nonos.obj (.text:_SlNonOsSemGet)
                  2000c92c    0000005c                  : nonos.obj (.text:_SlNonOsSpawn)
                  2000c988    0000005c     pinmux.obj (.text)
                  2000c9e4    0000005c     simplelink.a : socket.obj (.text:sl_Socket)
                  2000ca40    00000058     driverlib.a : interrupt.obj (.text:IntPendClear)
                  2000ca98    00000058                 : prcm.obj (.text:PRCMPeripheralReset)
                  2000caf0    00000056     rtsv7M4_T_le_v4SPD16_eabi.lib : ltoa.obj (.text)
                  2000cb46    00000002     --HOLE-- [fill = 0]
                  2000cb48    00000054     driverlib.a : interrupt.obj (.text:IntPrioritySet)
                  2000cb9c    00000054     simplelink.a : socket.obj (.text:_sl_HandleAsync_Select)
                  2000cbf0    00000054                  : wlan.obj (.text:sl_WlanRxFilterSet)
                  2000cc44    00000052     rtsv7M4_T_le_v4SPD16_eabi.lib : ldexp.obj (.text)
                  2000cc96    00000002     --HOLE-- [fill = 0]
                  2000cc98    00000050     simplelink.a : device.obj (.text:_sl_HandleAsync_Stop)
                  2000cce8    00000050     rtsv7M4_T_le_v4SPD16_eabi.lib : boot.obj (.text)
                  2000cd38    0000004c     driverlib.a : spi.obj (.text:SPIIntEnable)
                  2000cd84    0000004c                 : spi.obj (.text:SPIIntNumberGet)
                  2000cdd0    0000004c     simplelink.a : driver.obj (.text:_SlDrvProtectAsyncRespSetting)
                  2000ce1c    0000004c                  : driver.obj (.text:_SlDrvRxIrqHandler)
                  2000ce68    0000004c                  : socket.obj (.text:_sl_BuildAddress)
                  2000ceb4    0000004c     rtsv7M4_T_le_v4SPD16_eabi.lib : atoi.obj (.text)
                  2000cf00    0000004c                                   : cpy_tbl.obj (.text)
                  2000cf4c    0000004c     driverlib.a : udma.obj (.text:uDMAChannelAssign)
                  2000cf98    00000048                 : spi.obj (.text:SPIIntClear)
                  2000cfe0    00000048     simplelink.a : driver.obj (.text:_SlDrvBasicCmd)
                  2000d028    00000048     rtsv7M4_T_le_v4SPD16_eabi.lib : fd_toi_t2.obj (.text)
                  2000d070    00000044     driverlib.a : spi.obj (.text:SPIDmaMaskGet)
                  2000d0b4    00000044     simplelink.a : cc_pal.obj (.text:cc_SetupTransfer)
                  2000d0f8    00000044     rtsv7M4_T_le_v4SPD16_eabi.lib : exit.obj (.text)
                  2000d13c    00000042     simplelink.a : socket.obj (.text:sl_Htonl)
                  2000d17e    00000002     --HOLE-- [fill = 0]
                  2000d180    00000040     driverlib.a : pin.obj (.text:PinModeSet)
                  2000d1c0    00000040     rtsv7M4_T_le_v4SPD16_eabi.lib : signal.obj (.text)
                  2000d200    0000003e     simplelink.a : cc_pal.obj (.text:NwpRegisterInterruptHandler)
                  2000d23e    0000003c                  : netapp.obj (.text:CopyPingResultsToReport)
                  2000d27a    00000002     --HOLE-- [fill = 0]
                  2000d27c    0000003c     driverlib.a : prcm.obj (.text:PRCMPeripheralClkEnable)
                  2000d2b8    0000003c     simplelink.a : socket.obj (.text:_sl_TruncatePayloadByProtocol)
                  2000d2f4    0000003c                  : socket.obj (.text:sl_Htons)
                  2000d330    0000003c     driverlib.a : udma.obj (.text:uDMAChannelControlSet)
                  2000d36c    00000038     simplelink.a : cc_pal.obj (.text:NwpPowerOff)
                  2000d3a4    00000036     driverlib.a : gpio.obj (.text:GPIODirModeSet)
                  2000d3da    00000036     simplelink.a : netapp.obj (.text:sl_NetAppMDNSUnRegisterService)
                  2000d410    00000034     driverlib.a : prcm.obj (.text:PRCMPeripheralStatusGet)
                  2000d444    00000034                 : spi.obj (.text:SPIFIFOLevelSet)
                  2000d478    00000034     rtsv7M4_T_le_v4SPD16_eabi.lib : feraiseexcept.obj (.text)
                  2000d4ac    00000030     driverlib.a : pin.obj (.text:PinTypeGPIO)
                  2000d4dc    00000030                 : uart.obj (.text:UARTDisable)
                  2000d50c    00000030     simplelink.a : device.obj (.text:_SlDrvDeviceEventHandler)
                  2000d53c    00000030     rtsv7M4_T_le_v4SPD16_eabi.lib : xdclass.obj (.text)
                  2000d56c    00000030                                   : xferaise.obj (.text)
                  2000d59c    00000030     simplelink.a : socket.obj (.text:sl_Close)
                  2000d5cc    00000030                  : wlan.obj (.text:sl_WlanProfileDel)
                  2000d5fc    00000030                  : wlan.obj (.text:sl_WlanSetMode)
                  2000d62c    0000002e     rtsv7M4_T_le_v4SPD16_eabi.lib : i_tofd_t2.obj (.text)
                  2000d65a    0000002e                                   : raise.obj (.text)
                  2000d688    0000002c     simplelink.a : cc_pal.obj (.text:NwpPowerOn)
                  2000d6b4    0000002c     driverlib.a : prcm.obj (.text:PRCMSysResetCauseGet)
                  2000d6e0    0000002a     rtsv7M4_T_le_v4SPD16_eabi.lib : frexp.obj (.text)
                  2000d70a    00000002     --HOLE-- [fill = 0]
                  2000d70c    00000028     driverlib.a : prcm.obj (.text:PRCMPeripheralClkDisable)
                  2000d734    00000026     rtsv7M4_T_le_v4SPD16_eabi.lib : strncmp.obj (.text)
                  2000d75a    00000002     --HOLE-- [fill = 0]
                  2000d75c    00000024     simplelink.a : cc_pal.obj (.text:DmaSpiSwIntHandler)
                  2000d780    00000024     driverlib.a : interrupt.obj (.text:IntUnregister)
                  2000d7a4    00000024                 : uart.obj (.text:UARTEnable)
                  2000d7c8    00000024     simplelink.a : driver.obj (.text:_SlDrvProtectionObjLockWaitForever)
                  2000d7ec    00000024     rtsv7M4_T_le_v4SPD16_eabi.lib : memmov.obj (.text)
                  2000d810    00000022     driverlib.a : spi.obj (.text:SPIReset)
                  2000d832    00000022                 : spi.obj (.text:SPIWordCountSet)
                  2000d854    00000020                 : gpio.obj (.text:GPIOPinWrite)
                  2000d874    00000020                 : interrupt.obj (.text:IntRegister)
                  2000d894    00000020     simplelink.a : driver.obj (.text:_SlDrvProtectionObjUnLock)
                  2000d8b4    0000001e     driverlib.a : uart.obj (.text:UARTCharPut)
                  2000d8d2    0000001e     simplelink.a : driver.obj (.text:_SlDrvObjLockWaitForever)
                  2000d8f0    0000001e                  : driver.obj (.text:_SlDrvSyncObjWaitForever)
                  2000d90e    0000001e                  : cc_pal.obj (.text:cc_UDMAChannelSelect)
                  2000d92c    0000001c     driverlib.a : uart.obj (.text:UARTCharGetNonBlocking)
                  2000d948    0000001c     rtsv7M4_T_le_v4SPD16_eabi.lib : memccpy.obj (.text)
                  2000d964    0000001c     driverlib.a : udma.obj (.text:uDMAChannelEnable)
                  2000d980    0000001a                 : pin.obj (.text:PinTypeUART)
                  2000d99a    0000001a                 : spi.obj (.text:SPIDmaDisable)
                  2000d9b4    0000001a                 : spi.obj (.text:SPIDmaEnable)
                  2000d9ce    0000001a                 : spi.obj (.text:SPIFIFODisable)
                  2000d9e8    0000001a                 : spi.obj (.text:SPIFIFOEnable)
                  2000da02    0000001a                 : spi.obj (.text:SPIIntUnregister)
                  2000da1c    0000001a     simplelink.a : driver.obj (.text:_SlDrvObjUnLock)
                  2000da36    0000001a                  : driver.obj (.text:_SlDrvSyncObjSignal)
                  2000da50    00000018     driverlib.a : gpio.obj (.text:GPIOPinRead)
                  2000da68    00000018                 : spi.obj (.text:SPICSDisable)
                  2000da80    00000018                 : spi.obj (.text:SPICSEnable)
                  2000da98    00000018                 : spi.obj (.text:SPIDisable)
                  2000dab0    00000018                 : spi.obj (.text:SPIEnable)
                  2000dac8    00000018                 : uart.obj (.text:UARTCharsAvail)
                  2000dae0    00000018     simplelink.a : nonos.obj (.text:_SlNonOsSemSet)
                  2000daf8    00000018                  : device.obj (.text:_sl_GetStartResponseConvert)
                  2000db10    00000018     rtsv7M4_T_le_v4SPD16_eabi.lib : args_main.obj (.text)
                  2000db28    00000018                                   : strcmp.obj (.text)
                  2000db40    00000016     driverlib.a : prcm.obj (.text:PRCMHIBRegRead)
                  2000db56    00000016                 : prcm.obj (.text:PRCMHIBRegWrite)
                  2000db6c    00000016     simplelink.a : driver.obj (.text:_SlDrvMemZero)
                  2000db82    00000016     rtsv7M4_T_le_v4SPD16_eabi.lib : strchr.obj (.text)
                  2000db98    00000014     driverlib.a : cpu.obj (.text:CPUcpsie)
                  2000dbac    00000014                 : interrupt.obj (.text:IntVTableBaseSet)
                  2000dbc0    00000014     rtsv7M4_T_le_v4SPD16_eabi.lib : _lock.obj (.text)
                  2000dbd4    00000014                                   : strcpy.obj (.text)
                  2000dbe8    00000014                                   : strlen.obj (.text)
                  2000dbfc    0000000e     simplelink.a : driver.obj (.text:_SlDrvResetCmdExt)
                  2000dc0a    0000000e     rtsv7M4_T_le_v4SPD16_eabi.lib : copy_decompress_none.obj (.text:decompress:none)
                  2000dc18    0000000e     startup_ccs.obj (.text)
                  2000dc26    00000002     --HOLE-- [fill = 0]
                  2000dc28    0000000c     simplelink.a : cc_pal.obj (.text:NwpMaskInterrupt)
                  2000dc34    0000000c                  : cc_pal.obj (.text:NwpUnMaskInterrupt)
                  2000dc40    0000000c     rtsv7M4_T_le_v4SPD16_eabi.lib : copy_zero_init.obj (.text:decompress:ZI)
                  2000dc4c    0000000c     simplelink.a : wlan.obj (.text:sl_WlanDisconnect)
                  2000dc58    0000000a     driverlib.a : interrupt.obj (.text:IntMasterEnable)
                  2000dc62    00000006                 : utils.obj (.text:UtilsDelay)
                  2000dc68    00000006     rtsv7M4_T_le_v4SPD16_eabi.lib : copy_decompress_rle.obj (.text:decompress:rle24)
                  2000dc6e    00000004                                   : pre_init.obj (.text)

.const     0    2000dc74    00000748     
                  2000dc74    00000101     rtsv7M4_T_le_v4SPD16_eabi.lib : ctype.obj (.const:.string:_ctypes_)
                  2000dd75    00000003     --HOLE-- [fill = 0]
                  2000dd78    00000100     driverlib.a : pin.obj (.const:g_ulPinToPadMap)
                  2000de78    000000d4                 : interrupt.obj (.const:g_pulRegs)
                  2000df4c    000000b0     simplelink.a : wlan.obj (.const:$P$T0$1)
                  2000dffc    000000a8     driverlib.a : prcm.obj (.const:PRCM_PeriphRegsList)
                  2000e0a4    00000080                 : interrupt.obj (.const)
                  2000e124    00000040     main.obj (.const)
                  2000e164    0000003e     main.obj (.const:.string)
                  2000e1a2    0000003c     simplelink.a : driver.obj (.const:OpcodeTranslateTable)
                  2000e1de    0000003c                  : wlan.obj (.const)
                  2000e21a    00000002     --HOLE-- [fill = 0]
                  2000e21c    00000038                  : driver.obj (.const:_SlActionLookupTable)
                  2000e254    00000034                  : driver.obj (.const)
                  2000e288    00000034                  : socket.obj (.const)
                  2000e2bc    0000002c     main.obj (.const:$P$T1$2)
                  2000e2e8    00000028     simplelink.a : netapp.obj (.const)
                  2000e310    00000024     driverlib.a : spi.obj (.const:g_ppulSPIIntMap)
                  2000e334    00000022     main.obj (.const:.string:$P$T0$1)
                  2000e356    00000002     --HOLE-- [fill = 0]
                  2000e358    00000018     driverlib.a : spi.obj (.const)
                  2000e370    00000014     simplelink.a : device.obj (.const)
                  2000e384    00000010                  : socket.obj (.const:.string)
                  2000e394    00000010     webclient.a : httpcli.obj (.const)
                  2000e3a4    00000008     simplelink.a : device.obj (.const:.string)
                  2000e3ac    00000008     webclient.a : httpcli.obj (.const:.string)
                  2000e3b4    00000008     simplelink.a : netcfg.obj (.const)

.cinit     0    2000e3c0    00000078     
                  2000e3c0    0000004e     (.cinit..data.load) [load image, compression = rle]
                  2000e40e    00000002     --HOLE-- [fill = 0]
                  2000e410    0000000c     (__TI_handler_table)
                  2000e41c    00000004     --HOLE-- [fill = 0]
                  2000e420    00000008     (.cinit..bss.load) [load image, compression = zero_init]
                  2000e428    00000010     (__TI_cinit_table)

.sysmem    0    20017000    00000800     UNINITIALIZED
                  20017000    00000008     rtsv7M4_T_le_v4SPD16_eabi.lib : memory.obj (.sysmem)
                  20017008    000007f8     --HOLE--

.bss       0    20017800    000007ce     UNINITIALIZED
                  20017800    000005b8     main.obj (.bss:g_buff)
                  20017db8    00000168     simplelink.a : driver.obj (.bss:g_StatMem)
                  20017f20    00000050                  : cc_pal.obj (.bss:g_ucDinDout)
                  20017f70    00000028                  : nonos.obj (.bss:g__SlNonOsCB)
                  20017f98    00000024     main.obj (.bss:g_ucConnectionSSID)
                  20017fbc    00000008     (.common:g_ucConnectionBSSID)
                  20017fc4    00000004     (.common:__Errorlog)
                  20017fc8    00000004     (.common:g_ulDestinationIP)
                  20017fcc    00000001     (.common:RxIrqCnt)
                  20017fcd    00000001     (.common:g_cDummy)

.TI.noinit 
*          0    20017800    00000000     UNINITIALIZED

.data      0    20017fd0    000001d8     UNINITIALIZED
                  20017fd0    000000b0     rtsv7M4_T_le_v4SPD16_eabi.lib : signal.obj (.data:sigtable)
                  20018080    00000080                                   : xvalues.obj (.data)
                  20018100    00000048     webclient.a : httpcli.obj (.data:tlsParams)
                  20018148    00000010                 : httpcli.obj (.data)
                  20018158    0000000c     main.obj (.data)
                  20018164    0000000c     rtsv7M4_T_le_v4SPD16_eabi.lib : memory.obj (.data)
                  20018170    00000009     simplelink.a : cc_pal.obj (.data)
                  20018179    00000003     --HOLE--
                  2001817c    00000009                  : driver.obj (.data)
                  20018185    00000003     --HOLE--
                  20018188    00000008     rtsv7M4_T_le_v4SPD16_eabi.lib : _lock.obj (.data)
                  20018190    00000008                                   : exit.obj (.data)
                  20018198    00000008                                   : feraiseexcept.obj (.data)
                  200181a0    00000004                                   : errno.obj (.data)
                  200181a4    00000004                                   : stkdepth_vars.obj (.data)

.TI.persistent 
*          0    20017fd0    00000000     UNINITIALIZED

.stack     0    2002f800    00000800     UNINITIALIZED
                  2002f800    00000800     --HOLE--


LINKER GENERATED COPY TABLES

__TI_cinit_table @ 2000e428 records: 2, size/record: 8, table size: 16
	.data: load addr=2000e3c0, load size=0000004e bytes, run addr=20017fd0, run size=000001d8 bytes, compression=rle
	.bss: load addr=2000e420, load size=00000008 bytes, run addr=20017800, run size=000007ce bytes, compression=zero_init


LINKER GENERATED HANDLER TABLE

__TI_handler_table @ 2000e410 records: 3, size/record: 4, table size: 12
	index: 0, handler: __TI_decompress_rle24
	index: 1, handler: __TI_decompress_none
	index: 2, handler: __TI_zero_init


GLOBAL SYMBOLS: SORTED ALPHABETICALLY BY Name 

address   name                                  
-------   ----                                  
2000d0f9  C$$EXIT                               
2000db99  CPUcpsie                              
20008ba9  ClearTerm                             
2000d23f  CopyPingResultsToReport               
2000d75d  DmaSpiSwIntHandler                    
20008bb3  Error                                 
2000d3a5  GPIODirModeSet                        
2000da51  GPIOPinRead                           
2000d855  GPIOPinWrite                          
20008beb  GetCmd                                
2000722b  HTTPCli_connect                       
2000734d  HTTPCli_construct                     
20007395  HTTPCli_create                        
200073ad  HTTPCli_delete                        
200073e3  HTTPCli_destruct                      
2000742b  HTTPCli_disconnect                    
20007661  HTTPCli_getResponseField              
2000762b  HTTPCli_getResponseStatus             
2000711d  HTTPCli_initSockAddr                  
20007871  HTTPCli_readRawResponseBody           
200077e5  HTTPCli_readResponseBody              
2000759b  HTTPCli_sendField                     
200074cd  HTTPCli_sendRequest                   
200075f3  HTTPCli_sendRequestBody               
200078b1  HTTPCli_setProxy                      
20007461  HTTPCli_setRequestFields              
20007487  HTTPCli_setResponseFields             
200074ad  HTTPCli_setSecureParams               
20008b69  InitTerm                              
2000b519  IntDisable                            
2000b5c1  IntEnable                             
2000dc59  IntMasterEnable                       
2000ca41  IntPendClear                          
2000cb49  IntPrioritySet                        
2000d875  IntRegister                           
2000d781  IntUnregister                         
2000dbad  IntVTableBaseSet                      
20008b87  Message                               
2000dc29  NwpMaskInterrupt                      
2000d36d  NwpPowerOff                           
2000d689  NwpPowerOn                            
2000be55  NwpPowerOnPreamble                    
2000d201  NwpRegisterInterruptHandler           
2000dc35  NwpUnMaskInterrupt                    
2000e1a2  OpcodeTranslateTable                  
2000a0c1  PRCMCC3200MCUInit                     
2000db41  PRCMHIBRegRead                        
2000db57  PRCMHIBRegWrite                       
2000d70d  PRCMPeripheralClkDisable              
2000d27d  PRCMPeripheralClkEnable               
2000b975  PRCMPeripheralClockGet                
2000ca99  PRCMPeripheralReset                   
2000d411  PRCMPeripheralStatusGet               
2000d6b5  PRCMSysResetCauseGet                  
20004d8f  ParseJSONData                         
2000bc39  PinConfigSet                          
2000d181  PinModeSet                            
2000c989  PinMuxConfig                          
2000d4ad  PinTypeGPIO                           
2000d981  PinTypeUART                           
20008d29  Report                                
2000dc19  ResetISR                              
20017fcc  RxIrqCnt                              
2000e264  RxMsgClassLUT                         
UNDEFED   SHT$$INIT_ARRAY$$Base                 
UNDEFED   SHT$$INIT_ARRAY$$Limit                
2000da69  SPICSDisable                          
2000da81  SPICSEnable                           
2000b669  SPIConfigSetExpClk                    
2000da99  SPIDisable                            
2000d99b  SPIDmaDisable                         
2000d9b5  SPIDmaEnable                          
2000dab1  SPIEnable                             
2000d9cf  SPIFIFODisable                        
2000d9e9  SPIFIFOEnable                         
2000d445  SPIFIFOLevelSet                       
2000cf99  SPIIntClear                           
2000cd39  SPIIntEnable                          
2000da03  SPIIntUnregister                      
2000d811  SPIReset                              
2000d833  SPIWordCountSet                       
200045c9  SimpleLinkGeneralEventHandler         
200045a1  SimpleLinkHttpServerCallback          
20004509  SimpleLinkNetAppEventHandler          
200045df  SimpleLinkSockEventHandler            
20004401  SimpleLinkWlanEventHandler            
20008895  Ssock_construct                       
200088d5  Ssock_create                          
200088ef  Ssock_delete                          
20008917  Ssock_destruct                        
20008969  Ssock_getSocket                       
20008977  Ssock_recv                            
200089d1  Ssock_recvall                         
20008a15  Ssock_send                            
20008b2f  Ssock_startSecure                     
2000e3a4  StartResponseLUT                      
20008c91  TrimSpace                             
2000d92d  UARTCharGetNonBlocking                
2000d8b5  UARTCharPut                           
2000dac9  UARTCharsAvail                        
2000c241  UARTConfigSetExpClk                   
2000d4dd  UARTDisable                           
2000d7a5  UARTEnable                            
2000dc63  UtilsDelay                            
2000d53d  _Dclass                               
20018080  _Denorm                               
2000b231  _Dnorm                                
2000a435  _Dscale                               
2000c681  _Dunscale                             
20018090  _Eps                                  
200181a0  _Errno                                
20018198  _Fenv                                 
2000d56d  _Feraise                              
200180a0  _Hugeval                              
200180b0  _Inf                                  
200180c0  _Nan                                  
200180e0  _Rteps                                
2000e29c  _SlAcceptCmdCtrl                      
2000e21c  _SlActionLookupTable                  
2000b3ad  _SlAsyncEventGenericHandler           
2000e37c  _SlDeviceGetCmdCtrl                   
2000e380  _SlDeviceSetCmdCtrl                   
2000cfe1  _SlDrvBasicCmd                        
2000ae3d  _SlDrvClassifyRxMsg                   
2000bed9  _SlDrvCmdOp                           
2000c39d  _SlDrvCmdSend                         
2000a1f5  _SlDrvDataReadOp                      
2000a545  _SlDrvDataWriteOp                     
2000d50d  _SlDrvDeviceEventHandler              
2000a961  _SlDrvDriverCBDeinit                  
20009b4d  _SlDrvDriverCBInit                    
2000db6d  _SlDrvMemZero                         
20007eb5  _SlDrvMsgRead                         
2000b0b1  _SlDrvMsgReadCmdCtx                   
2000b709  _SlDrvMsgReadSpawnCtx                 
20009639  _SlDrvMsgWrite                        
2000aa61  _SlDrvNetAppEventHandler              
2000d8d3  _SlDrvObjLockWaitForever              
2000da1d  _SlDrvObjUnLock                       
2000cdd1  _SlDrvProtectAsyncRespSetting         
2000d7c9  _SlDrvProtectionObjLockWaitForever    
2000d895  _SlDrvProtectionObjUnLock             
20009469  _SlDrvReleasePoolObj                  
2000dbfd  _SlDrvResetCmdExt                     
20008de9  _SlDrvRxHdrRead                       
2000ce1d  _SlDrvRxIrqHandler                    
2000da37  _SlDrvSyncObjSignal                   
2000d8f1  _SlDrvSyncObjWaitForever              
200099bd  _SlDrvWaitForPoolObj                  
2000e378  _SlEventMaskGetCmdCtrl                
2000e374  _SlEventMaskSetCmdCtrl                
20009cd5  _SlFindAndSetActiveObj                
2000e2fc  _SlGetHostByNameCtrl                  
2000e2f8  _SlGetHostByServiceCtrl               
2000e2f0  _SlGetServiceListeCtrl                
2000e2a8  _SlGetSockOptCmdCtrl                  
2000e298  _SlListenCmdCtrl                      
2000e308  _SlNetAppGetCmdCtrl                   
2000e304  _SlNetAppSendTokenValueCmdCtrl        
2000e300  _SlNetAppSetCmdCtrl                   
2000e2e8  _SlNetAppStartCtrl                    
2000e2ec  _SlNetAppStopCtrl                     
2000e3b8  _SlNetCfgGetCmdCtrl                   
2000e3b4  _SlNetCfgSetCmdCtrl                   
2000c32d  _SlNonOsMainLoopTask                  
2000c8d1  _SlNonOsSemGet                        
2000dae1  _SlNonOsSemSet                        
2000c92d  _SlNonOsSpawn                         
2000e384  _SlPayloadByProtocolLUT               
2000e1e2  _SlPolicyGetCmdCtrl                   
2000e1de  _SlPolicySetCmdCtrl                   
2000e1ea  _SlProfileDelCmdCtrl                  
2000e1e6  _SlProfileGetCmdCtrl                  
2000e2a0  _SlRecvCmdCtrl                        
2000e290  _SlRecvfomCmdCtrl                     
2000e2f4  _SlRegisterServiceCtrl                
2000b171  _SlRemoveFromList                     
2000e1f2  _SlRxFilterAddtCmdCtrl                
2000e1fa  _SlRxFilterGetCmdCtrl                 
2000e1f6  _SlRxFilterSetCmdCtrl                 
2000e2ac  _SlSelectCmdCtrl                      
2000e294  _SlSendCmdCtrl                        
2000e2a4  _SlSetSockOptCmdCtrl                  
2000e1fe  _SlSmartConfigStartCmdCtrl            
2000e28c  _SlSockCloseCmdCtrl                   
2000e288  _SlSockSocketCmdCtrl                  
2000e370  _SlStopCmdCtrl                        
2000e20a  _SlWlanCfgGetCmdCtrl                  
2000e206  _SlWlanCfgSetCmdCtrl                  
2000e1ee  _SlWlanGetNetworkListCtrl             
2000e202  _SlWlanSetModeCmdCtrl                 
200180d0  _Snan                                 
2001819c  _Tls_setup__Fenv                      
200180f0  _Xbig                                 
200180f8  _Zero                                 
20030000  __STACK_END                           
00000800  __STACK_SIZE                          
00000800  __SYSMEM_SIZE                         
2000e428  __TI_CINIT_Base                       
2000e438  __TI_CINIT_Limit                      
2000e410  __TI_Handler_Table_Base               
2000e41c  __TI_Handler_Table_Limit              
2000c409  __TI_auto_init                        
20018190  __TI_cleanup_ptr                      
2000dc0b  __TI_decompress_none                  
2000dc69  __TI_decompress_rle24                 
20018194  __TI_dtors_ptr                        
200065f9  __TI_printfi                          
2000e3c0  __TI_static_base__                    
2000dc41  __TI_zero_init                        
2000bd49  __aeabi_cdcmpeq                       
2000bd49  __aeabi_cdcmple                       
2000bdcf  __aeabi_cdrcmple                      
2000d029  __aeabi_d2iz                          
2000980f  __aeabi_dadd                          
20009f89  __aeabi_ddiv                          
2000ab5f  __aeabi_dmul                          
20009805  __aeabi_dsub                          
2000d62d  __aeabi_i2d                           
2000c0d5  __aeabi_memclr                        
2000c0d5  __aeabi_memclr4                       
2000c0d5  __aeabi_memclr8                       
2000b7a5  __aeabi_memcpy                        
2000b7a5  __aeabi_memcpy4                       
2000b7a5  __aeabi_memcpy8                       
2000c0d7  __aeabi_memset                        
2000c0d7  __aeabi_memset4                       
2000c0d7  __aeabi_memset8                       
20009275  __aeabi_uldivmod                      
ffffffff  __binit__                             
ffffffff  __c_args__                            
2002f800  __stack                               
2000db11  _args_main                            
2000cce9  _c_int00                              
2000dc74  _ctypes_                              
20018188  _lock                                 
2000dbcf  _nop                                  
2000dbc7  _register_lock                        
2000dbc1  _register_unlock                      
2000ce69  _sl_BuildAddress                      
2000daf9  _sl_GetStartResponseConvert           
2000c7b1  _sl_HandleAsync_Accept                
2000c151  _sl_HandleAsync_Connect               
2000bb21  _sl_HandleAsync_DnsGetHostByName      
2000afe9  _sl_HandleAsync_DnsGetHostByService   
2000c059  _sl_HandleAsync_InitComplete          
2000bbad  _sl_HandleAsync_PingResponse          
2000cb9d  _sl_HandleAsync_Select                
2000cc99  _sl_HandleAsync_Stop                  
2000c4e1  _sl_NetAppSendTokenValue              
2000d2b9  _sl_TruncatePayloadByProtocol         
20017000  _sys_memory                           
2000dc6f  _system_pre_init                      
2001818c  _unlock                               
2000d0fd  abort                                 
2000ceb5  atoi                                  
ffffffff  binit                                 
20006947  bufferedRecv                          
20018160  bytesReceived                         
20008849  calloc                                
2000cf01  copy_in                               
2000d105  exit                                  
2000d479  feraiseexcept                         
20008597  free                                  
2000d6e1  frexp                                 
20018184  gFirstCmdMode                         
2000e25c  g_H2NCnysPattern                      
2000e254  g_H2NSyncPattern                      
20018170  g_SpiFd                               
20017db8  g_StatMem                             
20017f70  g__SlNonOsCB                          
20017800  g_buff                                
20017fcd  g_cDummy                              
2001817c  g_pCB                                 
20018174  g_pHostIntHdl                         
20004000  g_pfnVectors                          
20017fbc  g_ucConnectionBSSID                   
20017f98  g_ucConnectionSSID                    
20018178  g_ucDMAEnabled                        
20017f20  g_ucDinDout                           
20017fc8  g_ulDestinationIP                     
2001815c  g_ulGatewayIP                         
20018158  g_ulStatus                            
20007e97  jsmn_init                             
20007b85  jsmn_parse                            
2000cc45  ldexp                                 
2000caf1  ltoa                                  
20005689  main                                  
200181a4  main_func_sp                          
2000852f  malloc                                
20008765  memalign                              
2000d949  memccpy                               
2000b7a5  memcpy                                
2000d7ed  memmove                               
2000c0dd  memset                                
200084a1  minit                                 
20018180  pPingCallBackFunc                     
2000d65b  raise                                 
20008659  realloc                               
2000d1c1  signal                                
2000d59d  sl_Close                              
2000a64d  sl_Connect                            
2000b841  sl_DevGet                             
2000d13d  sl_Htonl                              
2000d2f5  sl_Htons                              
2000a85d  sl_NetAppDnsGetHostByName             
2000b465  sl_NetAppMDNSRegisterUnregisterService
2000d3db  sl_NetAppMDNSUnRegisterService        
2000c549  sl_NetCfgSet                          
2000c2b9  sl_Recv                               
2000a755  sl_Send                               
2000c5b1  sl_SetSockOpt                         
2000c9e5  sl_Socket                             
2000b2f1  sl_Start                              
2000af15  sl_Stop                               
20009031  sl_WlanConnect                        
2000dc4d  sl_WlanDisconnect                     
2000c871  sl_WlanPolicySet                      
2000d5cd  sl_WlanProfileDel                     
2000cbf1  sl_WlanRxFilterSet                    
2000c619  sl_WlanSet                            
2000d5fd  sl_WlanSetMode                        
2000c1c9  spi_Close                             
20009e45  spi_Open                              
2000ac5d  spi_Read                              
2000b8dd  spi_Write                             
2000c811  sprintf                               
2000db83  strchr                                
2000db29  strcmp                                
2000dbd5  strcpy                                
2000dbe9  strlen                                
2000d735  strncmp                               
2000a321  strtoul                               
2000cf4d  uDMAChannelAssign                     
2000c6e9  uDMAChannelAttributeDisable           
2000c74d  uDMAChannelAttributeEnable            
2000d331  uDMAChannelControlSet                 
2000d965  uDMAChannelEnable                     
2000ad4d  uDMAChannelTransferSet                
2000bcc1  vsnprintf                             


GLOBAL SYMBOLS: SORTED BY Symbol Address 

address   name                                  
-------   ----                                  
00000800  __STACK_SIZE                          
00000800  __SYSMEM_SIZE                         
20004000  g_pfnVectors                          
20004401  SimpleLinkWlanEventHandler            
20004509  SimpleLinkNetAppEventHandler          
200045a1  SimpleLinkHttpServerCallback          
200045c9  SimpleLinkGeneralEventHandler         
200045df  SimpleLinkSockEventHandler            
20004d8f  ParseJSONData                         
20005689  main                                  
200065f9  __TI_printfi                          
20006947  bufferedRecv                          
2000711d  HTTPCli_initSockAddr                  
2000722b  HTTPCli_connect                       
2000734d  HTTPCli_construct                     
20007395  HTTPCli_create                        
200073ad  HTTPCli_delete                        
200073e3  HTTPCli_destruct                      
2000742b  HTTPCli_disconnect                    
20007461  HTTPCli_setRequestFields              
20007487  HTTPCli_setResponseFields             
200074ad  HTTPCli_setSecureParams               
200074cd  HTTPCli_sendRequest                   
2000759b  HTTPCli_sendField                     
200075f3  HTTPCli_sendRequestBody               
2000762b  HTTPCli_getResponseStatus             
20007661  HTTPCli_getResponseField              
200077e5  HTTPCli_readResponseBody              
20007871  HTTPCli_readRawResponseBody           
200078b1  HTTPCli_setProxy                      
20007b85  jsmn_parse                            
20007e97  jsmn_init                             
20007eb5  _SlDrvMsgRead                         
200084a1  minit                                 
2000852f  malloc                                
20008597  free                                  
20008659  realloc                               
20008765  memalign                              
20008849  calloc                                
20008895  Ssock_construct                       
200088d5  Ssock_create                          
200088ef  Ssock_delete                          
20008917  Ssock_destruct                        
20008969  Ssock_getSocket                       
20008977  Ssock_recv                            
200089d1  Ssock_recvall                         
20008a15  Ssock_send                            
20008b2f  Ssock_startSecure                     
20008b69  InitTerm                              
20008b87  Message                               
20008ba9  ClearTerm                             
20008bb3  Error                                 
20008beb  GetCmd                                
20008c91  TrimSpace                             
20008d29  Report                                
20008de9  _SlDrvRxHdrRead                       
20009031  sl_WlanConnect                        
20009275  __aeabi_uldivmod                      
20009469  _SlDrvReleasePoolObj                  
20009639  _SlDrvMsgWrite                        
20009805  __aeabi_dsub                          
2000980f  __aeabi_dadd                          
200099bd  _SlDrvWaitForPoolObj                  
20009b4d  _SlDrvDriverCBInit                    
20009cd5  _SlFindAndSetActiveObj                
20009e45  spi_Open                              
20009f89  __aeabi_ddiv                          
2000a0c1  PRCMCC3200MCUInit                     
2000a1f5  _SlDrvDataReadOp                      
2000a321  strtoul                               
2000a435  _Dscale                               
2000a545  _SlDrvDataWriteOp                     
2000a64d  sl_Connect                            
2000a755  sl_Send                               
2000a85d  sl_NetAppDnsGetHostByName             
2000a961  _SlDrvDriverCBDeinit                  
2000aa61  _SlDrvNetAppEventHandler              
2000ab5f  __aeabi_dmul                          
2000ac5d  spi_Read                              
2000ad4d  uDMAChannelTransferSet                
2000ae3d  _SlDrvClassifyRxMsg                   
2000af15  sl_Stop                               
2000afe9  _sl_HandleAsync_DnsGetHostByService   
2000b0b1  _SlDrvMsgReadCmdCtx                   
2000b171  _SlRemoveFromList                     
2000b231  _Dnorm                                
2000b2f1  sl_Start                              
2000b3ad  _SlAsyncEventGenericHandler           
2000b465  sl_NetAppMDNSRegisterUnregisterService
2000b519  IntDisable                            
2000b5c1  IntEnable                             
2000b669  SPIConfigSetExpClk                    
2000b709  _SlDrvMsgReadSpawnCtx                 
2000b7a5  __aeabi_memcpy                        
2000b7a5  __aeabi_memcpy4                       
2000b7a5  __aeabi_memcpy8                       
2000b7a5  memcpy                                
2000b841  sl_DevGet                             
2000b8dd  spi_Write                             
2000b975  PRCMPeripheralClockGet                
2000bb21  _sl_HandleAsync_DnsGetHostByName      
2000bbad  _sl_HandleAsync_PingResponse          
2000bc39  PinConfigSet                          
2000bcc1  vsnprintf                             
2000bd49  __aeabi_cdcmpeq                       
2000bd49  __aeabi_cdcmple                       
2000bdcf  __aeabi_cdrcmple                      
2000be55  NwpPowerOnPreamble                    
2000bed9  _SlDrvCmdOp                           
2000c059  _sl_HandleAsync_InitComplete          
2000c0d5  __aeabi_memclr                        
2000c0d5  __aeabi_memclr4                       
2000c0d5  __aeabi_memclr8                       
2000c0d7  __aeabi_memset                        
2000c0d7  __aeabi_memset4                       
2000c0d7  __aeabi_memset8                       
2000c0dd  memset                                
2000c151  _sl_HandleAsync_Connect               
2000c1c9  spi_Close                             
2000c241  UARTConfigSetExpClk                   
2000c2b9  sl_Recv                               
2000c32d  _SlNonOsMainLoopTask                  
2000c39d  _SlDrvCmdSend                         
2000c409  __TI_auto_init                        
2000c4e1  _sl_NetAppSendTokenValue              
2000c549  sl_NetCfgSet                          
2000c5b1  sl_SetSockOpt                         
2000c619  sl_WlanSet                            
2000c681  _Dunscale                             
2000c6e9  uDMAChannelAttributeDisable           
2000c74d  uDMAChannelAttributeEnable            
2000c7b1  _sl_HandleAsync_Accept                
2000c811  sprintf                               
2000c871  sl_WlanPolicySet                      
2000c8d1  _SlNonOsSemGet                        
2000c92d  _SlNonOsSpawn                         
2000c989  PinMuxConfig                          
2000c9e5  sl_Socket                             
2000ca41  IntPendClear                          
2000ca99  PRCMPeripheralReset                   
2000caf1  ltoa                                  
2000cb49  IntPrioritySet                        
2000cb9d  _sl_HandleAsync_Select                
2000cbf1  sl_WlanRxFilterSet                    
2000cc45  ldexp                                 
2000cc99  _sl_HandleAsync_Stop                  
2000cce9  _c_int00                              
2000cd39  SPIIntEnable                          
2000cdd1  _SlDrvProtectAsyncRespSetting         
2000ce1d  _SlDrvRxIrqHandler                    
2000ce69  _sl_BuildAddress                      
2000ceb5  atoi                                  
2000cf01  copy_in                               
2000cf4d  uDMAChannelAssign                     
2000cf99  SPIIntClear                           
2000cfe1  _SlDrvBasicCmd                        
2000d029  __aeabi_d2iz                          
2000d0f9  C$$EXIT                               
2000d0fd  abort                                 
2000d105  exit                                  
2000d13d  sl_Htonl                              
2000d181  PinModeSet                            
2000d1c1  signal                                
2000d201  NwpRegisterInterruptHandler           
2000d23f  CopyPingResultsToReport               
2000d27d  PRCMPeripheralClkEnable               
2000d2b9  _sl_TruncatePayloadByProtocol         
2000d2f5  sl_Htons                              
2000d331  uDMAChannelControlSet                 
2000d36d  NwpPowerOff                           
2000d3a5  GPIODirModeSet                        
2000d3db  sl_NetAppMDNSUnRegisterService        
2000d411  PRCMPeripheralStatusGet               
2000d445  SPIFIFOLevelSet                       
2000d479  feraiseexcept                         
2000d4ad  PinTypeGPIO                           
2000d4dd  UARTDisable                           
2000d50d  _SlDrvDeviceEventHandler              
2000d53d  _Dclass                               
2000d56d  _Feraise                              
2000d59d  sl_Close                              
2000d5cd  sl_WlanProfileDel                     
2000d5fd  sl_WlanSetMode                        
2000d62d  __aeabi_i2d                           
2000d65b  raise                                 
2000d689  NwpPowerOn                            
2000d6b5  PRCMSysResetCauseGet                  
2000d6e1  frexp                                 
2000d70d  PRCMPeripheralClkDisable              
2000d735  strncmp                               
2000d75d  DmaSpiSwIntHandler                    
2000d781  IntUnregister                         
2000d7a5  UARTEnable                            
2000d7c9  _SlDrvProtectionObjLockWaitForever    
2000d7ed  memmove                               
2000d811  SPIReset                              
2000d833  SPIWordCountSet                       
2000d855  GPIOPinWrite                          
2000d875  IntRegister                           
2000d895  _SlDrvProtectionObjUnLock             
2000d8b5  UARTCharPut                           
2000d8d3  _SlDrvObjLockWaitForever              
2000d8f1  _SlDrvSyncObjWaitForever              
2000d92d  UARTCharGetNonBlocking                
2000d949  memccpy                               
2000d965  uDMAChannelEnable                     
2000d981  PinTypeUART                           
2000d99b  SPIDmaDisable                         
2000d9b5  SPIDmaEnable                          
2000d9cf  SPIFIFODisable                        
2000d9e9  SPIFIFOEnable                         
2000da03  SPIIntUnregister                      
2000da1d  _SlDrvObjUnLock                       
2000da37  _SlDrvSyncObjSignal                   
2000da51  GPIOPinRead                           
2000da69  SPICSDisable                          
2000da81  SPICSEnable                           
2000da99  SPIDisable                            
2000dab1  SPIEnable                             
2000dac9  UARTCharsAvail                        
2000dae1  _SlNonOsSemSet                        
2000daf9  _sl_GetStartResponseConvert           
2000db11  _args_main                            
2000db29  strcmp                                
2000db41  PRCMHIBRegRead                        
2000db57  PRCMHIBRegWrite                       
2000db6d  _SlDrvMemZero                         
2000db83  strchr                                
2000db99  CPUcpsie                              
2000dbad  IntVTableBaseSet                      
2000dbc1  _register_unlock                      
2000dbc7  _register_lock                        
2000dbcf  _nop                                  
2000dbd5  strcpy                                
2000dbe9  strlen                                
2000dbfd  _SlDrvResetCmdExt                     
2000dc0b  __TI_decompress_none                  
2000dc19  ResetISR                              
2000dc29  NwpMaskInterrupt                      
2000dc35  NwpUnMaskInterrupt                    
2000dc41  __TI_zero_init                        
2000dc4d  sl_WlanDisconnect                     
2000dc59  IntMasterEnable                       
2000dc63  UtilsDelay                            
2000dc69  __TI_decompress_rle24                 
2000dc6f  _system_pre_init                      
2000dc74  _ctypes_                              
2000e1a2  OpcodeTranslateTable                  
2000e1de  _SlPolicySetCmdCtrl                   
2000e1e2  _SlPolicyGetCmdCtrl                   
2000e1e6  _SlProfileGetCmdCtrl                  
2000e1ea  _SlProfileDelCmdCtrl                  
2000e1ee  _SlWlanGetNetworkListCtrl             
2000e1f2  _SlRxFilterAddtCmdCtrl                
2000e1f6  _SlRxFilterSetCmdCtrl                 
2000e1fa  _SlRxFilterGetCmdCtrl                 
2000e1fe  _SlSmartConfigStartCmdCtrl            
2000e202  _SlWlanSetModeCmdCtrl                 
2000e206  _SlWlanCfgSetCmdCtrl                  
2000e20a  _SlWlanCfgGetCmdCtrl                  
2000e21c  _SlActionLookupTable                  
2000e254  g_H2NSyncPattern                      
2000e25c  g_H2NCnysPattern                      
2000e264  RxMsgClassLUT                         
2000e288  _SlSockSocketCmdCtrl                  
2000e28c  _SlSockCloseCmdCtrl                   
2000e290  _SlRecvfomCmdCtrl                     
2000e294  _SlSendCmdCtrl                        
2000e298  _SlListenCmdCtrl                      
2000e29c  _SlAcceptCmdCtrl                      
2000e2a0  _SlRecvCmdCtrl                        
2000e2a4  _SlSetSockOptCmdCtrl                  
2000e2a8  _SlGetSockOptCmdCtrl                  
2000e2ac  _SlSelectCmdCtrl                      
2000e2e8  _SlNetAppStartCtrl                    
2000e2ec  _SlNetAppStopCtrl                     
2000e2f0  _SlGetServiceListeCtrl                
2000e2f4  _SlRegisterServiceCtrl                
2000e2f8  _SlGetHostByServiceCtrl               
2000e2fc  _SlGetHostByNameCtrl                  
2000e300  _SlNetAppSetCmdCtrl                   
2000e304  _SlNetAppSendTokenValueCmdCtrl        
2000e308  _SlNetAppGetCmdCtrl                   
2000e370  _SlStopCmdCtrl                        
2000e374  _SlEventMaskSetCmdCtrl                
2000e378  _SlEventMaskGetCmdCtrl                
2000e37c  _SlDeviceGetCmdCtrl                   
2000e380  _SlDeviceSetCmdCtrl                   
2000e384  _SlPayloadByProtocolLUT               
2000e3a4  StartResponseLUT                      
2000e3b4  _SlNetCfgSetCmdCtrl                   
2000e3b8  _SlNetCfgGetCmdCtrl                   
2000e3c0  __TI_static_base__                    
2000e410  __TI_Handler_Table_Base               
2000e41c  __TI_Handler_Table_Limit              
2000e428  __TI_CINIT_Base                       
2000e438  __TI_CINIT_Limit                      
20017000  _sys_memory                           
20017800  g_buff                                
20017db8  g_StatMem                             
20017f20  g_ucDinDout                           
20017f70  g__SlNonOsCB                          
20017f98  g_ucConnectionSSID                    
20017fbc  g_ucConnectionBSSID                   
20017fc8  g_ulDestinationIP                     
20017fcc  RxIrqCnt                              
20017fcd  g_cDummy                              
20018080  _Denorm                               
20018090  _Eps                                  
200180a0  _Hugeval                              
200180b0  _Inf                                  
200180c0  _Nan                                  
200180d0  _Snan                                 
200180e0  _Rteps                                
200180f0  _Xbig                                 
200180f8  _Zero                                 
20018158  g_ulStatus                            
2001815c  g_ulGatewayIP                         
20018160  bytesReceived                         
20018170  g_SpiFd                               
20018174  g_pHostIntHdl                         
20018178  g_ucDMAEnabled                        
2001817c  g_pCB                                 
20018180  pPingCallBackFunc                     
20018184  gFirstCmdMode                         
20018188  _lock                                 
2001818c  _unlock                               
20018190  __TI_cleanup_ptr                      
20018194  __TI_dtors_ptr                        
20018198  _Fenv                                 
2001819c  _Tls_setup__Fenv                      
200181a0  _Errno                                
200181a4  main_func_sp                          
2002f800  __stack                               
20030000  __STACK_END                           
ffffffff  __binit__                             
ffffffff  __c_args__                            
ffffffff  binit                                 
UNDEFED   SHT$$INIT_ARRAY$$Base                 
UNDEFED   SHT$$INIT_ARRAY$$Limit                

[340 symbols]
