******************************************************************************
                  TI ARM Linker PC v5.2.5                      
******************************************************************************
>> Linked Wed Mar 09 14:48:19 2016

OUTPUT FILE NAME:   <email.out>
ENTRY POINT SYMBOL: "_c_int00"  address: 20012375


MEMORY CONFIGURATION

         name            origin    length      used     unused   attr    fill
----------------------  --------  ---------  --------  --------  ----  --------
  SRAM_CODE             20004000   00016000  000130a8  00002f58  RW X
  SRAM_DATA             2001a000   00016000  0000c3eb  00009c15  RW X


SEGMENT ALLOCATION MAP

run origin  load origin   length   init length attrs members
----------  ----------- ---------- ----------- ----- -------
20004000    20004000    000130b0   000130b0    r-x
  20004000    20004000    0000030c   0000030c    r-- .resetVecs
  20004310    20004310    0000ffea   0000ffea    r-x .text
  200142fc    200142fc    00002a12   00002a12    r-- .const
  20016d10    20016d10    000003a0   000003a0    r-- .cinit
2001a000    2001a000    0000a3f0   00000000    rw-
  2001a000    2001a000    00009e2b   00000000    rw- .bss
  20023e30    20023e30    000005c0   00000000    rw- .data
2002e000    2002e000    00002000   00000000    rw-
  2002e000    2002e000    00002000   00000000    rw- .stack


SECTION ALLOCATION MAP

 output                                  attributes/
section   page    origin      length       input sections
--------  ----  ----------  ----------   ----------------
.init_array 
*          0    20004000    00000000     UNINITIALIZED

.resetVecs 
*          0    20004000    0000030c     
                  20004000    0000030c     app_pem4.oem4 (.resetVecs)

.text      0    20004310    0000ffea     
                  20004310    000012c8     network_if.obj (.text)
                  200055d8    000010a6     rtsv7M4_T_le_eabi.lib : _printfi.obj (.text)
                  2000667e    00000002     driverlib.a : interrupt.obj (.text:IntDefaultHandler)
                  20006680    00001010     main.obj (.text)
                  20007690    00000ba4     libEmail.a : email.obj (.text)
                  20008234    000005ec     simplelink.a : driver.obj (.text:_SlDrvMsgRead)
                  20008820    00000544     ti_rtos.a : osi_tirtos.obj (.text)
                  20008d64    00000004     app_pem4.oem4 (.text:ti_sysbios_BIOS_RtsGateProxy_enter__E)
                  20008d68    00000430     sysbios.aem4 : BIOS.obj (.text:ti_sysbios_family_arm_m3_Hwi_excDumpRegs__I)
                  20009198    00000394     gpio_if.obj (.text)
                  2000952c    0000034c     ti.targets.arm.rtsarm.aem4 : System.oem4 (.text:xdc_runtime_System_doPrint__I)
                  20009878    00000314     sysbios.aem4 : BIOS.obj (.text:ti_sysbios_knl_Semaphore_pend__E)
                  20009b8c    000002d4     rtsv7M4_T_le_eabi.lib : trgdrv.obj (.text)
                  20009e60    00000280     uart_if.obj (.text)
                  2000a0e0    00000254     sysbios.aem4 : BIOS.obj (.text:ti_sysbios_heaps_HeapMem_free__E)
                  2000a334    00000248     simplelink.a : driver.obj (.text:_SlDrvRxHdrRead)
                  2000a57c    00000004     app_pem4.oem4 (.text:ti_sysbios_BIOS_RtsGateProxy_leave__E)
                  2000a580    00000248     sysbios.aem4 : BIOS.obj (.text:ti_sysbios_heaps_HeapMem_alloc__E)
                  2000a7c8    00000244     simplelink.a : wlan.obj (.text:sl_WlanConnect)
                  2000aa0c    00000004     app_pem4.oem4 (.text:ti_sysbios_family_arm_m3_Hwi_delete)
                  2000aa10    0000022c     sysbios.aem4 : BIOS.obj (.text:ti_sysbios_knl_Task_Instance_finalize__E)
                  2000ac3c    00000004     app_pem4.oem4 (.text:ti_sysbios_family_arm_m3_TaskSupport_Module__startupDone__S)
                  2000ac40    00000200     sysbios.aem4 : BIOS.obj (.text:ti_sysbios_knl_Task_sleep__E)
                  2000ae40    000001fc                  : BIOS.obj (.text:ti_sysbios_family_arm_m3_Hwi_excHandlerMax__I)
                  2000b03c    000001f4     rtsv7M4_T_le_eabi.lib : ull_div_t2.obj (.text)
                  2000b230    000001d0     simplelink.a : driver.obj (.text:_SlDrvReleasePoolObj)
                  2000b400    000001cc                  : driver.obj (.text:_SlDrvMsgWrite)
                  2000b5cc    00000004     app_pem4.oem4 (.text:ti_sysbios_heaps_HeapMem_Module_GateProxy_enter__E)
                  2000b5d0    000001c8     sysbios.aem4 : BIOS.obj (.text:ti_sysbios_knl_Task_Instance_init__E)
                  2000b798    000001c0     timer_if.obj (.text)
                  2000b958    000001b6     rtsv7M4_T_le_eabi.lib : fd_add_t2.obj (.text)
                  2000bb0e    00000002                           : i_div0.obj (.text)
                  2000bb10    0000019c     sysbios.aem4 : BIOS.obj (.text:ti_sysbios_knl_Task_Module_startup__E)
                  2000bcac    00000190     simplelink.a : driver.obj (.text:_SlDrvWaitForPoolObj)
                  2000be3c    00000174                  : driver.obj (.text:_SlDrvDriverCBInit)
                  2000bfb0    00000174     sysbios.aem4 : BIOS.obj (.text:ti_sysbios_family_arm_m3_Hwi_excBusFault__I)
                  2000c124    00000170     simplelink.a : driver.obj (.text:_SlFindAndSetActiveObj)
                  2000c294    00000004     app_pem4.oem4 (.text:ti_sysbios_heaps_HeapMem_Module_GateProxy_leave__E)
                  2000c298    00000164     sysbios.aem4 : BIOS.obj (.text:ti_sysbios_family_arm_m3_Hwi_excUsageFault__I)
                  2000c3fc    00000004     app_pem4.oem4 (.text:ti_sysbios_knl_Clock_TimerProxy_getMaxTicks__E)
                  2000c400    00000158     sysbios.aem4 : BIOS.obj (.text:ti_sysbios_knl_Mailbox_Instance_init__E)
                  2000c558    00000150     button_if.obj (.text)
                  2000c6a8    00000150     simplelink.a : cc_pal.obj (.text:spi_Open)
                  2000c7f8    00000148     sysbios.aem4 : BIOS.obj (.text:ti_sysbios_family_arm_m3_Hwi_excMemFault__I)
                  2000c940    00000140                  : BIOS.obj (.text:ti_sysbios_knl_Semaphore_post__E)
                  2000ca80    0000013c     libEmail.a : base64.obj (.text)
                  2000cbbc    00000004     app_pem4.oem4 (.text:ti_sysbios_knl_Mailbox_delete)
                  2000cbc0    0000013c     sysbios.aem4 : BIOS.obj (.text:ti_sysbios_heaps_HeapMem_Instance_init__E)
                  2000ccfc    00000004     app_pem4.oem4 (.text:ti_sysbios_knl_Queue_destruct)
                  2000cd00    00000138     sysbios.aem4 : BIOS.obj (.text:ti_sysbios_family_arm_m3_Hwi_dispatchC__I)
                  2000ce38    00000138     ti.targets.arm.rtsarm.aem4 : LoggerBuf.oem4 (.text:xdc_runtime_LoggerBuf_write8__E)
                  2000cf70    00000136     rtsv7M4_T_le_eabi.lib : fd_div_t2.obj (.text)
                  2000d0a6    00000002     app_pem4.oem4 (.text:ti_sysbios_BIOS_nullFunc__I)
                  2000d0a8    00000134     driverlib.a : prcm.obj (.text:PRCMCC3200MCUInit)
                  2000d1dc    00000004     app_pem4.oem4 (.text:ti_sysbios_knl_Semaphore_delete)
                  2000d1e0    00000134     sysbios.aem4 : BIOS.obj (.text:ti_sysbios_knl_Clock_workFunc__E)
                  2000d314    00000128     simplelink.a : driver.obj (.text:_SlDrvDataReadOp)
                  2000d43c    00000004     app_pem4.oem4 (.text:ti_sysbios_knl_Semaphore_destruct)
                  2000d440    0000011c     sysbios.aem4 : BIOS.obj (.text:ti_sysbios_knl_Swi_run__I)
                  2000d55c    00000118     ti.targets.arm.rtsarm.aem4 : Error.oem4 (.text:xdc_runtime_Error_policyDefault__E)
                  2000d674    00000110     rtsv7M4_T_le_eabi.lib : xdscale.obj (.text)
                  2000d784    00000108     simplelink.a : socket.obj (.text:sl_Connect)
                  2000d88c    00000108                  : socket.obj (.text:sl_Send)
                  2000d994    00000104                  : driver.obj (.text:_SlDrvDataWriteOp)
                  2000da98    00000104                  : netapp.obj (.text:sl_NetAppDnsGetHostByName)
                  2000db9c    00000100     ti.targets.arm.rtsarm.aem4 : Core-mem.oem4 (.text:xdc_runtime_Core_createObject__I)
                  2000dc9c    000000fe     simplelink.a : netapp.obj (.text:_SlDrvNetAppEventHandler)
                  2000dd9a    000000fc     rtsv7M4_T_le_eabi.lib : fd_mul_t2.obj (.text)
                  2000de96    00000002     app_pem4.oem4 (.text:xdc_runtime_Startup_reset__I)
                  2000de98    000000f8     ti.targets.arm.rtsarm.aem4 : Startup.oem4 (.text:xdc_runtime_Startup_startMods__I)
                  2000df90    000000f8     app_pem4.oem4 (.text:xdc_runtime_System_printfExtend__I)
                  2000e088    000000f4     simplelink.a : driver.obj (.text:_SlDrvDriverCBDeinit)
                  2000e17c    000000f0     driverlib.a : udma.obj (.text:uDMAChannelTransferSet)
                  2000e26c    000000e8     smartconfig.obj (.text)
                  2000e354    000000dc     simplelink.a : cc_pal.obj (.text:spi_Read)
                  2000e430    000000d8                  : driver.obj (.text:_SlDrvClassifyRxMsg)
                  2000e508    000000d4                  : device.obj (.text:sl_Stop)
                  2000e5dc    000000d4     ti.targets.arm.rtsarm.aem4 : LoggerBuf.oem4 (.text:xdc_runtime_LoggerBuf_write4__E)
                  2000e6b0    000000d0     sysbios.aem4 : BIOS.obj (.text:ti_sysbios_family_arm_m3_Hwi_Module_startup__E)
                  2000e780    000000d0                  : m3_Hwi_asm.obj (.text:ti_sysbios_family_arm_m3_Hwi_dispatch__I)
                  2000e850    000000cc                  : BIOS.obj (.text:ti_sysbios_knl_Task_schedule__I)
                  2000e91c    000000cc     ti.targets.arm.rtsarm.aem4 : Core-smem.oem4 (.text:xdc_runtime_Core_constructObject__I)
                  2000e9e8    000000c8     simplelink.a : netapp.obj (.text:_sl_HandleAsync_DnsGetHostByService)
                  2000eab0    000000c4                  : driver.obj (.text:_SlRemoveFromList)
                  2000eb74    000000be     rtsv7M4_T_le_eabi.lib : xdnorm.obj (.text)
                  2000ec32    00000002     --HOLE-- [fill = 0]
                  2000ec34    000000bc     simplelink.a : driver.obj (.text:_SlDrvMsgReadCmdCtx)
                  2000ecf0    000000bc                  : device.obj (.text:sl_Start)
                  2000edac    00000004     app_pem4.oem4 (.text:ti_sysbios_knl_Task_delete)
                  2000edb0    000000bc     sysbios.aem4 : BIOS.obj (.text:ti_sysbios_family_arm_m3_Hwi_excDebugMon__I)
                  2000ee6c    00000004     ti.targets.arm.rtsarm.aem4 : Error.oem4 (.text:xdc_runtime_Error_getSite__E)
                  2000ee70    000000bc     sysbios.aem4 : BIOS.obj (.text:ti_sysbios_family_arm_m3_Hwi_excHardFault__I)
                  2000ef2c    00000004     app_pem4.oem4 (.text:xdc_runtime_LoggerBuf_Module_GateProxy_enter__E)
                  2000ef30    000000bc     sysbios.aem4 : BIOS.obj (.text:ti_sysbios_knl_Task_startCore__E)
                  2000efec    000000b8     simplelink.a : driver.obj (.text:_SlAsyncEventGenericHandler)
                  2000f0a4    000000b4                  : netapp.obj (.text:sl_NetAppMDNSRegisterUnregisterService)
                  2000f158    000000b4     sysbios.aem4 : BIOS.obj (.text:ti_sysbios_gates_GateMutex_enter__E)
                  2000f20c    00000004     app_pem4.oem4 (.text:xdc_runtime_LoggerBuf_Module_GateProxy_leave__E)
                  2000f210    000000b4     sysbios.aem4 : BIOS.obj (.text:ti_sysbios_knl_Task_checkStacks__E)
                  2000f2c4    00000004     app_pem4.oem4 (.text:xdc_runtime_System_Module_GateProxy_enter__E)
                  2000f2c8    000000b4     sysbios.aem4 : BIOS.obj (.text:ti_sysbios_knl_Task_yield__E)
                  2000f37c    00000004     app_pem4.oem4 (.text:xdc_runtime_System_Module_GateProxy_leave__E)
                  2000f380    000000ac     sysbios.aem4 : BIOS.obj (.text:ti_sysbios_knl_Swi_post__E)
                  2000f42c    000000a8     driverlib.a : interrupt.obj (.text:IntDisable)
                  2000f4d4    000000a8                 : interrupt.obj (.text:IntEnable)
                  2000f57c    000000a8     simplelink.a : netcfg.obj (.text:sl_NetCfgGet)
                  2000f624    00000004     ti.targets.arm.rtsarm.aem4 : System.oem4 (.text:xdc_runtime_System_aprintf_va__F)
                  2000f628    000000a8     sysbios.aem4 : BIOS.obj (.text:ti_sysbios_knl_Task_blockI__E)
                  2000f6d0    000000a8                  : BIOS.obj (.text:ti_sysbios_knl_Task_postInit__I)
                  2000f778    000000a0     driverlib.a : spi.obj (.text:SPIConfigSetExpClk)
                  2000f818    000000a0     auto_init.aem4 : auto_init.oem4 (.text)
                  2000f8b8    000000a0     ti.targets.arm.rtsarm.aem4 : Text.oem4 (.text:xdc_runtime_Text_putMod__E)
                  2000f958    0000009c     simplelink.a : driver.obj (.text:_SlDrvMsgReadSpawnCtx)
                  2000f9f4    0000009c     rtsv7M4_T_le_eabi.lib : memcpy_t2.obj (.text)
                  2000fa90    0000009c     simplelink.a : device.obj (.text:sl_DevGet)
                  2000fb2c    00000004     ti.targets.arm.rtsarm.aem4 : System.oem4 (.text:xdc_runtime_System_printf_va__F)
                  2000fb30    0000009c     sysbios.aem4 : BIOS.obj (.text:ti_sysbios_knl_Semaphore_Instance_init__E)
                  2000fbcc    0000009c     ti.targets.arm.rtsarm.aem4 : LoggerBuf.oem4 (.text:xdc_runtime_LoggerBuf_setFilterLevel__E)
                  2000fc68    0000009a                                : Text.oem4 (.text:xdc_runtime_Text_putSite__E)
                  2000fd02    00000002     --HOLE-- [fill = 0]
                  2000fd04    00000098     pinmux.obj (.text)
                  2000fd9c    00000004     --HOLE-- [fill = 0]
                  2000fda0    00000098     sysbios.aem4 : BIOS.obj (.text:ti_sysbios_knl_Mailbox_post__E)
                  2000fe38    00000094     driverlib.a : prcm.obj (.text:PRCMPeripheralClockGet)
                  2000fecc    00000004     --HOLE-- [fill = 0]
                  2000fed0    00000094     sysbios.aem4 : BIOS.obj (.text:ti_sysbios_family_arm_m3_Hwi_Instance_init__E)
                  2000ff64    00000004     --HOLE-- [fill = 0]
                  2000ff68    00000094                  : BIOS.obj (.text:ti_sysbios_knl_Task_exit__E)
                  2000fffc    00000090     simplelink.a : wlan.obj (.text:sl_WlanSmartConfigStart)
                  2001008c    00000004     --HOLE-- [fill = 0]
                  20010090    00000090     sysbios.aem4 : BIOS.obj (.text:ti_sysbios_knl_Task_unblockI__E)
                  20010120    0000008c     simplelink.a : cc_pal.obj (.text:SetupDMAReceive)
                  200101ac    0000008c                  : cc_pal.obj (.text:SetupDMASend)
                  20010238    0000008c                  : netapp.obj (.text:_sl_HandleAsync_DnsGetHostByName)
                  200102c4    0000008c                  : netapp.obj (.text:_sl_HandleAsync_PingResponse)
                  20010350    0000008c                  : cc_pal.obj (.text:spi_Write)
                  200103dc    00000004     --HOLE-- [fill = 0]
                  200103e0    0000008c     sysbios.aem4 : BIOS.obj (.text:ti_sysbios_knl_Mailbox_pend__E)
                  2001046c    00000088     driverlib.a : pin.obj (.text:PinConfigSet)
                  200104f4    00000088     rtsv7M4_T_le_eabi.lib : vsnprintf.obj (.text)
                  2001057c    00000004     --HOLE-- [fill = 0]
                  20010580    00000088     sysbios.aem4 : BIOS.obj (.text:ti_sysbios_family_arm_m3_Hwi_initNVIC__E)
                  20010608    00000088                  : BIOS.obj (.text:ti_sysbios_knl_Mailbox_Module_startup__E)
                  20010690    00000086     rtsv7M4_T_le_eabi.lib : fd_cmp_t2.obj (.text:__aeabi_cdcmple)
                  20010716    00000086                           : fd_cmp_t2.obj (.text:__aeabi_cdrcmple)
                  2001079c    00000084     simplelink.a : cc_pal.obj (.text:NwpPowerOnPreamble)
                  20010820    00000084     sysbios.aem4 : BIOS.obj (.text:ti_sysbios_family_arm_m3_Hwi_postInit__I)
                  200108a4    00000082     driverlib.a : gpio.obj (.text:GPIOIntTypeSet)
                  20010926    00000002     --HOLE-- [fill = 0]
                  20010928    00000080     simplelink.a : driver.obj (.text:_SlDrvCmdOp)
                  200109a8    00000080                  : cc_pal.obj (.text:spi_Read_CPU)
                  20010a28    00000080                  : cc_pal.obj (.text:spi_Write_CPU)
                  20010aa8    0000007c                  : device.obj (.text:_sl_HandleAsync_InitComplete)
                  20010b24    00000004     --HOLE-- [fill = 0]
                  20010b28    0000007c     sysbios.aem4 : BIOS.obj (.text:ti_sysbios_family_arm_m3_TimestampProvider_get64__E)
                  20010ba4    0000007a     rtsv7M4_T_le_eabi.lib : memset_t2.obj (.text)
                  20010c1e    00000002     --HOLE-- [fill = 0]
                  20010c20    00000078     simplelink.a : socket.obj (.text:_sl_HandleAsync_Connect)
                  20010c98    00000078                  : cc_pal.obj (.text:spi_Close)
                  20010d10    00000076     driverlib.a : uart.obj (.text:UARTConfigSetExpClk)
                  20010d86    00000002     --HOLE-- [fill = 0]
                  20010d88    00000074     simplelink.a : socket.obj (.text:sl_Recv)
                  20010dfc    00000074     ti.targets.arm.rtsarm.aem4 : LoggerBuf.oem4 (.text:xdc_runtime_LoggerBuf_getFilterLevel__E)
                  20010e70    00000070     sysbios.aem4 : BIOS.obj (.text:ti_sysbios_knl_Mailbox_Instance_finalize__E)
                  20010ee0    0000006d     ti.targets.arm.rtsarm.aem4 : System.oem4 (.text:xdc_runtime_System_formatNum__I)
                  20010f4d    00000003     --HOLE-- [fill = 0]
                  20010f50    0000006c     simplelink.a : driver.obj (.text:_SlDrvCmdSend)
                  20010fbc    00000004     --HOLE-- [fill = 0]
                  20010fc0    0000006c     sysbios.aem4 : BIOS.obj (.text:ti_sysbios_knl_Swi_restoreHwi__E)
                  2001102c    0000006c     ti.targets.arm.rtsarm.aem4 : Error.oem4 (.text:xdc_runtime_Error_print__E)
                  20011098    0000006c                                : Memory.oem4 (.text:xdc_runtime_Memory_alloc__E)
                  20011104    0000006a     rtsv7M4_T_le_eabi.lib : copy_decompress_rle.obj (.text)
                  2001116e    00000002     --HOLE-- [fill = 0]
                  20011170    00000068     driverlib.a : timer.obj (.text:TimerIntUnregister)
                  200111d8    00000068     simplelink.a : netapp.obj (.text:_sl_NetAppSendTokenValue)
                  20011240    00000068     rtsv7M4_T_le_eabi.lib : trgmsg.obj (.text)
                  200112a8    00000068     simplelink.a : netcfg.obj (.text:sl_NetCfgSet)
                  20011310    00000068                  : socket.obj (.text:sl_SetSockOpt)
                  20011378    00000068                  : wlan.obj (.text:sl_WlanSet)
                  200113e0    00000066     rtsv7M4_T_le_eabi.lib : xdunscal.obj (.text)
                  20011446    00000066     ti.targets.arm.rtsarm.aem4 : Core-mem.oem4 (.text:xdc_runtime_Core_deleteObject__I)
                  200114ac    00000064     app_pem4.oem4 (.text:ti_sysbios_family_arm_m3_Hwi_create)
                  20011510    00000064     app_pem4.oem4 (.text:ti_sysbios_knl_Mailbox_create)
                  20011574    00000064     driverlib.a : udma.obj (.text:uDMAChannelAttributeDisable)
                  200115d8    00000064                 : udma.obj (.text:uDMAChannelAttributeEnable)
                  2001163c    00000060     simplelink.a : socket.obj (.text:_sl_HandleAsync_Accept)
                  2001169c    00000060                  : wlan.obj (.text:sl_WlanPolicySet)
                  200116fc    00000004     --HOLE-- [fill = 0]
                  20011700    00000060     sysbios.aem4 : BIOS.obj (.text:ti_sysbios_knl_Clock_logTick__E)
                  20011760    0000005c     simplelink.a : socket.obj (.text:sl_Socket)
                  200117bc    00000004     --HOLE-- [fill = 0]
                  200117c0    0000005c     sysbios.aem4 : BIOS.obj (.text:ti_sysbios_knl_Swi_schedule__I)
                  2001181c    0000005c     app_pem4.oem4 (.text:ti_sysbios_knl_Task_create)
                  20011878    0000005c     app_pem4.oem4 (.text:xdc_runtime_LoggerBuf_Object__create__S)
                  200118d4    0000005b     ti.targets.arm.rtsarm.aem4 : Text.oem4 (.text:xdc_runtime_Text_putLab__E)
                  2001192f    00000001     --HOLE-- [fill = 0]
                  20011930    00000058     driverlib.a : interrupt.obj (.text:IntPendClear)
                  20011988    00000058                 : prcm.obj (.text:PRCMPeripheralReset)
                  200119e0    00000058     sysbios.aem4 : BIOS.obj (.text:ti_sysbios_family_arm_m3_Timer_setPeriod__E)
                  20011a38    00000056     rtsv7M4_T_le_eabi.lib : ltoa.obj (.text)
                  20011a8e    00000002     --HOLE-- [fill = 0]
                  20011a90    00000054     simplelink.a : socket.obj (.text:_sl_HandleAsync_Select)
                  20011ae4    00000054                  : wlan.obj (.text:sl_WlanRxFilterSet)
                  20011b38    00000054     sysbios.aem4 : BIOS.obj (.text:ti_sysbios_family_arm_m3_Timer_start__E)
                  20011b8c    00000054     ti.targets.arm.rtsarm.aem4 : Assert.oem4 (.text:xdc_runtime_Assert_raise__I)
                  20011be0    00000050     simplelink.a : device.obj (.text:_sl_HandleAsync_Stop)
                  20011c30    00000050     ti.targets.arm.rtsarm.aem4 : Startup.oem4 (.text:xdc_runtime_Startup_exec__E)
                  20011c80    00000050                                : Text.oem4 (.text:xdc_runtime_Text_visitRope2__I)
                  20011cd0    0000004c     driverlib.a : spi.obj (.text:SPIIntEnable)
                  20011d1c    0000004c     simplelink.a : driver.obj (.text:_SlDrvProtectAsyncRespSetting)
                  20011d68    0000004c                  : driver.obj (.text:_SlDrvRxIrqHandler)
                  20011db4    0000004c                  : socket.obj (.text:_sl_BuildAddress)
                  20011e00    0000004c     rtsv7M4_T_le_eabi.lib : atoi.obj (.text)
                  20011e4c    0000004c                           : cpy_tbl.obj (.text)
                  20011e98    0000004c     sysbios.aem4 : m3_TaskSupport_asm.obj (.text:ti_sysbios_family_arm_m3_TaskSupport_buildTaskStack)
                  20011ee4    00000004     --HOLE-- [fill = 0]
                  20011ee8    0000004c                  : BIOS.obj (.text:ti_sysbios_heaps_HeapMem_getStats__E)
                  20011f34    00000004     --HOLE-- [fill = 0]
                  20011f38    0000004c                  : BIOS.obj (.text:ti_sysbios_knl_Swi_runLoop__I)
                  20011f84    00000004     --HOLE-- [fill = 0]
                  20011f88    0000004c                  : BIOS.obj (.text:ti_sysbios_knl_Task_allBlockedFunction__I)
                  20011fd4    0000004c     driverlib.a : udma.obj (.text:uDMAChannelAssign)
                  20012020    00000048                 : spi.obj (.text:SPIIntClear)
                  20012068    00000048     simplelink.a : driver.obj (.text:_SlDrvBasicCmd)
                  200120b0    00000048     rtsv7M4_T_le_eabi.lib : fd_toi_t2.obj (.text)
                  200120f8    00000048     sysbios.aem4 : BIOS.obj (.text:ti_sysbios_family_arm_m3_Hwi_disableInterrupt__E)
                  20012140    00000048                  : BIOS.obj (.text:ti_sysbios_family_arm_m3_Hwi_enableInterrupt__E)
                  20012188    00000048                  : BIOS.obj (.text:ti_sysbios_family_arm_m3_Hwi_excReserved__I)
                  200121d0    00000048                  : m3_Hwi_asm_switch.obj (.text:ti_sysbios_family_arm_m3_Hwi_initStacks__E)
                  20012218    00000048                  : BIOS.obj (.text:ti_sysbios_family_arm_m3_Timer_initDevice__I)
                  20012260    00000046     rtsv7M4_T_le_eabi.lib : ldexp.obj (.text)
                  200122a6    00000046     ti.targets.arm.rtsarm.aem4 : Core-params.oem4 (.text:xdc_runtime_Core_assignParams__I)
                  200122ec    00000044     driverlib.a : spi.obj (.text:SPIDmaMaskGet)
                  20012330    00000044                 : timer.obj (.text:TimerConfigure)
                  20012374    00000044     boot.aem4 : boot.oem4 (.text)
                  200123b8    00000044     simplelink.a : cc_pal.obj (.text:cc_SetupTransfer)
                  200123fc    00000044     rtsv7M4_T_le_eabi.lib : exit.obj (.text)
                  20012440    00000044     sysbios.aem4 : BIOS.obj (.text:ti_sysbios_family_arm_m3_Hwi_getStackInfo__E)
                  20012484    00000004     --HOLE-- [fill = 0]
                  20012488    00000044                  : BIOS.obj (.text:ti_sysbios_knl_Mailbox_postInit__I)
                  200124cc    00000044     ti.targets.arm.rtsarm.aem4 : Error.oem4 (.text:xdc_runtime_Error_setX__E)
                  20012510    00000044                                : LoggerBuf.oem4 (.text:xdc_runtime_LoggerBuf_filterOutEvent__I)
                  20012554    00000044                                : SysMin.oem4 (.text:xdc_runtime_SysMin_flush__E)
                  20012598    00000044                                : Text.oem4 (.text:xdc_runtime_Text_xprintf__I)
                  200125dc    00000042     simplelink.a : socket.obj (.text:sl_Htonl)
                  2001261e    00000002     --HOLE-- [fill = 0]
                  20012620    00000040     driverlib.a : pin.obj (.text:PinModeSet)
                  20012660    00000040     rtsv7M4_T_le_eabi.lib : signal.obj (.text)
                  200126a0    00000040                           : u_divt2.obj (.text)
                  200126e0    00000040     sysbios.aem4 : BIOS.obj (.text:ti_sysbios_family_arm_m3_Timer_Module_startup__E)
                  20012720    0000003e     app_pem4.oem4 (.text:realloc)
                  2001275e    0000003c     simplelink.a : netapp.obj (.text:CopyPingResultsToReport)
                  2001279a    00000002     --HOLE-- [fill = 0]
                  2001279c    0000003c     driverlib.a : prcm.obj (.text:PRCMPeripheralClkEnable)
                  200127d8    0000003c     simplelink.a : socket.obj (.text:_sl_TruncatePayloadByProtocol)
                  20012814    0000003c                  : socket.obj (.text:sl_Htons)
                  20012850    0000003c     sysbios.aem4 : BIOS.obj (.text:ti_sysbios_family_arm_m3_Hwi_excSvCall__I)
                  2001288c    00000004     --HOLE-- [fill = 0]
                  20012890    0000003c                  : BIOS.obj (.text:ti_sysbios_heaps_HeapMem_init__I)
                  200128cc    00000004     --HOLE-- [fill = 0]
                  200128d0    0000003c                  : BIOS.obj (.text:ti_sysbios_knl_Swi_startup__E)
                  2001290c    0000003c     driverlib.a : udma.obj (.text:uDMAChannelControlSet)
                  20012948    0000003a     ti.targets.arm.rtsarm.aem4 : LoggerBuf.oem4 (.text:xdc_runtime_LoggerBuf_Instance_init__E)
                  20012982    00000002     --HOLE-- [fill = 0]
                  20012984    00000038     simplelink.a : cc_pal.obj (.text:NwpPowerOff)
                  200129bc    00000004     --HOLE-- [fill = 0]
                  200129c0    00000038     sysbios.aem4 : BIOS.obj (.text:ti_sysbios_family_arm_m3_Hwi_excNoIsr__I)
                  200129f8    00000038                  : BIOS.obj (.text:ti_sysbios_knl_Task_processVitalTaskFlag__I)
                  20012a30    00000038     ti.targets.arm.rtsarm.aem4 : SysMin.oem4 (.text:xdc_runtime_SysMin_putch__E)
                  20012a68    00000038                                : System.oem4 (.text:xdc_runtime_System_atexit__E)
                  20012aa0    00000036     driverlib.a : gpio.obj (.text:GPIODirModeSet)
                  20012ad6    00000036     simplelink.a : netapp.obj (.text:sl_NetAppMDNSUnRegisterService)
                  20012b0c    00000034     driverlib.a : prcm.obj (.text:PRCMPeripheralStatusGet)
                  20012b40    00000034                 : spi.obj (.text:SPIFIFOLevelSet)
                  20012b74    00000034     rtsv7M4_T_le_eabi.lib : feraiseexcept.obj (.text)
                  20012ba8    00000034     sysbios.aem4 : BIOS.obj (.text:ti_sysbios_family_arm_m3_Hwi_Instance_finalize__E)
                  20012bdc    00000004     --HOLE-- [fill = 0]
                  20012be0    00000034                  : BIOS.obj (.text:ti_sysbios_family_arm_m3_Hwi_excNmi__I)
                  20012c14    00000004     --HOLE-- [fill = 0]
                  20012c18    00000034                  : BIOS.obj (.text:ti_sysbios_family_arm_m3_Timer_periodicStub__I)
                  20012c4c    00000004     --HOLE-- [fill = 0]
                  20012c50    00000034                  : BIOS.obj (.text:ti_sysbios_hal_Hwi_checkStack)
                  20012c84    00000034     app_pem4.oem4 (.text:ti_sysbios_knl_Semaphore_create)
                  20012cb8    00000034     ti.targets.arm.rtsarm.aem4 : Core-label.oem4 (.text:xdc_runtime_Core_assignLabel__I)
                  20012cec    00000033                                : Text.oem4 (.text:xdc_runtime_Text_printVisFxn__I)
                  20012d1f    00000001     --HOLE-- [fill = 0]
                  20012d20    00000032     sysbios.aem4 : BIOS.obj (.text:ti_sysbios_hal_Hwi_initStack)
                  20012d52    00000006     driverlib.a : utils.obj (.text:UtilsDelay)
                  20012d58    00000032     sysbios.aem4 : BIOS.obj (.text:ti_sysbios_knl_Semaphore_pendTimeout__I)
                  20012d8a    00000030     driverlib.a : pin.obj (.text:PinTypeGPIO)
                  20012dba    00000002     --HOLE-- [fill = 0]
                  20012dbc    00000030                 : uart.obj (.text:UARTDisable)
                  20012dec    00000030     simplelink.a : device.obj (.text:_SlDrvDeviceEventHandler)
                  20012e1c    00000030     rtsv7M4_T_le_eabi.lib : strncpy.obj (.text)
                  20012e4c    00000030                           : xferaise.obj (.text)
                  20012e7c    00000030     simplelink.a : socket.obj (.text:sl_Close)
                  20012eac    00000030                  : wlan.obj (.text:sl_WlanProfileDel)
                  20012edc    00000030                  : wlan.obj (.text:sl_WlanSetMode)
                  20012f0c    00000030     app_pem4.oem4 (.text:ti_sysbios_BIOS_atExitFunc__I)
                  20012f3c    00000004     --HOLE-- [fill = 0]
                  20012f40    00000030     sysbios.aem4 : BIOS.obj (.text:ti_sysbios_family_arm_m3_TaskSupport_start__E)
                  20012f70    00000030     app_pem4.oem4 (.text:ti_sysbios_gates_GateHwi_Object__create__S)
                  20012fa0    00000030     app_pem4.oem4 (.text:ti_sysbios_gates_GateMutex_Object__create__S)
                  20012fd0    00000030     app_pem4.oem4 (.text:ti_sysbios_heaps_HeapMem_Object__create__S)
                  20013000    00000030     app_pem4.oem4 (.text:ti_sysbios_knl_Semaphore_construct)
                  20013030    00000030     ti.targets.arm.rtsarm.aem4 : SysMin.oem4 (.text:xdc_runtime_SysMin_abort__E)
                  20013060    00000030                                : System.oem4 (.text:xdc_runtime_System_processAtExit__E)
                  20013090    0000002e     app_pem4.oem4 (.text:malloc)
                  200130be    0000002e     rtsv7M4_T_le_eabi.lib : i_tofd_t2.obj (.text)
                  200130ec    0000002e                           : raise.obj (.text)
                  2001311a    00000002     --HOLE-- [fill = 0]
                  2001311c    0000002c     simplelink.a : cc_pal.obj (.text:DmaSpiSwIntHandler)
                  20013148    0000002c                  : cc_pal.obj (.text:NwpPowerOn)
                  20013174    0000002c     driverlib.a : prcm.obj (.text:PRCMSysResetCauseGet)
                  200131a0    0000002c     app_pem4.oem4 (.text:ti_sysbios_knl_Clock_doTick__I)
                  200131cc    0000002c     app_pem4.oem4 (.text:ti_sysbios_knl_Queue_construct)
                  200131f8    0000002c     sysbios.aem4 : BIOS.obj (.text:ti_sysbios_knl_Task_restore__E)
                  20013224    0000002c     ti.targets.arm.rtsarm.aem4 : Text.oem4 (.text:xdc_runtime_Text_cordText__E)
                  20013250    0000002a     driverlib.a : timer.obj (.text:TimerLoadSet)
                  2001327a    0000002a                 : timer.obj (.text:TimerPrescaleSet)
                  200132a4    0000002a     rtsv7M4_T_le_eabi.lib : xdclass.obj (.text)
                  200132ce    0000002a     ti.targets.arm.rtsarm.aem4 : System.oem4 (.text:xdc_runtime_System_putchar__I)
                  200132f8    00000028     driverlib.a : prcm.obj (.text:PRCMPeripheralClkDisable)
                  20013320    00000028     sysbios.aem4 : BIOS.obj (.text:ti_sysbios_knl_Swi_Module_startup__E)
                  20013348    00000028     ti.targets.arm.rtsarm.aem4 : LoggerBuf.oem4 (.text:xdc_runtime_LoggerBuf_Module_startup__E)
                  20013370    00000026     simplelink.a : cc_pal.obj (.text:NwpRegisterInterruptHandler)
                  20013396    00000026     ti.targets.arm.rtsarm.aem4 : System.oem4 (.text:xdc_runtime_System_avprintf__E)
                  200133bc    00000024     driverlib.a : interrupt.obj (.text:IntUnregister)
                  200133e0    00000024                 : uart.obj (.text:UARTEnable)
                  20013404    00000024     simplelink.a : driver.obj (.text:_SlDrvProtectionObjLockWaitForever)
                  20013428    00000024     rtsv7M4_T_le_eabi.lib : memmov.obj (.text)
                  2001344c    00000024     app_pem4.oem4 (.text:ti_sysbios_BIOS_errorRaiseHook__I)
                  20013470    00000024     app_pem4.oem4 (.text:ti_sysbios_BIOS_registerRTSLock__I)
                  20013494    00000024     app_pem4.oem4 (.text:ti_sysbios_BIOS_removeRTSLock__I)
                  200134b8    00000024     app_pem4.oem4 (.text:ti_sysbios_BIOS_startFunc__I)
                  200134dc    00000004     --HOLE-- [fill = 0]
                  200134e0    00000024     sysbios.aem4 : BIOS.obj (.text:ti_sysbios_family_arm_m3_Hwi_doTaskRestore__I)
                  20013504    00000004     --HOLE-- [fill = 0]
                  20013508    00000024                  : BIOS.obj (.text:ti_sysbios_family_arm_m3_Timer_startup__E)
                  2001352c    00000024     app_pem4.oem4 (.text:ti_sysbios_gates_GateMutex_Object__delete__S)
                  20013550    00000024     sysbios.aem4 : BIOS.obj (.text:ti_sysbios_knl_Clock_Module_startup__E)
                  20013574    00000024     app_pem4.oem4 (.text:ti_sysbios_knl_Semaphore_Object__delete__S)
                  20013598    00000024     ti.targets.arm.rtsarm.aem4 : System.oem4 (.text:xdc_runtime_System_vprintf__E)
                  200135bc    00000022     driverlib.a : gpio.obj (.text:GPIOIntStatus)
                  200135de    00000022                 : spi.obj (.text:SPIReset)
                  20013600    00000022                 : spi.obj (.text:SPIWordCountSet)
                  20013622    00000022     rtsv7M4_T_le_eabi.lib : frexp.obj (.text)
                  20013644    00000022     app_pem4.oem4 (.text:xdc_runtime_SysMin_output__I)
                  20013666    00000020     driverlib.a : gpio.obj (.text:GPIOPinWrite)
                  20013686    00000002     --HOLE-- [fill = 0]
                  20013688    00000020     simplelink.a : driver.obj (.text:_SlDrvProtectionObjUnLock)
                  200136a8    00000020     app_pem4.oem4 (.text:ti_sysbios_BIOS_rtsLock__I)
                  200136c8    00000020     app_pem4.oem4 (.text:ti_sysbios_family_arm_m3_Hwi_Object__delete__S)
                  200136e8    00000020     sysbios.aem4 : m3_Hwi_asm.obj (.text:ti_sysbios_family_arm_m3_Hwi_excHandlerAsm__I)
                  20013708    00000020                  : BIOS.obj (.text:ti_sysbios_family_arm_m3_Hwi_excHandler__I)
                  20013728    00000020                  : BIOS.obj (.text:ti_sysbios_family_arm_m3_TimestampProvider_Module_startup__E)
                  20013748    00000020     app_pem4.oem4 (.text:ti_sysbios_gates_GateHwi_Object__delete__S)
                  20013768    00000020     app_pem4.oem4 (.text:ti_sysbios_heaps_HeapMem_Object__delete__S)
                  20013788    00000020     sysbios.aem4 : BIOS.obj (.text:ti_sysbios_knl_Idle_run__E)
                  200137a8    00000020     app_pem4.oem4 (.text:ti_sysbios_knl_Mailbox_Object__delete__S)
                  200137c8    00000020     app_pem4.oem4 (.text:ti_sysbios_knl_Semaphore_Object__destruct__S)
                  200137e8    00000020     app_pem4.oem4 (.text:ti_sysbios_knl_Task_Object__delete__S)
                  20013808    00000020     app_pem4.oem4 (.text:xdc_runtime_LoggerBuf_Object__delete__S)
                  20013828    00000020     ti.targets.arm.rtsarm.aem4 : LoggerBuf.oem4 (.text:xdc_runtime_LoggerBuf_reset__E)
                  20013848    00000020                                : Registry.oem4 (.text:xdc_runtime_Registry_findById__E)
                  20013868    00000020                                : SysMin.oem4 (.text:xdc_runtime_SysMin_Module_startup__E)
                  20013888    0000001e     driverlib.a : timer.obj (.text:TimerDisable)
                  200138a6    0000001e                 : timer.obj (.text:TimerEnable)
                  200138c4    0000001e                 : timer.obj (.text:TimerIntStatus)
                  200138e2    0000001e                 : uart.obj (.text:UARTCharPut)
                  20013900    0000001e     simplelink.a : cc_pal.obj (.text:cc_UDMAChannelSelect)
                  2001391e    0000001e     sysbios.aem4 : m3_Hwi_asm_switch.obj (.text:ti_sysbios_family_xxx_Hwi_switchAndRunFunc)
                  2001393c    0000001c     driverlib.a : timer.obj (.text:TimerValueGet)
                  20013958    0000001c                 : uart.obj (.text:UARTCharGetNonBlocking)
                  20013974    0000001c     simplelink.a : driver.obj (.text:_SlDrvObjLockWaitForever)
                  20013990    0000001c                  : driver.obj (.text:_SlDrvSyncObjWaitForever)
                  200139ac    0000001c     rtsv7M4_T_le_eabi.lib : memccpy.obj (.text)
                  200139c8    0000001c     sysbios.aem4 : BIOS.obj (.text:ti_sysbios_family_arm_m3_Hwi_setPriority__E)
                  200139e4    00000004     --HOLE-- [fill = 0]
                  200139e8    0000001c                  : BIOS.obj (.text:ti_sysbios_gates_GateMutex_Instance_init__E)
                  20013a04    0000001c     app_pem4.oem4 (.text:ti_sysbios_knl_Queue_Object__destruct__S)
                  20013a20    0000001c     sysbios.aem4 : BIOS.obj (.text:ti_sysbios_knl_Task_enter__I)
                  20013a3c    0000001c     driverlib.a : udma.obj (.text:uDMAChannelEnable)
                  20013a58    0000001c     ti.targets.arm.rtsarm.aem4 : Error.oem4 (.text:xdc_runtime_Error_raiseX__E)
                  20013a74    0000001c                                : Memory.oem4 (.text:xdc_runtime_Memory_valloc__E)
                  20013a90    0000001c                                : SysMin.oem4 (.text:xdc_runtime_SysMin_exit__E)
                  20013aac    0000001c                                : System.oem4 (.text:xdc_runtime_System_abort__E)
                  20013ac8    0000001a     driverlib.a : gpio.obj (.text:GPIOIntDisable)
                  20013ae2    0000001a                 : gpio.obj (.text:GPIOIntEnable)
                  20013afc    0000001a                 : pin.obj (.text:PinTypeUART)
                  20013b16    0000001a                 : spi.obj (.text:SPIDmaDisable)
                  20013b30    0000001a                 : spi.obj (.text:SPIDmaEnable)
                  20013b4a    0000001a                 : spi.obj (.text:SPIFIFODisable)
                  20013b64    0000001a                 : spi.obj (.text:SPIFIFOEnable)
                  20013b7e    0000001a     app_pem4.oem4 (.text:ti_sysbios_family_arm_m3_Hwi_Handle__label__S)
                  20013b98    0000001a     sysbios.aem4 : m3_Hwi_asm.obj (.text:ti_sysbios_family_arm_m3_Hwi_pendSV__I)
                  20013bb2    0000001a     app_pem4.oem4 (.text:ti_sysbios_gates_GateHwi_Handle__label__S)
                  20013bcc    0000001a     app_pem4.oem4 (.text:ti_sysbios_gates_GateMutex_Handle__label__S)
                  20013be6    0000001a     app_pem4.oem4 (.text:ti_sysbios_heaps_HeapMem_Handle__label__S)
                  20013c00    0000001a     app_pem4.oem4 (.text:ti_sysbios_knl_Swi_Handle__label__S)
                  20013c1a    0000001a     app_pem4.oem4 (.text:ti_sysbios_knl_Task_Handle__label__S)
                  20013c34    00000004     --HOLE-- [fill = 0]
                  20013c38    0000001a     sysbios.aem4 : BIOS.obj (.text:ti_sysbios_knl_Task_sleepTimeout__I)
                  20013c52    0000001a     app_pem4.oem4 (.text:xdc_runtime_LoggerBuf_Handle__label__S)
                  20013c6c    0000001a     app_pem4.oem4 (.text:xdc_runtime_System_aprintf__E)
                  20013c86    0000001a     app_pem4.oem4 (.text:xdc_runtime_System_printf__E)
                  20013ca0    00000018     driverlib.a : gpio.obj (.text:GPIOPinRead)
                  20013cb8    00000018                 : spi.obj (.text:SPICSDisable)
                  20013cd0    00000018                 : spi.obj (.text:SPICSEnable)
                  20013ce8    00000018                 : spi.obj (.text:SPIDisable)
                  20013d00    00000018                 : spi.obj (.text:SPIEnable)
                  20013d18    00000018                 : timer.obj (.text:TimerIntDisable)
                  20013d30    00000018                 : timer.obj (.text:TimerIntEnable)
                  20013d48    00000018                 : uart.obj (.text:UARTCharsAvail)
                  20013d60    00000018     simplelink.a : driver.obj (.text:_SlDrvObjUnLock)
                  20013d78    00000018                  : driver.obj (.text:_SlDrvSyncObjSignal)
                  20013d90    00000018                  : device.obj (.text:_sl_GetStartResponseConvert)
                  20013da8    00000018     app_pem4.oem4 (.text:free)
                  20013dc0    00000018     rtsv7M4_T_le_eabi.lib : args_main.obj (.text)
                  20013dd8    00000018     app_pem4.oem4 (.text:ti_sysbios_BIOS_rtsUnlock__I)
                  20013df0    00000018     app_pem4.oem4 (.text:ti_sysbios_family_arm_m3_Hwi_Module__startupDone__F)
                  20013e08    00000018     app_pem4.oem4 (.text:ti_sysbios_family_arm_m3_Timer_Module__startupDone__F)
                  20013e20    00000018     sysbios.aem4 : BIOS.obj (.text:ti_sysbios_gates_GateMutex_leave__E)
                  20013e38    00000018     ti.targets.arm.rtsarm.aem4 : Error.oem4 (.text:xdc_runtime_Error_check__E)
                  20013e50    00000018                                : System.oem4 (.text:xdc_runtime_System_exit__E)
                  20013e68    00000018                                : Text.oem4 (.text:xdc_runtime_Text_ropeText__E)
                  20013e80    00000016     driverlib.a : prcm.obj (.text:PRCMHIBRegRead)
                  20013e96    00000016                 : prcm.obj (.text:PRCMHIBRegWrite)
                  20013eac    00000016     simplelink.a : driver.obj (.text:_SlDrvMemZero)
                  20013ec2    00000016     rtsv7M4_T_le_eabi.lib : strchr.obj (.text)
                  20013ed8    00000016     app_pem4.oem4 (.text:ti_sysbios_BIOS_exitFunc__I)
                  20013eee    00000014     driverlib.a : cpu.obj (.text:CPUcpsie)
                  20013f02    00000014                 : gpio.obj (.text:GPIOIntClear)
                  20013f16    00000002     --HOLE-- [fill = 0]
                  20013f18    00000014     rtsv7M4_T_le_eabi.lib : _lock.obj (.text)
                  20013f2c    00000014                           : strcpy.obj (.text)
                  20013f40    00000014                           : strlen.obj (.text)
                  20013f54    00000014     app_pem4.oem4 (.text:ti_sysbios_family_arm_m3_Hwi_Object__get__S)
                  20013f68    00000014     sysbios.aem4 : BIOS.obj (.text:ti_sysbios_family_arm_m3_Hwi_switchFromBootStack__E)
                  20013f7c    00000014     app_pem4.oem4 (.text:ti_sysbios_heaps_HeapMem_Object__get__S)
                  20013f90    00000014     app_pem4.oem4 (.text:ti_sysbios_knl_Swi_Object__get__S)
                  20013fa4    00000014     app_pem4.oem4 (.text:xdc_runtime_LoggerBuf_Object__get__S)
                  20013fb8    00000012     driverlib.a : timer.obj (.text:TimerIntClear)
                  20013fca    00000006     ti.targets.arm.rtsarm.aem4 : xdc_noinit.oem4 (.text:__xdc__init)
                  20013fd0    00000012     sysbios.aem4 : BIOS.obj (.text:ti_sysbios_hal_Hwi_Module_startup__E)
                  20013fe2    00000006     rtsv7M4_T_le_eabi.lib : copy_decompress_rle.obj (.text:decompress:rle24)
                  20013fe8    00000012     sysbios.aem4 : BIOS.obj (.text:ti_sysbios_hal_Timer_Module_startup__E)
                  20013ffa    00000012     ti.targets.arm.rtsarm.aem4 : LoggerBuf.oem4 (.text:xdc_runtime_LoggerBuf_Instance_finalize__E)
                  2001400c    00000012                                : LoggerBuf.oem4 (.text:xdc_runtime_LoggerBuf_write1__E)
                  2001401e    00000012                                : LoggerBuf.oem4 (.text:xdc_runtime_LoggerBuf_write2__E)
                  20014030    00000012     app_pem4.oem4 (.text:xdc_runtime_Startup_exec__I)
                  20014042    00000006     ti.targets.arm.rtsarm.aem4 : System.oem4 (.text:xdc_runtime_System_Module_startup__E)
                  20014048    00000010     sysbios.aem4 : BIOS.obj (.text:ti_sysbios_BIOS_setThreadType__E)
                  20014058    00000010                  : BIOS.obj (.text:ti_sysbios_BIOS_start__E)
                  20014068    00000010                  : BIOS.obj (.text:ti_sysbios_family_arm_m3_Hwi_getHandle__E)
                  20014078    00000010                  : m3_TaskSupport_asm.obj (.text:ti_sysbios_family_arm_m3_TaskSupport_glue)
                  20014088    00000010                  : m3_TaskSupport_asm.obj (.text:ti_sysbios_family_arm_m3_TaskSupport_swap__E)
                  20014098    00000010                  : BIOS.obj (.text:ti_sysbios_gates_GateMutex_Instance_finalize__E)
                  200140a8    00000010     app_pem4.oem4 (.text:ti_sysbios_knl_Mailbox_Object__get__S)
                  200140b8    00000010     sysbios.aem4 : BIOS.obj (.text:ti_sysbios_knl_Semaphore_Instance_finalize__E)
                  200140c8    00000010                  : BIOS.obj (.text:ti_sysbios_knl_Swi_disable__E)
                  200140d8    00000010     app_pem4.oem4 (.text:ti_sysbios_knl_Task_Object__get__S)
                  200140e8    00000010     sysbios.aem4 : BIOS.obj (.text:ti_sysbios_knl_Task_disable__E)
                  200140f8    00000010     ti.targets.arm.rtsarm.aem4 : Gate.oem4 (.text:xdc_runtime_Gate_leaveSystem__E)
                  20014108    00000010                                : LoggerBuf.oem4 (.text:xdc_runtime_LoggerBuf_write0__E)
                  20014118    00000010                                : Memory.oem4 (.text:xdc_runtime_Memory_free__E)
                  20014128    00000010                                : SysMin.oem4 (.text:xdc_runtime_SysMin_ready__E)
                  20014138    00000010                                : System.oem4 (.text:xdc_runtime_System_vsnprintf__E)
                  20014148    00000010     app_pem4.oem4 (.text:xdc_runtime_Text_visitRope__I)
                  20014158    0000000e     simplelink.a : driver.obj (.text:_SlDrvResetCmdExt)
                  20014166    0000000e     rtsv7M4_T_le_eabi.lib : copy_decompress_none.obj (.text:decompress:none)
                  20014174    00000004     --HOLE-- [fill = 0]
                  20014178    0000000e     sysbios.aem4 : BIOS.obj (.text:ti_sysbios_knl_Idle_loop__E)
                  20014186    00000002     --HOLE-- [fill = 0]
                  20014188    0000000e                  : BIOS.obj (.text:ti_sysbios_knl_Queue_empty__E)
                  20014196    00000002     --HOLE-- [fill = 0]
                  20014198    0000000c     simplelink.a : cc_pal.obj (.text:NwpMaskInterrupt)
                  200141a4    0000000c                  : cc_pal.obj (.text:NwpUnMaskInterrupt)
                  200141b0    0000000c     rtsv7M4_T_le_eabi.lib : copy_zero_init.obj (.text:decompress:ZI)
                  200141bc    0000000c     simplelink.a : wlan.obj (.text:sl_WlanDisconnect)
                  200141c8    0000000c                  : wlan.obj (.text:sl_WlanSmartConfigStop)
                  200141d4    0000000c     app_pem4.oem4 (.text:ti_sysbios_family_arm_m3_Hwi_Params__init__S)
                  200141e0    0000000c     sysbios.aem4 : BIOS.obj (.text:ti_sysbios_family_arm_m3_Hwi_disableFxn__E)
                  200141ec    00000004     --HOLE-- [fill = 0]
                  200141f0    0000000c                  : BIOS.obj (.text:ti_sysbios_family_arm_m3_TaskSupport_checkStack__E)
                  200141fc    00000004     --HOLE-- [fill = 0]
                  20014200    0000000c                  : BIOS.obj (.text:ti_sysbios_family_arm_m3_TaskSupport_getStackAlignment__E)
                  2001420c    00000004     --HOLE-- [fill = 0]
                  20014210    0000000c                  : BIOS.obj (.text:ti_sysbios_gates_GateHwi_enter__E)
                  2001421c    0000000c     app_pem4.oem4 (.text:ti_sysbios_knl_Queue_Object__get__S)
                  20014228    0000000c     app_pem4.oem4 (.text:ti_sysbios_knl_Semaphore_Params__init__S)
                  20014234    0000000c     app_pem4.oem4 (.text:ti_sysbios_knl_Task_Params__init__S)
                  20014240    0000000c     ti.targets.arm.rtsarm.aem4 : Error.oem4 (.text:xdc_runtime_Error_init__E)
                  2001424c    0000000c                                : Gate.oem4 (.text:xdc_runtime_Gate_enterSystem__E)
                  20014258    0000000c                                : Memory.oem4 (.text:xdc_runtime_Memory_calloc__E)
                  20014264    0000000c                                : Memory.oem4 (.text:xdc_runtime_Memory_getMaxDefaultTypeAlign__E)
                  20014270    0000000a     driverlib.a : interrupt.obj (.text:IntMasterEnable)
                  2001427a    0000000a     app_pem4.oem4 (.text:xdc_runtime_IHeap_alloc)
                  20014284    0000000a     app_pem4.oem4 (.text:xdc_runtime_IHeap_free)
                  2001428e    0000000a     ti.targets.arm.rtsarm.aem4 : LoggerBuf.oem4 (.text:xdc_runtime_LoggerBuf_disable__E)
                  20014298    0000000a                                : LoggerBuf.oem4 (.text:xdc_runtime_LoggerBuf_enable__E)
                  200142a2    00000006     --HOLE-- [fill = 0]
                  200142a8    00000008     sysbios.aem4 : BIOS.obj (.text:ti_sysbios_family_arm_m3_Hwi_doSwiRestore__I)
                  200142b0    00000008                  : BIOS.obj (.text:ti_sysbios_family_arm_m3_Hwi_startup__E)
                  200142b8    00000006                  : BIOS.obj (.text:ti_sysbios_family_arm_m3_Hwi_restoreFxn__E)
                  200142be    00000002     --HOLE-- [fill = 0]
                  200142c0    00000006                  : BIOS.obj (.text:ti_sysbios_gates_GateHwi_leave__E)
                  200142c6    00000002     --HOLE-- [fill = 0]
                  200142c8    00000006                  : BIOS.obj (.text:ti_sysbios_heaps_HeapMem_isBlocking__E)
                  200142ce    00000002     --HOLE-- [fill = 0]
                  200142d0    00000006                  : BIOS.obj (.text:ti_sysbios_knl_Queue_Instance_init__E)
                  200142d6    00000002     --HOLE-- [fill = 0]
                  200142d8    00000004                  : BIOS.obj (.text:ti_sysbios_family_arm_m3_Timer_getMaxTicks__E)
                  200142dc    00000004     --HOLE-- [fill = 0]
                  200142e0    00000004                  : BIOS.obj (.text:ti_sysbios_gates_GateHwi_query__E)
                  200142e4    00000004     --HOLE-- [fill = 0]
                  200142e8    00000004                  : BIOS.obj (.text:ti_sysbios_gates_GateMutex_query__E)
                  200142ec    00000004     --HOLE-- [fill = 0]
                  200142f0    00000004                  : BIOS.obj (.text:ti_sysbios_knl_Task_startup__E)
                  200142f4    00000004     --HOLE-- [fill = 0]
                  200142f8    00000002                  : BIOS.obj (.text:ti_sysbios_gates_GateHwi_Instance_init__E)

.const     0    200142fc    00002a12     
                  200142fc    000018cb     app_pem4.oem4 (.const:xdc_runtime_Text_charTab__A)
                  20015bc7    0000018b     main.obj (.const:.string)
                  20015d52    00000101     rtsv7M4_T_le_eabi.lib : ctype.obj (.const:.string:_ctypes_)
                  20015e53    00000001     app_pem4.oem4 (.const:xdc_runtime_Error_policy__C)
                  20015e54    00000100     driverlib.a : pin.obj (.const:g_ulPinToPadMap)
                  20015f54    000000b8     app_pem4.oem4 (.const:xdc_runtime_Text_nodeTab__A)
                  2001600c    000000b0     simplelink.a : wlan.obj (.const:$P$T0$1)
                  200160bc    000000a8     driverlib.a : prcm.obj (.const:PRCM_PeriphRegsList)
                  20016164    00000080                 : interrupt.obj (.const)
                  200161e4    00000062     network_if.obj (.const:.string)
                  20016246    0000005f     libEmail.a : email.obj (.const:.string)
                  200162a5    0000004d     main.obj (.const:.string:pucUARTErrorSocketCreateString)
                  200162f2    00000002     app_pem4.oem4 (.const:ti_sysbios_family_arm_m3_Hwi_Module__id__C)
                  200162f4    00000048     app_pem4.oem4 (.const:.string)
                  2001633c    00000040     libEmail.a : base64.obj (.const:.string:g_ccB64Tbl)
                  2001637c    00000040     main.obj (.const:.string:pucUARTIntroString3)
                  200163bc    0000003c     simplelink.a : driver.obj (.const:OpcodeTranslateTable)
                  200163f8    0000003c                  : wlan.obj (.const)
                  20016434    0000003c     app_pem4.oem4 (.const:ti_sysbios_knl_Task_Object__PARAMS__C)
                  20016470    0000003c     app_pem4.oem4 (.const:xdc_runtime_LoggerBuf_Module__FXNS__C)
                  200164ac    00000038     simplelink.a : driver.obj (.const:_SlActionLookupTable)
                  200164e4    00000034                  : driver.obj (.const)
                  20016518    00000034                  : socket.obj (.const)
                  2001654c    00000034     app_pem4.oem4 (.const:ti_sysbios_knl_Mailbox_Object__PARAMS__C)
                  20016580    00000031     main.obj (.const:.string:pucUARTParamString1)
                  200165b1    00000001     --HOLE-- [fill = 0]
                  200165b2    00000002     app_pem4.oem4 (.const:ti_sysbios_family_arm_m3_Hwi_Module__loggerDefined__C)
                  200165b4    00000030     app_pem4.oem4 (.const:ti_sysbios_family_arm_m3_Hwi_Object__PARAMS__C)
                  200165e4    00000030     app_pem4.oem4 (.const:xdc_runtime_Startup_sfxnTab__A)
                  20016614    0000002f     main.obj (.const:.string:pucUARTSmartConfigString)
                  20016643    00000001     --HOLE-- [fill = 0]
                  20016644    0000002c     network_if.obj (.const:$P$T1$2)
                  20016670    00000028     main.obj (.const:.string:pucUARTParamString3)
                  20016698    00000028     simplelink.a : netapp.obj (.const)
                  200166c0    00000028     app_pem4.oem4 (.const:ti_sysbios_heaps_HeapMem_Module__FXNS__C)
                  200166e8    00000027     main.obj (.const:.string:pucUARTIntroString6)
                  2001670f    00000001     --HOLE-- [fill = 0]
                  20016710    00000024     network_if.obj (.const)
                  20016734    00000024     app_pem4.oem4 (.const:ti_sysbios_gates_GateHwi_Module__FXNS__C)
                  20016758    00000024     app_pem4.oem4 (.const:ti_sysbios_gates_GateMutex_Module__FXNS__C)
                  2001677c    00000024     app_pem4.oem4 (.const:ti_sysbios_heaps_HeapMem_Object__PARAMS__C)
                  200167a0    00000024     app_pem4.oem4 (.const:ti_sysbios_knl_Semaphore_Object__PARAMS__C)
                  200167c4    00000024     app_pem4.oem4 (.const:xdc_runtime_LoggerBuf_Object__PARAMS__C)
                  200167e8    00000023     smartconfig.obj (.const:.string)
                  2001680b    00000022     network_if.obj (.const:.string:$P$T0$1)
                  2001682d    00000021     main.obj (.const:.string:pucUARTIntroString4)
                  2001684e    00000021     main.obj (.const:.string:pucUARTParamString2)
                  2001686f    00000001     --HOLE-- [fill = 0]
                  20016870    00000020     app_pem4.oem4 (.const:ti_sysbios_family_arm_m3_Hwi_Object__DESC__C)
                  20016890    00000020     app_pem4.oem4 (.const:ti_sysbios_gates_GateHwi_Object__DESC__C)
                  200168b0    00000020     app_pem4.oem4 (.const:ti_sysbios_gates_GateMutex_Object__DESC__C)
                  200168d0    00000020     app_pem4.oem4 (.const:ti_sysbios_heaps_HeapMem_Object__DESC__C)
                  200168f0    00000020     app_pem4.oem4 (.const:ti_sysbios_knl_Mailbox_Object__DESC__C)
                  20016910    00000020     app_pem4.oem4 (.const:ti_sysbios_knl_Queue_Object__DESC__C)
                  20016930    00000020     app_pem4.oem4 (.const:ti_sysbios_knl_Semaphore_Object__DESC__C)
                  20016950    00000020     app_pem4.oem4 (.const:ti_sysbios_knl_Task_Object__DESC__C)
                  20016970    00000020     app_pem4.oem4 (.const:xdc_runtime_LoggerBuf_Object__DESC__C)
                  20016990    00000018     driverlib.a : spi.obj (.const)
                  200169a8    00000018     app_pem4.oem4 (.const:ti_sysbios_gates_GateHwi_Object__PARAMS__C)
                  200169c0    00000018     app_pem4.oem4 (.const:ti_sysbios_gates_GateMutex_Object__PARAMS__C)
                  200169d8    00000018     app_pem4.oem4 (.const:ti_sysbios_knl_Queue_Object__PARAMS__C)
                  200169f0    00000018     app_pem4.oem4 (.const:xdc_runtime_Startup_sfxnRts__A)
                  20016a08    00000014     simplelink.a : device.obj (.const)
                  20016a1c    00000010                  : socket.obj (.const:.string)
                  20016a2c    0000000c     app_pem4.oem4 (.const:xdc_runtime_Startup_firstFxns__A)
                  20016a38    00000008     simplelink.a : device.obj (.const:.string)
                  20016a40    00000008                  : netcfg.obj (.const)
                  20016a48    00000008     app_pem4.oem4 (.const:ti_sysbios_family_arm_m3_Hwi_excHookFuncs__A)
                  20016a50    00000008     app_pem4.oem4 (.const:ti_sysbios_knl_Idle_funcList__C)
                  20016a58    00000008     app_pem4.oem4 (.const:xdc_runtime_Startup_firstFxns__C)
                  20016a60    00000008     app_pem4.oem4 (.const:xdc_runtime_Startup_lastFxns__C)
                  20016a68    00000004     app_pem4.oem4 (.const:ti_sysbios_family_arm_m3_Hwi_E_NMI__C)
                  20016a6c    00000004     app_pem4.oem4 (.const:ti_sysbios_family_arm_m3_Hwi_E_alreadyDefined__C)
                  20016a70    00000004     app_pem4.oem4 (.const:ti_sysbios_family_arm_m3_Hwi_E_busFault__C)
                  20016a74    00000004     app_pem4.oem4 (.const:ti_sysbios_family_arm_m3_Hwi_E_debugMon__C)
                  20016a78    00000004     app_pem4.oem4 (.const:ti_sysbios_family_arm_m3_Hwi_E_hardFault__C)
                  20016a7c    00000004     app_pem4.oem4 (.const:ti_sysbios_family_arm_m3_Hwi_E_memFault__C)
                  20016a80    00000004     app_pem4.oem4 (.const:ti_sysbios_family_arm_m3_Hwi_E_noIsr__C)
                  20016a84    00000004     app_pem4.oem4 (.const:ti_sysbios_family_arm_m3_Hwi_E_reserved__C)
                  20016a88    00000004     app_pem4.oem4 (.const:ti_sysbios_family_arm_m3_Hwi_E_svCall__C)
                  20016a8c    00000004     app_pem4.oem4 (.const:ti_sysbios_family_arm_m3_Hwi_E_usageFault__C)
                  20016a90    00000004     app_pem4.oem4 (.const:ti_sysbios_family_arm_m3_Hwi_LD_end__C)
                  20016a94    00000004     app_pem4.oem4 (.const:ti_sysbios_family_arm_m3_Hwi_LM_begin__C)
                  20016a98    00000004     app_pem4.oem4 (.const:ti_sysbios_family_arm_m3_Hwi_Module__diagsEnabled__C)
                  20016a9c    00000004     app_pem4.oem4 (.const:ti_sysbios_family_arm_m3_Hwi_Module__diagsIncluded__C)
                  20016aa0    00000004     app_pem4.oem4 (.const:ti_sysbios_family_arm_m3_Hwi_Module__diagsMask__C)
                  20016aa4    00000004     app_pem4.oem4 (.const:ti_sysbios_family_arm_m3_Hwi_Module__loggerFxn1__C)
                  20016aa8    00000004     app_pem4.oem4 (.const:ti_sysbios_family_arm_m3_Hwi_Module__loggerFxn8__C)
                  20016aac    00000004     app_pem4.oem4 (.const:ti_sysbios_family_arm_m3_Hwi_Module__loggerObj__C)
                  20016ab0    00000004     app_pem4.oem4 (.const:ti_sysbios_family_arm_m3_Hwi_NUM_INTERRUPTS__C)
                  20016ab4    00000004     app_pem4.oem4 (.const:ti_sysbios_family_arm_m3_Hwi_Object__count__C)
                  20016ab8    00000004     app_pem4.oem4 (.const:ti_sysbios_family_arm_m3_Hwi_ccr__C)
                  20016abc    00000004     app_pem4.oem4 (.const:ti_sysbios_family_arm_m3_Hwi_excHandlerFunc__C)
                  20016ac0    00000004     app_pem4.oem4 (.const:ti_sysbios_family_arm_m3_Hwi_excHookFuncs__C)
                  20016ac4    00000004     app_pem4.oem4 (.const:ti_sysbios_family_arm_m3_Hwi_nullIsrFunc__C)
                  20016ac8    00000004     app_pem4.oem4 (.const:ti_sysbios_family_arm_m3_Hwi_priGroup__C)
                  20016acc    00000004     app_pem4.oem4 (.const:ti_sysbios_family_arm_m3_TaskSupport_stackAlignment__C)
                  20016ad0    00000004     app_pem4.oem4 (.const:ti_sysbios_family_arm_m3_Timer_E_cannotSupport__C)
                  20016ad4    00000004     app_pem4.oem4 (.const:ti_sysbios_family_arm_m3_Timer_startupNeeded__C)
                  20016ad8    00000004     app_pem4.oem4 (.const:ti_sysbios_gates_GateMutex_A_badContext__C)
                  20016adc    00000004     app_pem4.oem4 (.const:ti_sysbios_gates_GateMutex_Instance_State_sem__O)
                  20016ae0    00000004     app_pem4.oem4 (.const:ti_sysbios_gates_GateMutex_Module__diagsEnabled__C)
                  20016ae4    00000004     app_pem4.oem4 (.const:ti_sysbios_gates_GateMutex_Module__diagsIncluded__C)
                  20016ae8    00000004     app_pem4.oem4 (.const:ti_sysbios_gates_GateMutex_Module__diagsMask__C)
                  20016aec    00000004     app_pem4.oem4 (.const:ti_sysbios_hal_Hwi_E_stackOverflow__C)
                  20016af0    00000004     app_pem4.oem4 (.const:ti_sysbios_heaps_HeapMem_A_align__C)
                  20016af4    00000004     app_pem4.oem4 (.const:ti_sysbios_heaps_HeapMem_A_heapSize__C)
                  20016af8    00000004     app_pem4.oem4 (.const:ti_sysbios_heaps_HeapMem_A_invalidFree__C)
                  20016afc    00000004     app_pem4.oem4 (.const:ti_sysbios_heaps_HeapMem_A_zeroBlock__C)
                  20016b00    00000004     app_pem4.oem4 (.const:ti_sysbios_heaps_HeapMem_E_memory__C)
                  20016b04    00000004     app_pem4.oem4 (.const:ti_sysbios_heaps_HeapMem_Module__diagsEnabled__C)
                  20016b08    00000004     app_pem4.oem4 (.const:ti_sysbios_heaps_HeapMem_Module__diagsIncluded__C)
                  20016b0c    00000004     app_pem4.oem4 (.const:ti_sysbios_heaps_HeapMem_Module__diagsMask__C)
                  20016b10    00000004     app_pem4.oem4 (.const:ti_sysbios_heaps_HeapMem_Module__gateObj__C)
                  20016b14    00000004     app_pem4.oem4 (.const:ti_sysbios_heaps_HeapMem_Object__count__C)
                  20016b18    00000004     app_pem4.oem4 (.const:ti_sysbios_heaps_HeapMem_reqAlign__C)
                  20016b1c    00000004     app_pem4.oem4 (.const:ti_sysbios_knl_Clock_LM_begin__C)
                  20016b20    00000004     app_pem4.oem4 (.const:ti_sysbios_knl_Clock_LM_tick__C)
                  20016b24    00000004     app_pem4.oem4 (.const:ti_sysbios_knl_Clock_LW_delayed__C)
                  20016b28    00000004     app_pem4.oem4 (.const:ti_sysbios_knl_Clock_Module_State_clockQ__O)
                  20016b2c    00000004     app_pem4.oem4 (.const:ti_sysbios_knl_Clock_Module__diagsEnabled__C)
                  20016b30    00000004     app_pem4.oem4 (.const:ti_sysbios_knl_Clock_Module__diagsIncluded__C)
                  20016b34    00000004     app_pem4.oem4 (.const:ti_sysbios_knl_Clock_Module__diagsMask__C)
                  20016b38    00000004     app_pem4.oem4 (.const:ti_sysbios_knl_Clock_Module__loggerFxn1__C)
                  20016b3c    00000004     app_pem4.oem4 (.const:ti_sysbios_knl_Clock_Module__loggerFxn2__C)
                  20016b40    00000004     app_pem4.oem4 (.const:ti_sysbios_knl_Clock_Module__loggerObj__C)
                  20016b44    00000004     app_pem4.oem4 (.const:ti_sysbios_knl_Clock_tickPeriod__C)
                  20016b48    00000004     app_pem4.oem4 (.const:ti_sysbios_knl_Idle_funcList__A)
                  20016b4c    00000004     app_pem4.oem4 (.const:ti_sysbios_knl_Mailbox_A_invalidBufSize__C)
                  20016b50    00000004     app_pem4.oem4 (.const:ti_sysbios_knl_Mailbox_Instance_State_dataQue__O)
                  20016b54    00000004     app_pem4.oem4 (.const:ti_sysbios_knl_Mailbox_Instance_State_dataSem__O)
                  20016b58    00000004     app_pem4.oem4 (.const:ti_sysbios_knl_Mailbox_Instance_State_freeQue__O)
                  20016b5c    00000004     app_pem4.oem4 (.const:ti_sysbios_knl_Mailbox_Instance_State_freeSem__O)
                  20016b60    00000004     app_pem4.oem4 (.const:ti_sysbios_knl_Mailbox_Module__diagsEnabled__C)
                  20016b64    00000004     app_pem4.oem4 (.const:ti_sysbios_knl_Mailbox_Module__diagsIncluded__C)
                  20016b68    00000004     app_pem4.oem4 (.const:ti_sysbios_knl_Mailbox_Module__diagsMask__C)
                  20016b6c    00000004     app_pem4.oem4 (.const:ti_sysbios_knl_Mailbox_Object__count__C)
                  20016b70    00000004     app_pem4.oem4 (.const:ti_sysbios_knl_Mailbox_maxTypeAlign__C)
                  20016b74    00000004     app_pem4.oem4 (.const:ti_sysbios_knl_Semaphore_A_badContext__C)
                  20016b78    00000004     app_pem4.oem4 (.const:ti_sysbios_knl_Semaphore_A_noEvents__C)
                  20016b7c    00000004     app_pem4.oem4 (.const:ti_sysbios_knl_Semaphore_A_overflow__C)
                  20016b80    00000004     app_pem4.oem4 (.const:ti_sysbios_knl_Semaphore_A_pendTaskDisabled__C)
                  20016b84    00000004     app_pem4.oem4 (.const:ti_sysbios_knl_Semaphore_Instance_State_pendQ__O)
                  20016b88    00000004     app_pem4.oem4 (.const:ti_sysbios_knl_Semaphore_LM_pend__C)
                  20016b8c    00000004     app_pem4.oem4 (.const:ti_sysbios_knl_Semaphore_LM_post__C)
                  20016b90    00000004     app_pem4.oem4 (.const:ti_sysbios_knl_Semaphore_Module__diagsEnabled__C)
                  20016b94    00000004     app_pem4.oem4 (.const:ti_sysbios_knl_Semaphore_Module__diagsIncluded__C)
                  20016b98    00000004     app_pem4.oem4 (.const:ti_sysbios_knl_Semaphore_Module__diagsMask__C)
                  20016b9c    00000004     app_pem4.oem4 (.const:ti_sysbios_knl_Semaphore_Module__loggerFxn2__C)
                  20016ba0    00000004     app_pem4.oem4 (.const:ti_sysbios_knl_Semaphore_Module__loggerFxn4__C)
                  20016ba4    00000004     app_pem4.oem4 (.const:ti_sysbios_knl_Semaphore_Module__loggerObj__C)
                  20016ba8    00000004     app_pem4.oem4 (.const:ti_sysbios_knl_Swi_LD_end__C)
                  20016bac    00000004     app_pem4.oem4 (.const:ti_sysbios_knl_Swi_LM_begin__C)
                  20016bb0    00000004     app_pem4.oem4 (.const:ti_sysbios_knl_Swi_LM_post__C)
                  20016bb4    00000004     app_pem4.oem4 (.const:ti_sysbios_knl_Swi_Module__diagsEnabled__C)
                  20016bb8    00000004     app_pem4.oem4 (.const:ti_sysbios_knl_Swi_Module__diagsIncluded__C)
                  20016bbc    00000004     app_pem4.oem4 (.const:ti_sysbios_knl_Swi_Module__diagsMask__C)
                  20016bc0    00000004     app_pem4.oem4 (.const:ti_sysbios_knl_Swi_Module__loggerFxn1__C)
                  20016bc4    00000004     app_pem4.oem4 (.const:ti_sysbios_knl_Swi_Module__loggerFxn4__C)
                  20016bc8    00000004     app_pem4.oem4 (.const:ti_sysbios_knl_Swi_Module__loggerObj__C)
                  20016bcc    00000004     app_pem4.oem4 (.const:ti_sysbios_knl_Swi_Object__count__C)
                  20016bd0    00000004     app_pem4.oem4 (.const:ti_sysbios_knl_Task_A_badPriority__C)
                  20016bd4    00000004     app_pem4.oem4 (.const:ti_sysbios_knl_Task_A_badTaskState__C)
                  20016bd8    00000004     app_pem4.oem4 (.const:ti_sysbios_knl_Task_A_badThreadType__C)
                  20016bdc    00000004     app_pem4.oem4 (.const:ti_sysbios_knl_Task_A_badTimeout__C)
                  20016be0    00000004     app_pem4.oem4 (.const:ti_sysbios_knl_Task_A_noPendElem__C)
                  20016be4    00000004     app_pem4.oem4 (.const:ti_sysbios_knl_Task_A_sleepTaskDisabled__C)
                  20016be8    00000004     app_pem4.oem4 (.const:ti_sysbios_knl_Task_E_spOutOfBounds__C)
                  20016bec    00000004     app_pem4.oem4 (.const:ti_sysbios_knl_Task_E_stackOverflow__C)
                  20016bf0    00000004     app_pem4.oem4 (.const:ti_sysbios_knl_Task_LD_block__C)
                  20016bf4    00000004     app_pem4.oem4 (.const:ti_sysbios_knl_Task_LD_exit__C)
                  20016bf8    00000004     app_pem4.oem4 (.const:ti_sysbios_knl_Task_LD_ready__C)
                  20016bfc    00000004     app_pem4.oem4 (.const:ti_sysbios_knl_Task_LM_sleep__C)
                  20016c00    00000004     app_pem4.oem4 (.const:ti_sysbios_knl_Task_LM_switch__C)
                  20016c04    00000004     app_pem4.oem4 (.const:ti_sysbios_knl_Task_LM_yield__C)
                  20016c08    00000004     app_pem4.oem4 (.const:ti_sysbios_knl_Task_Module_State_inactiveQ__O)
                  20016c0c    00000004     app_pem4.oem4 (.const:ti_sysbios_knl_Task_Module__diagsEnabled__C)
                  20016c10    00000004     app_pem4.oem4 (.const:ti_sysbios_knl_Task_Module__diagsIncluded__C)
                  20016c14    00000004     app_pem4.oem4 (.const:ti_sysbios_knl_Task_Module__diagsMask__C)
                  20016c18    00000004     app_pem4.oem4 (.const:ti_sysbios_knl_Task_Module__loggerFxn2__C)
                  20016c1c    00000004     app_pem4.oem4 (.const:ti_sysbios_knl_Task_Module__loggerFxn4__C)
                  20016c20    00000004     app_pem4.oem4 (.const:ti_sysbios_knl_Task_Module__loggerObj__C)
                  20016c24    00000004     app_pem4.oem4 (.const:ti_sysbios_knl_Task_Object__count__C)
                  20016c28    00000004     app_pem4.oem4 (.const:ti_sysbios_knl_Task_allBlockedFunc__C)
                  20016c2c    00000004     app_pem4.oem4 (.const:ti_sysbios_knl_Task_defaultStackHeap__C)
                  20016c30    00000004     app_pem4.oem4 (.const:ti_sysbios_knl_Task_defaultStackSize__C)
                  20016c34    00000004     app_pem4.oem4 (.const:ti_sysbios_knl_Task_numConstructedTasks__C)
                  20016c38    00000004     app_pem4.oem4 (.const:xdc_runtime_Assert_E_assertFailed__C)
                  20016c3c    00000004     app_pem4.oem4 (.const:xdc_runtime_Core_A_initializedParams__C)
                  20016c40    00000004     app_pem4.oem4 (.const:xdc_runtime_Core_Module__diagsEnabled__C)
                  20016c44    00000004     app_pem4.oem4 (.const:xdc_runtime_Core_Module__diagsIncluded__C)
                  20016c48    00000004     app_pem4.oem4 (.const:xdc_runtime_Core_Module__diagsMask__C)
                  20016c4c    00000004     app_pem4.oem4 (.const:xdc_runtime_Error_E_memory__C)
                  20016c50    00000004     app_pem4.oem4 (.const:xdc_runtime_Error_Module__diagsEnabled__C)
                  20016c54    00000004     app_pem4.oem4 (.const:xdc_runtime_Error_Module__diagsIncluded__C)
                  20016c58    00000004     app_pem4.oem4 (.const:xdc_runtime_Error_Module__diagsMask__C)
                  20016c5c    00000004     app_pem4.oem4 (.const:xdc_runtime_Error_Module__loggerFxn8__C)
                  20016c60    00000004     app_pem4.oem4 (.const:xdc_runtime_Error_Module__loggerObj__C)
                  20016c64    00000004     app_pem4.oem4 (.const:xdc_runtime_Error_policyFxn__C)
                  20016c68    00000004     app_pem4.oem4 (.const:xdc_runtime_Error_raiseHook__C)
                  20016c6c    00000004     app_pem4.oem4 (.const:xdc_runtime_IFilterLogger_Interface__BASE__C)
                  20016c70    00000004     app_pem4.oem4 (.const:xdc_runtime_IGateProvider_Interface__BASE__C)
                  20016c74    00000004     app_pem4.oem4 (.const:xdc_runtime_IHeap_Interface__BASE__C)
                  20016c78    00000004     app_pem4.oem4 (.const:xdc_runtime_ILogger_Interface__BASE__C)
                  20016c7c    00000004     app_pem4.oem4 (.const:xdc_runtime_IModule_Interface__BASE__C)
                  20016c80    00000004     app_pem4.oem4 (.const:xdc_runtime_Log_L_error__C)
                  20016c84    00000004     app_pem4.oem4 (.const:xdc_runtime_LoggerBuf_E_badLevel__C)
                  20016c88    00000004     app_pem4.oem4 (.const:xdc_runtime_LoggerBuf_Module__gateObj__C)
                  20016c8c    00000004     app_pem4.oem4 (.const:xdc_runtime_LoggerBuf_Object__count__C)
                  20016c90    00000004     app_pem4.oem4 (.const:xdc_runtime_LoggerBuf_statusLogger__C)
                  20016c94    00000004     app_pem4.oem4 (.const:xdc_runtime_Memory_defaultHeapInstance__C)
                  20016c98    00000004     app_pem4.oem4 (.const:xdc_runtime_Startup_execImpl__C)
                  20016c9c    00000004     app_pem4.oem4 (.const:xdc_runtime_Startup_maxPasses__C)
                  20016ca0    00000004     app_pem4.oem4 (.const:xdc_runtime_Startup_sfxnRts__C)
                  20016ca4    00000004     app_pem4.oem4 (.const:xdc_runtime_Startup_sfxnTab__C)
                  20016ca8    00000004     app_pem4.oem4 (.const:xdc_runtime_SysMin_bufSize__C)
                  20016cac    00000004     app_pem4.oem4 (.const:xdc_runtime_SysMin_outputFunc__C)
                  20016cb0    00000004     app_pem4.oem4 (.const:xdc_runtime_System_Module__gateObj__C)
                  20016cb4    00000004     app_pem4.oem4 (.const:xdc_runtime_System_abortFxn__C)
                  20016cb8    00000004     app_pem4.oem4 (.const:xdc_runtime_System_exitFxn__C)
                  20016cbc    00000004     app_pem4.oem4 (.const:xdc_runtime_System_extendFxn__C)
                  20016cc0    00000004     app_pem4.oem4 (.const:xdc_runtime_System_maxAtexitHandlers__C)
                  20016cc4    00000004     app_pem4.oem4 (.const:xdc_runtime_Text_charTab__C)
                  20016cc8    00000004     app_pem4.oem4 (.const:xdc_runtime_Text_nameEmpty__C)
                  20016ccc    00000004     app_pem4.oem4 (.const:xdc_runtime_Text_nameStatic__C)
                  20016cd0    00000004     app_pem4.oem4 (.const:xdc_runtime_Text_nameUnknown__C)
                  20016cd4    00000004     app_pem4.oem4 (.const:xdc_runtime_Text_nodeTab__C)
                  20016cd8    00000004     app_pem4.oem4 (.const:xdc_runtime_Text_visitRopeFxn__C)
                  20016cdc    00000002     app_pem4.oem4 (.const:ti_sysbios_family_arm_m3_Timer_Module__id__C)
                  20016cde    00000002     app_pem4.oem4 (.const:ti_sysbios_family_arm_m3_TimestampProvider_configTimer__C)
                  20016ce0    00000002     app_pem4.oem4 (.const:ti_sysbios_gates_GateMutex_Module__id__C)
                  20016ce2    00000002     app_pem4.oem4 (.const:ti_sysbios_hal_Hwi_Module__id__C)
                  20016ce4    00000002     app_pem4.oem4 (.const:ti_sysbios_heaps_HeapMem_Module__id__C)
                  20016ce6    00000002     app_pem4.oem4 (.const:ti_sysbios_knl_Clock_Module__id__C)
                  20016ce8    00000002     app_pem4.oem4 (.const:ti_sysbios_knl_Clock_Module__loggerDefined__C)
                  20016cea    00000002     app_pem4.oem4 (.const:ti_sysbios_knl_Mailbox_Module__id__C)
                  20016cec    00000002     app_pem4.oem4 (.const:ti_sysbios_knl_Semaphore_Module__id__C)
                  20016cee    00000002     app_pem4.oem4 (.const:ti_sysbios_knl_Semaphore_Module__loggerDefined__C)
                  20016cf0    00000002     app_pem4.oem4 (.const:ti_sysbios_knl_Swi_Module__id__C)
                  20016cf2    00000002     app_pem4.oem4 (.const:ti_sysbios_knl_Swi_Module__loggerDefined__C)
                  20016cf4    00000002     app_pem4.oem4 (.const:ti_sysbios_knl_Task_Module__id__C)
                  20016cf6    00000002     app_pem4.oem4 (.const:ti_sysbios_knl_Task_Module__loggerDefined__C)
                  20016cf8    00000002     app_pem4.oem4 (.const:xdc_runtime_Core_Module__id__C)
                  20016cfa    00000002     app_pem4.oem4 (.const:xdc_runtime_Error_Module__loggerDefined__C)
                  20016cfc    00000002     app_pem4.oem4 (.const:xdc_runtime_Error_maxDepth__C)
                  20016cfe    00000002     app_pem4.oem4 (.const:xdc_runtime_LoggerBuf_Module__id__C)
                  20016d00    00000002     app_pem4.oem4 (.const:xdc_runtime_LoggerBuf_filterByLevel__C)
                  20016d02    00000002     app_pem4.oem4 (.const:xdc_runtime_Memory_Module__id__C)
                  20016d04    00000002     app_pem4.oem4 (.const:xdc_runtime_SysMin_flushAtExit__C)
                  20016d06    00000002     app_pem4.oem4 (.const:xdc_runtime_Text_charCnt__C)
                  20016d08    00000002     app_pem4.oem4 (.const:xdc_runtime_Text_isLoaded__C)
                  20016d0a    00000002     app_pem4.oem4 (.const:xdc_runtime_Text_registryModsLastId__C)
                  20016d0c    00000002     app_pem4.oem4 (.const:xdc_runtime_Text_unnamedModsLastId__C)

.cinit     0    20016d10    000003a0     
                  20016d10    0000037a     (.cinit..data.load) [load image, compression = rle]
                  2001708a    00000002     --HOLE-- [fill = 0]
                  2001708c    0000000c     (__TI_handler_table)
                  20017098    00000008     (.cinit..bss.load) [load image, compression = zero_init]
                  200170a0    00000010     (__TI_cinit_table)

.bss       0    2001a000    00009e2b     UNINITIALIZED
                  2001a000    00008000     app_pem4.oem4 (.bss:ti_sysbios_heaps_HeapMem_Instance_State_0_buf__A)
                  20022000    00000800     app_pem4.oem4 (.bss:taskStackSection)
[...]
20016b0c  ti_sysbios_heaps_HeapMem_Module__diagsMask__C               
20016b10  ti_sysbios_heaps_HeapMem_Module__gateObj__C                 
20016b14  ti_sysbios_heaps_HeapMem_Object__count__C                   
20016b18  ti_sysbios_heaps_HeapMem_reqAlign__C                        
20016b1c  ti_sysbios_knl_Clock_LM_begin__C                            
20016b20  ti_sysbios_knl_Clock_LM_tick__C                             
20016b24  ti_sysbios_knl_Clock_LW_delayed__C                          
20016b28  ti_sysbios_knl_Clock_Module_State_clockQ__O                 
20016b2c  ti_sysbios_knl_Clock_Module__diagsEnabled__C                
20016b30  ti_sysbios_knl_Clock_Module__diagsIncluded__C               
20016b34  ti_sysbios_knl_Clock_Module__diagsMask__C                   
20016b38  ti_sysbios_knl_Clock_Module__loggerFxn1__C                  
20016b3c  ti_sysbios_knl_Clock_Module__loggerFxn2__C                  
20016b40  ti_sysbios_knl_Clock_Module__loggerObj__C                   
20016b44  ti_sysbios_knl_Clock_tickPeriod__C                          
20016b48  ti_sysbios_knl_Idle_funcList__A                             
20016b4c  ti_sysbios_knl_Mailbox_A_invalidBufSize__C                  
20016b50  ti_sysbios_knl_Mailbox_Instance_State_dataQue__O            
20016b54  ti_sysbios_knl_Mailbox_Instance_State_dataSem__O            
20016b58  ti_sysbios_knl_Mailbox_Instance_State_freeQue__O            
20016b5c  ti_sysbios_knl_Mailbox_Instance_State_freeSem__O            
20016b60  ti_sysbios_knl_Mailbox_Module__diagsEnabled__C              
20016b64  ti_sysbios_knl_Mailbox_Module__diagsIncluded__C             
20016b68  ti_sysbios_knl_Mailbox_Module__diagsMask__C                 
20016b6c  ti_sysbios_knl_Mailbox_Object__count__C                     
20016b70  ti_sysbios_knl_Mailbox_maxTypeAlign__C                      
20016b74  ti_sysbios_knl_Semaphore_A_badContext__C                    
20016b78  ti_sysbios_knl_Semaphore_A_noEvents__C                      
20016b7c  ti_sysbios_knl_Semaphore_A_overflow__C                      
20016b80  ti_sysbios_knl_Semaphore_A_pendTaskDisabled__C              
20016b84  ti_sysbios_knl_Semaphore_Instance_State_pendQ__O            
20016b88  ti_sysbios_knl_Semaphore_LM_pend__C                         
20016b8c  ti_sysbios_knl_Semaphore_LM_post__C                         
20016b90  ti_sysbios_knl_Semaphore_Module__diagsEnabled__C            
20016b94  ti_sysbios_knl_Semaphore_Module__diagsIncluded__C           
20016b98  ti_sysbios_knl_Semaphore_Module__diagsMask__C               
20016b9c  ti_sysbios_knl_Semaphore_Module__loggerFxn2__C              
20016ba0  ti_sysbios_knl_Semaphore_Module__loggerFxn4__C              
20016ba4  ti_sysbios_knl_Semaphore_Module__loggerObj__C               
20016ba8  ti_sysbios_knl_Swi_LD_end__C                                
20016bac  ti_sysbios_knl_Swi_LM_begin__C                              
20016bb0  ti_sysbios_knl_Swi_LM_post__C                               
20016bb4  ti_sysbios_knl_Swi_Module__diagsEnabled__C                  
20016bb8  ti_sysbios_knl_Swi_Module__diagsIncluded__C                 
20016bbc  ti_sysbios_knl_Swi_Module__diagsMask__C                     
20016bc0  ti_sysbios_knl_Swi_Module__loggerFxn1__C                    
20016bc4  ti_sysbios_knl_Swi_Module__loggerFxn4__C                    
20016bc8  ti_sysbios_knl_Swi_Module__loggerObj__C                     
20016bcc  ti_sysbios_knl_Swi_Object__count__C                         
20016bd0  ti_sysbios_knl_Task_A_badPriority__C                        
20016bd4  ti_sysbios_knl_Task_A_badTaskState__C                       
20016bd8  ti_sysbios_knl_Task_A_badThreadType__C                      
20016bdc  ti_sysbios_knl_Task_A_badTimeout__C                         
20016be0  ti_sysbios_knl_Task_A_noPendElem__C                         
20016be4  ti_sysbios_knl_Task_A_sleepTaskDisabled__C                  
20016be8  ti_sysbios_knl_Task_E_spOutOfBounds__C                      
20016bec  ti_sysbios_knl_Task_E_stackOverflow__C                      
20016bf0  ti_sysbios_knl_Task_LD_block__C                             
20016bf4  ti_sysbios_knl_Task_LD_exit__C                              
20016bf8  ti_sysbios_knl_Task_LD_ready__C                             
20016bfc  ti_sysbios_knl_Task_LM_sleep__C                             
20016c00  ti_sysbios_knl_Task_LM_switch__C                            
20016c04  ti_sysbios_knl_Task_LM_yield__C                             
20016c08  ti_sysbios_knl_Task_Module_State_inactiveQ__O               
20016c0c  ti_sysbios_knl_Task_Module__diagsEnabled__C                 
20016c10  ti_sysbios_knl_Task_Module__diagsIncluded__C                
20016c14  ti_sysbios_knl_Task_Module__diagsMask__C                    
20016c18  ti_sysbios_knl_Task_Module__loggerFxn2__C                   
20016c1c  ti_sysbios_knl_Task_Module__loggerFxn4__C                   
20016c20  ti_sysbios_knl_Task_Module__loggerObj__C                    
20016c24  ti_sysbios_knl_Task_Object__count__C                        
20016c28  ti_sysbios_knl_Task_allBlockedFunc__C                       
20016c2c  ti_sysbios_knl_Task_defaultStackHeap__C                     
20016c30  ti_sysbios_knl_Task_defaultStackSize__C                     
20016c34  ti_sysbios_knl_Task_numConstructedTasks__C                  
20016c38  xdc_runtime_Assert_E_assertFailed__C                        
20016c3c  xdc_runtime_Core_A_initializedParams__C                     
20016c40  xdc_runtime_Core_Module__diagsEnabled__C                    
20016c44  xdc_runtime_Core_Module__diagsIncluded__C                   
20016c48  xdc_runtime_Core_Module__diagsMask__C                       
20016c4c  xdc_runtime_Error_E_memory__C                               
20016c50  xdc_runtime_Error_Module__diagsEnabled__C                   
20016c54  xdc_runtime_Error_Module__diagsIncluded__C                  
20016c58  xdc_runtime_Error_Module__diagsMask__C                      
20016c5c  xdc_runtime_Error_Module__loggerFxn8__C                     
20016c60  xdc_runtime_Error_Module__loggerObj__C                      
20016c64  xdc_runtime_Error_policyFxn__C                              
20016c68  xdc_runtime_Error_raiseHook__C                              
20016c6c  xdc_runtime_IFilterLogger_Interface__BASE__C                
20016c70  xdc_runtime_IGateProvider_Interface__BASE__C                
20016c74  xdc_runtime_IHeap_Interface__BASE__C                        
20016c78  xdc_runtime_ILogger_Interface__BASE__C                      
20016c7c  xdc_runtime_IModule_Interface__BASE__C                      
20016c80  xdc_runtime_Log_L_error__C                                  
20016c84  xdc_runtime_LoggerBuf_E_badLevel__C                         
20016c88  xdc_runtime_LoggerBuf_Module__gateObj__C                    
20016c8c  xdc_runtime_LoggerBuf_Object__count__C                      
20016c90  xdc_runtime_LoggerBuf_statusLogger__C                       
20016c94  xdc_runtime_Memory_defaultHeapInstance__C                   
20016c98  xdc_runtime_Startup_execImpl__C                             
20016c9c  xdc_runtime_Startup_maxPasses__C                            
20016ca0  xdc_runtime_Startup_sfxnRts__C                              
20016ca4  xdc_runtime_Startup_sfxnTab__C                              
20016ca8  xdc_runtime_SysMin_bufSize__C                               
20016cac  xdc_runtime_SysMin_outputFunc__C                            
20016cb0  xdc_runtime_System_Module__gateObj__C                       
20016cb4  xdc_runtime_System_abortFxn__C                              
20016cb8  xdc_runtime_System_exitFxn__C                               
20016cbc  xdc_runtime_System_extendFxn__C                             
20016cc0  xdc_runtime_System_maxAtexitHandlers__C                     
20016cc4  xdc_runtime_Text_charTab__C                                 
20016cc8  xdc_runtime_Text_nameEmpty__C                               
20016ccc  xdc_runtime_Text_nameStatic__C                              
20016cd0  xdc_runtime_Text_nameUnknown__C                             
20016cd4  xdc_runtime_Text_nodeTab__C                                 
20016cd8  xdc_runtime_Text_visitRopeFxn__C                            
20016cdc  ti_sysbios_family_arm_m3_Timer_Module__id__C                
20016cde  ti_sysbios_family_arm_m3_TimestampProvider_configTimer__C   
20016ce0  ti_sysbios_gates_GateMutex_Module__id__C                    
20016ce2  ti_sysbios_hal_Hwi_Module__id__C                            
20016ce4  ti_sysbios_heaps_HeapMem_Module__id__C                      
20016ce6  ti_sysbios_knl_Clock_Module__id__C                          
20016ce8  ti_sysbios_knl_Clock_Module__loggerDefined__C               
20016cea  ti_sysbios_knl_Mailbox_Module__id__C                        
20016cec  ti_sysbios_knl_Semaphore_Module__id__C                      
20016cee  ti_sysbios_knl_Semaphore_Module__loggerDefined__C           
20016cf0  ti_sysbios_knl_Swi_Module__id__C                            
20016cf2  ti_sysbios_knl_Swi_Module__loggerDefined__C                 
20016cf4  ti_sysbios_knl_Task_Module__id__C                           
20016cf6  ti_sysbios_knl_Task_Module__loggerDefined__C                
20016cf8  xdc_runtime_Core_Module__id__C                              
20016cfa  xdc_runtime_Error_Module__loggerDefined__C                  
20016cfc  xdc_runtime_Error_maxDepth__C                               
20016cfe  xdc_runtime_LoggerBuf_Module__id__C                         
20016d00  xdc_runtime_LoggerBuf_filterByLevel__C                      
20016d02  xdc_runtime_Memory_Module__id__C                            
20016d04  xdc_runtime_SysMin_flushAtExit__C                           
20016d06  xdc_runtime_Text_charCnt__C                                 
20016d08  xdc_runtime_Text_isLoaded__C                                
20016d0a  xdc_runtime_Text_registryModsLastId__C                      
20016d0c  xdc_runtime_Text_unnamedModsLastId__C                       
20016d10  __TI_static_base__                                          
2001708c  __TI_Handler_Table_Base                                     
20017098  __TI_Handler_Table_Limit                                    
200170a0  __TI_CINIT_Base                                             
200170b0  __TI_CINIT_Limit                                            
2001a000  ti_sysbios_heaps_HeapMem_Instance_State_0_buf__A            
20022000  ti_sysbios_knl_Task_Instance_State_0_stack__A               
20022800  xdc_runtime_LoggerBuf_Instance_State_0_entryArr__A          
20022c00  xdc_runtime_SysMin_Module_State_0_outbuf__A                 
20023000  ti_sysbios_family_arm_m3_Hwi_dispatchTable                  
2002330c  g_StatMem                                                   
20023484  __CIOBUF_                                                   
200235a4  g_cDestinationEmailRfc                                      
200236a4  g_cUsernameRfc                                              
200237a4  g_sDestination                                              
200238a3  g_sEmail                                                    
200239a2  ucUARTBuffer                                                
20023a6a  g_cBasekey1                                                 
20023aea  g_cBasekey2                                                 
20023b6a  g_cBuf                                                      
20023bce  g_cCmdBuf                                                   
20023c32  g_usConnectIndex                                            
20023c34  g_ucDinDout                                                 
20023c84  g_cMessage                                                  
20023cc4  pcEmailmessage                                              
20023d04  g_sSubject                                                  
20023d41  RxIrqCnt                                                    
20023d42  g_usTimerInts                                               
20023d44  g_sEmailOpt                                                 
20023d68  g_ucConnectionSSID                                          
20023d8c  g_sSourcePass                                               
20023dab  pcEmailsubject                                              
20023dc7  pcEmailto                                                   
20023de3  g_ucConnectionBSSID                                         
20023df3  g_cConnectStatus                                            
20023df4  DMAMsgQ                                                     
20023df8  SimpleLinkSpawnTaskHndl                                     
20023e00  g_PBQueue                                                   
20023e04  g_PushButtonTask                                            
20023e08  g_S2InterruptHdl                                            
20023e0c  g_S3InterruptHdl                                            
20023e10  g_cDummy                                                    
20023e14  pcOfemailmessage                                            
20023e18  pcOfemailsubject                                            
20023e1c  pcOfemailto                                                 
20023e20  simpleLink_mailbox                                          
20023e24  uiUartCmd                                                   
20023e28  g_ucLED1Pin                                                 
20023e29  g_ucLED2Pin                                                 
20023e2a  g_ucLED3Pin                                                 
20023e30  ti_sysbios_family_arm_m3_Hwi_Module__root__V                
20023e38  ti_sysbios_family_arm_m3_Hwi_Object__table__V               
20023e50  ti_sysbios_family_arm_m3_Hwi_Module_State_0_excActive__A    
20023e54  ti_sysbios_family_arm_m3_Hwi_Module_State_0_excContext__A   
20023e58  ti_sysbios_family_arm_m3_Hwi_Module_State_0_excStack__A     
20023e5c  ti_sysbios_family_arm_m3_Timer_Module__root__V              
20023e64  ti_sysbios_family_arm_m3_Timer_Module__state__V             
20023e70  ti_sysbios_family_arm_m3_TimestampProvider_Module__state__V 
20023e74  ti_sysbios_gates_GateHwi_Module__root__V                    
20023e7c  ti_sysbios_gates_GateHwi_Object__table__V                   
20023e80  ti_sysbios_gates_GateMutex_Module__root__V                  
20023e88  ti_sysbios_hal_Hwi_Module__root__V                          
20023e90  ti_sysbios_hal_Timer_Module__root__V                        
20023e98  ti_sysbios_heaps_HeapMem_Module__root__V                    
20023ea0  ti_sysbios_heaps_HeapMem_Object__table__V                   
20023eb8  ti_sysbios_knl_Clock_Module__root__V                        
20023ec0  ti_sysbios_knl_Event_Module__root__V                        
20023ec8  ti_sysbios_knl_Mailbox_Module__root__V                      
20023ed0  ti_sysbios_knl_Queue_Module__root__V                        
20023ed8  ti_sysbios_knl_Semaphore_Module__root__V                    
20023ee0  ti_sysbios_knl_Swi_Module__root__V                          
20023ee8  ti_sysbios_knl_Swi_Module__state__V                         
20023f04  ti_sysbios_knl_Task_Module__root__V                         
20023f0c  ti_sysbios_knl_Task_Module_State_0_idleTask__A              
20023f10  xdc_runtime_Error_Module__state__V                          
20023f14  xdc_runtime_LoggerBuf_Module__root__V                       
20023f1c  xdc_runtime_LoggerBuf_Module__state__V                      
20023f24  xdc_runtime_Memory_Module__state__V                         
20023f28  xdc_runtime_Registry_Module__state__V                       
20023f30  xdc_runtime_Startup_Module__state__V                        
20023f38  xdc_runtime_SysMin_Module__state__V                         
20023f44  xdc_runtime_System_Module_State_0_atexitHandlers__A         
20023f54  xdc_runtime_System_Module__state__V                         
20023f5c  xdc_runtime_Text_Module__state__V                           
20023f64  __xdc__init__addr                                           
20024018  _Denorm                                                     
20024028  _Eps                                                        
20024038  _Hugeval                                                    
20024048  _Inf                                                        
20024058  _Nan                                                        
20024068  _Snan                                                       
20024078  _Rteps                                                      
20024088  _Xbig                                                       
20024090  _Zero                                                       
20024098  ti_sysbios_knl_Swi_Module_State_0_readyQ__A                 
20024118  ti_sysbios_knl_Task_Module_State_0_readyQ__A                
20024198  ti_sysbios_knl_Task_Object__table__V                        
200241e4  ti_sysbios_knl_Task_Module__state__V                        
20024228  ti_sysbios_gates_GateMutex_Object__table__V                 
20024260  ti_sysbios_family_arm_m3_Hwi_Module__state__V               
20024294  ti_sysbios_family_arm_m3_Timer_Object__table__V             
200242c4  ti_sysbios_knl_Swi_Object__table__V                         
200242f4  ti_sysbios_knl_Clock_Module__state__V                       
20024320  ti_sysbios_BIOS_Module__state__V                            
20024344  xdc_runtime_LoggerBuf_Object__table__V                      
2002437c  g_uiLED1Port                                                
20024380  g_uiLED2Port                                                
20024384  g_uiLED3Port                                                
20024388  g_uiSmtpStatus                                              
2002438c  g_iConnectStatus                                            
20024390  g_lSmtpSocket                                               
20024394  g_uiEmailSetStatus                                          
20024398  g_uiEmailErrorInfo                                          
2002439c  SecurityParams                                              
200243a8  g_uiPBCount                                                 
200243ac  g_ulStatus                                                  
200243b0  g_ulStaIp                                                   
200243b4  g_ulGatewayIP                                               
200243b8  g_SpiFd                                                     
200243bc  g_pHostIntHdl                                               
200243c0  g_ucDMAEnabled                                              
200243c4  g_pCB                                                       
200243c8  pPingCallBackFunc                                           
200243cc  gFirstCmdMode                                               
200243d0  _lock                                                       
200243d4  _unlock                                                     
200243d8  __TI_cleanup_ptr                                            
200243dc  __TI_dtors_ptr                                              
200243e0  _Fenv                                                       
200243e4  _Tls_setup__Fenv                                            
200243e8  _Errno                                                      
200243ec  main_func_sp                                                
2002e000  __stack                                                     
20030000  __STACK_END                                                 
e000e000  ti_sysbios_family_arm_m3_Hwi_nvic                           
ffffffff  __binit__                                                   
ffffffff  __c_args__                                                  
ffffffff  binit                                                       
UNDEFED   SHT$$INIT_ARRAY$$Base                                       
UNDEFED   SHT$$INIT_ARRAY$$Limit                                      

[1084 symbols]
