******************************************************************************
                  TI ARM Linker PC v5.2.5                      
******************************************************************************
>> Linked Wed Mar 09 14:48:51 2016

OUTPUT FILE NAME:   <wlan_station.out>
ENTRY POINT SYMBOL: "_c_int00"  address: 2000f781


MEMORY CONFIGURATION

         name            origin    length      used     unused   attr    fill
----------------------  --------  ---------  --------  --------  ----  --------
  SRAM_CODE             20004000   00014000  0000fe53  000041ad  RW X
  SRAM_DATA             20018000   00018000  0000bbdc  0000c424  RW X


SEGMENT ALLOCATION MAP

run origin  load origin   length   init length attrs members
----------  ----------- ---------- ----------- ----- -------
20004000    20004000    0000fe60   0000fe60    r-x
  20004000    20004000    0000030c   0000030c    r-- .resetVecs
  20004310    20004310    0000d172   0000d172    r-x .text
  20011484    20011484    0000263d   0000263d    r-- .const
  20013ac8    20013ac8    00000398   00000398    r-- .cinit
20018000    20018000    00009bdc   00000000    rw-
  20018000    20018000    00009640   00000000    rw- .bss
  20021640    20021640    0000059c   00000000    rw- .data
2002e000    2002e000    00002000   00000000    rw-
  2002e000    2002e000    00002000   00000000    rw- .stack


SECTION ALLOCATION MAP

 output                                  attributes/
section   page    origin      length       input sections
--------  ----  ----------  ----------   ----------------
.init_array 
*          0    20004000    00000000     UNINITIALIZED

.resetVecs 
*          0    20004000    0000030c     
                  20004000    0000030c     app_pem4.oem4 (.resetVecs)

.text      0    20004310    0000d172     
                  20004310    000010a6     rtsv7M4_T_le_eabi.lib : _printfi.obj (.text)
                  200053b6    00000002                           : i_div0.obj (.text)
                  200053b8    00000ee0     main.obj (.text)
                  20006298    000005ec     simplelink.a : driver.obj (.text:_SlDrvMsgRead)
                  20006884    00000544     ti_rtos.a : osi_tirtos.obj (.text)
                  20006dc8    00000430     sysbios.aem4 : BIOS.obj (.text:ti_sysbios_family_arm_m3_Hwi_excDumpRegs__I)
                  200071f8    00000394     gpio_if.obj (.text)
                  2000758c    0000034c     ti.targets.arm.rtsarm.aem4 : System.oem4 (.text:xdc_runtime_System_doPrint__I)
                  200078d8    00000314     sysbios.aem4 : BIOS.obj (.text:ti_sysbios_knl_Semaphore_pend__E)
                  20007bec    000002d4     rtsv7M4_T_le_eabi.lib : trgdrv.obj (.text)
                  20007ec0    00000280     uart_if.obj (.text)
                  20008140    00000254     sysbios.aem4 : BIOS.obj (.text:ti_sysbios_heaps_HeapMem_free__E)
                  20008394    00000248     simplelink.a : driver.obj (.text:_SlDrvRxHdrRead)
                  200085dc    00000004     app_pem4.oem4 (.text:ti_sysbios_BIOS_RtsGateProxy_enter__E)
                  200085e0    00000248     sysbios.aem4 : BIOS.obj (.text:ti_sysbios_heaps_HeapMem_alloc__E)
                  20008828    00000244     simplelink.a : wlan.obj (.text:sl_WlanConnect)
                  20008a6c    00000004     app_pem4.oem4 (.text:ti_sysbios_BIOS_RtsGateProxy_leave__E)
                  20008a70    0000022c     sysbios.aem4 : BIOS.obj (.text:ti_sysbios_knl_Task_Instance_finalize__E)
                  20008c9c    00000004     app_pem4.oem4 (.text:ti_sysbios_family_arm_m3_Hwi_delete)
                  20008ca0    00000200     sysbios.aem4 : BIOS.obj (.text:ti_sysbios_knl_Task_sleep__E)
                  20008ea0    000001fc                  : BIOS.obj (.text:ti_sysbios_family_arm_m3_Hwi_excHandlerMax__I)
                  2000909c    000001f4     rtsv7M4_T_le_eabi.lib : ull_div_t2.obj (.text)
                  20009290    000001d0     simplelink.a : driver.obj (.text:_SlDrvReleasePoolObj)
                  20009460    000001cc                  : driver.obj (.text:_SlDrvMsgWrite)
                  2000962c    00000004     app_pem4.oem4 (.text:ti_sysbios_family_arm_m3_TaskSupport_Module__startupDone__S)
                  20009630    000001c8     sysbios.aem4 : BIOS.obj (.text:ti_sysbios_knl_Task_Instance_init__E)
                  200097f8    000001b6     rtsv7M4_T_le_eabi.lib : fd_add_t2.obj (.text)
                  200099ae    00000002     app_pem4.oem4 (.text:ti_sysbios_BIOS_nullFunc__I)
                  200099b0    0000019c     sysbios.aem4 : BIOS.obj (.text:ti_sysbios_knl_Task_Module_startup__E)
                  20009b4c    00000190     simplelink.a : driver.obj (.text:_SlDrvWaitForPoolObj)
                  20009cdc    00000174                  : driver.obj (.text:_SlDrvDriverCBInit)
                  20009e50    00000174     sysbios.aem4 : BIOS.obj (.text:ti_sysbios_family_arm_m3_Hwi_excBusFault__I)
                  20009fc4    00000170     simplelink.a : driver.obj (.text:_SlFindAndSetActiveObj)
                  2000a134    00000168                  : netapp.obj (.text:sl_NetAppPingStart)
                  2000a29c    00000004     app_pem4.oem4 (.text:ti_sysbios_heaps_HeapMem_Module_GateProxy_enter__E)
                  2000a2a0    00000164     sysbios.aem4 : BIOS.obj (.text:ti_sysbios_family_arm_m3_Hwi_excUsageFault__I)
                  2000a404    00000004     app_pem4.oem4 (.text:ti_sysbios_heaps_HeapMem_Module_GateProxy_leave__E)
                  2000a408    00000158     sysbios.aem4 : BIOS.obj (.text:ti_sysbios_knl_Mailbox_Instance_init__E)
                  2000a560    00000150     simplelink.a : cc_pal.obj (.text:spi_Open)
                  2000a6b0    00000148     sysbios.aem4 : BIOS.obj (.text:ti_sysbios_family_arm_m3_Hwi_excMemFault__I)
                  2000a7f8    00000140                  : BIOS.obj (.text:ti_sysbios_knl_Semaphore_post__E)
                  2000a938    0000013c                  : BIOS.obj (.text:ti_sysbios_heaps_HeapMem_Instance_init__E)
                  2000aa74    00000004     app_pem4.oem4 (.text:ti_sysbios_knl_Clock_TimerProxy_getMaxTicks__E)
                  2000aa78    00000138     sysbios.aem4 : BIOS.obj (.text:ti_sysbios_family_arm_m3_Hwi_dispatchC__I)
                  2000abb0    00000138     ti.targets.arm.rtsarm.aem4 : LoggerBuf.oem4 (.text:xdc_runtime_LoggerBuf_write8__E)
                  2000ace8    00000136     rtsv7M4_T_le_eabi.lib : fd_div_t2.obj (.text)
                  2000ae1e    00000002     app_pem4.oem4 (.text:xdc_runtime_Startup_reset__I)
                  2000ae20    00000134     driverlib.a : prcm.obj (.text:PRCMCC3200MCUInit)
                  2000af54    00000004     app_pem4.oem4 (.text:ti_sysbios_knl_Mailbox_delete)
                  2000af58    00000134     sysbios.aem4 : BIOS.obj (.text:ti_sysbios_knl_Clock_workFunc__E)
                  2000b08c    00000004     app_pem4.oem4 (.text:ti_sysbios_knl_Queue_destruct)
                  2000b090    0000011c     sysbios.aem4 : BIOS.obj (.text:ti_sysbios_knl_Swi_run__I)
                  2000b1ac    00000118     ti.targets.arm.rtsarm.aem4 : Error.oem4 (.text:xdc_runtime_Error_policyDefault__E)
                  2000b2c4    00000110     rtsv7M4_T_le_eabi.lib : xdscale.obj (.text)
                  2000b3d4    00000104     simplelink.a : netapp.obj (.text:sl_NetAppDnsGetHostByName)
                  2000b4d8    00000100     ti.targets.arm.rtsarm.aem4 : Core-mem.oem4 (.text:xdc_runtime_Core_createObject__I)
                  2000b5d8    000000fe     simplelink.a : netapp.obj (.text:_SlDrvNetAppEventHandler)
                  2000b6d6    000000fc     rtsv7M4_T_le_eabi.lib : fd_mul_t2.obj (.text)
                  2000b7d2    00000002     --HOLE-- [fill = 0]
                  2000b7d4    000000f8     ti.targets.arm.rtsarm.aem4 : Startup.oem4 (.text:xdc_runtime_Startup_startMods__I)
                  2000b8cc    000000f8     app_pem4.oem4 (.text:xdc_runtime_System_printfExtend__I)
                  2000b9c4    000000f4     simplelink.a : driver.obj (.text:_SlDrvDriverCBDeinit)
                  2000bab8    000000f0     driverlib.a : udma.obj (.text:uDMAChannelTransferSet)
                  2000bba8    000000dc     simplelink.a : cc_pal.obj (.text:spi_Read)
                  2000bc84    000000d8                  : driver.obj (.text:_SlDrvClassifyRxMsg)
                  2000bd5c    000000d4                  : device.obj (.text:sl_Stop)
                  2000be30    000000d4     ti.targets.arm.rtsarm.aem4 : LoggerBuf.oem4 (.text:xdc_runtime_LoggerBuf_write4__E)
                  2000bf04    00000004     app_pem4.oem4 (.text:ti_sysbios_knl_Semaphore_delete)
                  2000bf08    000000d0     sysbios.aem4 : BIOS.obj (.text:ti_sysbios_family_arm_m3_Hwi_Module_startup__E)
                  2000bfd8    000000d0                  : m3_Hwi_asm.obj (.text:ti_sysbios_family_arm_m3_Hwi_dispatch__I)
                  2000c0a8    000000cc                  : BIOS.obj (.text:ti_sysbios_knl_Task_schedule__I)
                  2000c174    000000cc     ti.targets.arm.rtsarm.aem4 : Core-smem.oem4 (.text:xdc_runtime_Core_constructObject__I)
                  2000c240    000000c8     simplelink.a : netapp.obj (.text:_sl_HandleAsync_DnsGetHostByService)
                  2000c308    000000c4                  : driver.obj (.text:_SlRemoveFromList)
                  2000c3cc    000000be     rtsv7M4_T_le_eabi.lib : xdnorm.obj (.text)
                  2000c48a    00000002     --HOLE-- [fill = 0]
                  2000c48c    000000bc     simplelink.a : driver.obj (.text:_SlDrvMsgReadCmdCtx)
                  2000c548    000000bc                  : device.obj (.text:sl_Start)
                  2000c604    00000004     app_pem4.oem4 (.text:ti_sysbios_knl_Semaphore_destruct)
                  2000c608    000000bc     sysbios.aem4 : BIOS.obj (.text:ti_sysbios_family_arm_m3_Hwi_excDebugMon__I)
                  2000c6c4    00000004     app_pem4.oem4 (.text:ti_sysbios_knl_Task_delete)
                  2000c6c8    000000bc     sysbios.aem4 : BIOS.obj (.text:ti_sysbios_family_arm_m3_Hwi_excHardFault__I)
                  2000c784    00000004     ti.targets.arm.rtsarm.aem4 : Error.oem4 (.text:xdc_runtime_Error_getSite__E)
                  2000c788    000000bc     sysbios.aem4 : BIOS.obj (.text:ti_sysbios_knl_Task_startCore__E)
                  2000c844    000000b8     simplelink.a : driver.obj (.text:_SlAsyncEventGenericHandler)
                  2000c8fc    000000b4                  : netapp.obj (.text:sl_NetAppMDNSRegisterUnregisterService)
                  2000c9b0    000000b4     sysbios.aem4 : BIOS.obj (.text:ti_sysbios_gates_GateMutex_enter__E)
                  2000ca64    00000004     app_pem4.oem4 (.text:xdc_runtime_LoggerBuf_Module_GateProxy_enter__E)
                  2000ca68    000000b4     sysbios.aem4 : BIOS.obj (.text:ti_sysbios_knl_Task_checkStacks__E)
                  2000cb1c    00000004     app_pem4.oem4 (.text:xdc_runtime_LoggerBuf_Module_GateProxy_leave__E)
                  2000cb20    000000b4     sysbios.aem4 : BIOS.obj (.text:ti_sysbios_knl_Task_yield__E)
                  2000cbd4    00000004     app_pem4.oem4 (.text:xdc_runtime_System_Module_GateProxy_enter__E)
                  2000cbd8    000000ac     sysbios.aem4 : BIOS.obj (.text:ti_sysbios_knl_Swi_post__E)
                  2000cc84    000000a8     driverlib.a : interrupt.obj (.text:IntEnable)
                  2000cd2c    00000004     app_pem4.oem4 (.text:xdc_runtime_System_Module_GateProxy_leave__E)
                  2000cd30    000000a8     sysbios.aem4 : BIOS.obj (.text:ti_sysbios_knl_Task_blockI__E)
                  2000cdd8    000000a8                  : BIOS.obj (.text:ti_sysbios_knl_Task_postInit__I)
                  2000ce80    000000a0     driverlib.a : spi.obj (.text:SPIConfigSetExpClk)
                  2000cf20    000000a0     auto_init.aem4 : auto_init.oem4 (.text)
                  2000cfc0    000000a0     ti.targets.arm.rtsarm.aem4 : Text.oem4 (.text:xdc_runtime_Text_putMod__E)
                  2000d060    0000009c     simplelink.a : driver.obj (.text:_SlDrvMsgReadSpawnCtx)
                  2000d0fc    0000009c     rtsv7M4_T_le_eabi.lib : memcpy_t2.obj (.text)
                  2000d198    0000009c     simplelink.a : device.obj (.text:sl_DevGet)
                  2000d234    00000004     ti.targets.arm.rtsarm.aem4 : System.oem4 (.text:xdc_runtime_System_aprintf_va__F)
                  2000d238    0000009c     sysbios.aem4 : BIOS.obj (.text:ti_sysbios_knl_Semaphore_Instance_init__E)
                  2000d2d4    0000009c     ti.targets.arm.rtsarm.aem4 : LoggerBuf.oem4 (.text:xdc_runtime_LoggerBuf_setFilterLevel__E)
                  2000d370    0000009a                                : Text.oem4 (.text:xdc_runtime_Text_putSite__E)
                  2000d40a    00000006     driverlib.a : utils.obj (.text:UtilsDelay)
                  2000d410    00000098     sysbios.aem4 : BIOS.obj (.text:ti_sysbios_knl_Mailbox_post__E)
                  2000d4a8    00000094     driverlib.a : prcm.obj (.text:PRCMPeripheralClockGet)
                  2000d53c    00000004     ti.targets.arm.rtsarm.aem4 : System.oem4 (.text:xdc_runtime_System_printf_va__F)
                  2000d540    00000094     sysbios.aem4 : BIOS.obj (.text:ti_sysbios_family_arm_m3_Hwi_Instance_init__E)
                  2000d5d4    00000004     --HOLE-- [fill = 0]
                  2000d5d8    00000094                  : BIOS.obj (.text:ti_sysbios_knl_Task_exit__E)
                  2000d66c    00000004     --HOLE-- [fill = 0]
                  2000d670    00000090                  : BIOS.obj (.text:ti_sysbios_knl_Task_unblockI__E)
                  2000d700    0000008c     simplelink.a : cc_pal.obj (.text:SetupDMAReceive)
                  2000d78c    0000008c                  : cc_pal.obj (.text:SetupDMASend)
                  2000d818    0000008c                  : netapp.obj (.text:_sl_HandleAsync_DnsGetHostByName)
                  2000d8a4    0000008c                  : netapp.obj (.text:_sl_HandleAsync_PingResponse)
                  2000d930    0000008c                  : cc_pal.obj (.text:spi_Write)
                  2000d9bc    00000004     --HOLE-- [fill = 0]
                  2000d9c0    0000008c     sysbios.aem4 : BIOS.obj (.text:ti_sysbios_knl_Mailbox_pend__E)
                  2000da4c    00000088     driverlib.a : pin.obj (.text:PinConfigSet)
                  2000dad4    00000088     rtsv7M4_T_le_eabi.lib : vsnprintf.obj (.text)
                  2000db5c    00000004     --HOLE-- [fill = 0]
                  2000db60    00000088     sysbios.aem4 : BIOS.obj (.text:ti_sysbios_family_arm_m3_Hwi_initNVIC__E)
                  2000dbe8    00000088                  : BIOS.obj (.text:ti_sysbios_knl_Mailbox_Module_startup__E)
                  2000dc70    00000086     rtsv7M4_T_le_eabi.lib : fd_cmp_t2.obj (.text:__aeabi_cdcmple)
                  2000dcf6    00000086                           : fd_cmp_t2.obj (.text:__aeabi_cdrcmple)
                  2000dd7c    00000084     simplelink.a : cc_pal.obj (.text:NwpPowerOnPreamble)
                  2000de00    00000084     sysbios.aem4 : BIOS.obj (.text:ti_sysbios_family_arm_m3_Hwi_postInit__I)
                  2000de84    00000082     driverlib.a : gpio.obj (.text:GPIOIntTypeSet)
                  2000df06    00000002     --HOLE-- [fill = 0]
                  2000df08    00000080     simplelink.a : driver.obj (.text:_SlDrvCmdOp)
                  2000df88    00000080                  : cc_pal.obj (.text:spi_Read_CPU)
                  2000e008    00000080                  : cc_pal.obj (.text:spi_Write_CPU)
                  2000e088    0000007c                  : device.obj (.text:_sl_HandleAsync_InitComplete)
                  2000e104    00000004     --HOLE-- [fill = 0]
                  2000e108    0000007c     sysbios.aem4 : BIOS.obj (.text:ti_sysbios_family_arm_m3_TimestampProvider_get64__E)
                  2000e184    0000007a     rtsv7M4_T_le_eabi.lib : memset_t2.obj (.text)
                  2000e1fe    00000002     --HOLE-- [fill = 0]
                  2000e200    00000078     simplelink.a : socket.obj (.text:_sl_HandleAsync_Connect)
                  2000e278    00000078                  : cc_pal.obj (.text:spi_Close)
                  2000e2f0    00000076     driverlib.a : uart.obj (.text:UARTConfigSetExpClk)
                  2000e366    00000002     --HOLE-- [fill = 0]
                  2000e368    00000074     ti.targets.arm.rtsarm.aem4 : LoggerBuf.oem4 (.text:xdc_runtime_LoggerBuf_getFilterLevel__E)
                  2000e3dc    00000004     --HOLE-- [fill = 0]
                  2000e3e0    00000070     sysbios.aem4 : BIOS.obj (.text:ti_sysbios_knl_Mailbox_Instance_finalize__E)
                  2000e450    0000006d     ti.targets.arm.rtsarm.aem4 : System.oem4 (.text:xdc_runtime_System_formatNum__I)
                  2000e4bd    00000003     --HOLE-- [fill = 0]
                  2000e4c0    0000006c     simplelink.a : driver.obj (.text:_SlDrvCmdSend)
                  2000e52c    00000004     --HOLE-- [fill = 0]
                  2000e530    0000006c     sysbios.aem4 : BIOS.obj (.text:ti_sysbios_knl_Swi_restoreHwi__E)
                  2000e59c    0000006c     ti.targets.arm.rtsarm.aem4 : Error.oem4 (.text:xdc_runtime_Error_print__E)
                  2000e608    0000006c                                : Memory.oem4 (.text:xdc_runtime_Memory_alloc__E)
                  2000e674    0000006a     rtsv7M4_T_le_eabi.lib : copy_decompress_rle.obj (.text)
                  2000e6de    00000002     --HOLE-- [fill = 0]
                  2000e6e0    00000068     simplelink.a : netapp.obj (.text:_sl_NetAppSendTokenValue)
                  2000e748    00000068     rtsv7M4_T_le_eabi.lib : trgmsg.obj (.text)
                  2000e7b0    00000068     simplelink.a : netcfg.obj (.text:sl_NetCfgSet)
                  2000e818    00000068                  : wlan.obj (.text:sl_WlanSet)
                  2000e880    00000066     rtsv7M4_T_le_eabi.lib : xdunscal.obj (.text)
                  2000e8e6    00000066     ti.targets.arm.rtsarm.aem4 : Core-mem.oem4 (.text:xdc_runtime_Core_deleteObject__I)
                  2000e94c    00000064     pinmux.obj (.text)
                  2000e9b0    00000064     app_pem4.oem4 (.text:ti_sysbios_family_arm_m3_Hwi_create)
                  2000ea14    00000064     app_pem4.oem4 (.text:ti_sysbios_knl_Mailbox_create)
                  2000ea78    00000064     driverlib.a : udma.obj (.text:uDMAChannelAttributeDisable)
                  2000eadc    00000064                 : udma.obj (.text:uDMAChannelAttributeEnable)
                  2000eb40    00000060     simplelink.a : socket.obj (.text:_sl_HandleAsync_Accept)
                  2000eba0    00000060                  : wlan.obj (.text:sl_WlanPolicySet)
                  2000ec00    00000060     sysbios.aem4 : BIOS.obj (.text:ti_sysbios_knl_Clock_logTick__E)
                  2000ec60    0000005c                  : BIOS.obj (.text:ti_sysbios_knl_Swi_schedule__I)
                  2000ecbc    0000005c     app_pem4.oem4 (.text:ti_sysbios_knl_Task_create)
                  2000ed18    0000005c     app_pem4.oem4 (.text:xdc_runtime_LoggerBuf_Object__create__S)
                  2000ed74    0000005b     ti.targets.arm.rtsarm.aem4 : Text.oem4 (.text:xdc_runtime_Text_putLab__E)
                  2000edcf    00000001     --HOLE-- [fill = 0]
                  2000edd0    00000058     driverlib.a : interrupt.obj (.text:IntPendClear)
                  2000ee28    00000058                 : prcm.obj (.text:PRCMPeripheralReset)
                  2000ee80    00000058     sysbios.aem4 : BIOS.obj (.text:ti_sysbios_family_arm_m3_Timer_setPeriod__E)
                  2000eed8    00000056     rtsv7M4_T_le_eabi.lib : ltoa.obj (.text)
                  2000ef2e    00000002     --HOLE-- [fill = 0]
                  2000ef30    00000054     simplelink.a : socket.obj (.text:_sl_HandleAsync_Select)
                  2000ef84    00000054                  : wlan.obj (.text:sl_WlanRxFilterSet)
                  2000efd8    00000054     sysbios.aem4 : BIOS.obj (.text:ti_sysbios_family_arm_m3_Timer_start__E)
                  2000f02c    00000054     ti.targets.arm.rtsarm.aem4 : Assert.oem4 (.text:xdc_runtime_Assert_raise__I)
                  2000f080    00000050     simplelink.a : device.obj (.text:_sl_HandleAsync_Stop)
                  2000f0d0    00000050     ti.targets.arm.rtsarm.aem4 : Startup.oem4 (.text:xdc_runtime_Startup_exec__E)
                  2000f120    00000050                                : Text.oem4 (.text:xdc_runtime_Text_visitRope2__I)
                  2000f170    0000004c     driverlib.a : spi.obj (.text:SPIIntEnable)
                  2000f1bc    0000004c     simplelink.a : driver.obj (.text:_SlDrvProtectAsyncRespSetting)
                  2000f208    0000004c                  : driver.obj (.text:_SlDrvRxIrqHandler)
                  2000f254    0000004c     rtsv7M4_T_le_eabi.lib : atoi.obj (.text)
                  2000f2a0    0000004c                           : cpy_tbl.obj (.text)
                  2000f2ec    0000004c     sysbios.aem4 : m3_TaskSupport_asm.obj (.text:ti_sysbios_family_arm_m3_TaskSupport_buildTaskStack)
                  2000f338    0000004c                  : BIOS.obj (.text:ti_sysbios_heaps_HeapMem_getStats__E)
                  2000f384    00000004     --HOLE-- [fill = 0]
                  2000f388    0000004c                  : BIOS.obj (.text:ti_sysbios_knl_Swi_runLoop__I)
                  2000f3d4    00000004     --HOLE-- [fill = 0]
                  2000f3d8    0000004c                  : BIOS.obj (.text:ti_sysbios_knl_Task_allBlockedFunction__I)
                  2000f424    0000004c     driverlib.a : udma.obj (.text:uDMAChannelAssign)
                  2000f470    00000048                 : spi.obj (.text:SPIIntClear)
                  2000f4b8    00000048     simplelink.a : driver.obj (.text:_SlDrvBasicCmd)
                  2000f500    00000048     rtsv7M4_T_le_eabi.lib : fd_toi_t2.obj (.text)
                  2000f548    00000048     sysbios.aem4 : BIOS.obj (.text:ti_sysbios_family_arm_m3_Hwi_disableInterrupt__E)
                  2000f590    00000048                  : BIOS.obj (.text:ti_sysbios_family_arm_m3_Hwi_enableInterrupt__E)
                  2000f5d8    00000048                  : BIOS.obj (.text:ti_sysbios_family_arm_m3_Hwi_excReserved__I)
                  2000f620    00000048                  : m3_Hwi_asm_switch.obj (.text:ti_sysbios_family_arm_m3_Hwi_initStacks__E)
                  2000f668    00000048                  : BIOS.obj (.text:ti_sysbios_family_arm_m3_Timer_initDevice__I)
                  2000f6b0    00000046     rtsv7M4_T_le_eabi.lib : ldexp.obj (.text)
                  2000f6f6    00000046     ti.targets.arm.rtsarm.aem4 : Core-params.oem4 (.text:xdc_runtime_Core_assignParams__I)
                  2000f73c    00000044     driverlib.a : spi.obj (.text:SPIDmaMaskGet)
                  2000f780    00000044     boot.aem4 : boot.oem4 (.text)
                  2000f7c4    00000044     simplelink.a : cc_pal.obj (.text:cc_SetupTransfer)
                  2000f808    00000044     rtsv7M4_T_le_eabi.lib : exit.obj (.text)
                  2000f84c    00000004     --HOLE-- [fill = 0]
                  2000f850    00000044     sysbios.aem4 : BIOS.obj (.text:ti_sysbios_family_arm_m3_Hwi_getStackInfo__E)
                  2000f894    00000004     --HOLE-- [fill = 0]
                  2000f898    00000044                  : BIOS.obj (.text:ti_sysbios_knl_Mailbox_postInit__I)
                  2000f8dc    00000044     ti.targets.arm.rtsarm.aem4 : Error.oem4 (.text:xdc_runtime_Error_setX__E)
                  2000f920    00000044                                : LoggerBuf.oem4 (.text:xdc_runtime_LoggerBuf_filterOutEvent__I)
                  2000f964    00000044                                : SysMin.oem4 (.text:xdc_runtime_SysMin_flush__E)
                  2000f9a8    00000044                                : Text.oem4 (.text:xdc_runtime_Text_xprintf__I)
                  2000f9ec    00000040     driverlib.a : pin.obj (.text:PinModeSet)
                  2000fa2c    00000040     rtsv7M4_T_le_eabi.lib : signal.obj (.text)
                  2000fa6c    00000040                           : u_divt2.obj (.text)
                  2000faac    00000004     --HOLE-- [fill = 0]
                  2000fab0    00000040     sysbios.aem4 : BIOS.obj (.text:ti_sysbios_family_arm_m3_Timer_Module_startup__E)
                  2000faf0    0000003e     app_pem4.oem4 (.text:realloc)
                  2000fb2e    0000003c     simplelink.a : netapp.obj (.text:CopyPingResultsToReport)
                  2000fb6a    00000002     --HOLE-- [fill = 0]
                  2000fb6c    0000003c     driverlib.a : prcm.obj (.text:PRCMPeripheralClkEnable)
                  2000fba8    0000003c     sysbios.aem4 : BIOS.obj (.text:ti_sysbios_family_arm_m3_Hwi_excSvCall__I)
                  2000fbe4    00000004     --HOLE-- [fill = 0]
                  2000fbe8    0000003c                  : BIOS.obj (.text:ti_sysbios_heaps_HeapMem_init__I)
                  2000fc24    00000004     --HOLE-- [fill = 0]
                  2000fc28    0000003c                  : BIOS.obj (.text:ti_sysbios_knl_Swi_startup__E)
                  2000fc64    0000003c     driverlib.a : udma.obj (.text:uDMAChannelControlSet)
                  2000fca0    0000003a     ti.targets.arm.rtsarm.aem4 : LoggerBuf.oem4 (.text:xdc_runtime_LoggerBuf_Instance_init__E)
                  2000fcda    00000002     --HOLE-- [fill = 0]
                  2000fcdc    00000038     simplelink.a : cc_pal.obj (.text:NwpPowerOff)
                  2000fd14    00000004     --HOLE-- [fill = 0]
                  2000fd18    00000038     sysbios.aem4 : BIOS.obj (.text:ti_sysbios_family_arm_m3_Hwi_excNoIsr__I)
                  2000fd50    00000038                  : BIOS.obj (.text:ti_sysbios_knl_Task_processVitalTaskFlag__I)
                  2000fd88    00000038     ti.targets.arm.rtsarm.aem4 : SysMin.oem4 (.text:xdc_runtime_SysMin_putch__E)
                  2000fdc0    00000038                                : System.oem4 (.text:xdc_runtime_System_atexit__E)
                  2000fdf8    00000036     driverlib.a : gpio.obj (.text:GPIODirModeSet)
                  2000fe2e    00000036     simplelink.a : netapp.obj (.text:sl_NetAppMDNSUnRegisterService)
                  2000fe64    00000034     driverlib.a : prcm.obj (.text:PRCMPeripheralStatusGet)
                  2000fe98    00000034                 : spi.obj (.text:SPIFIFOLevelSet)
                  2000fecc    00000034     rtsv7M4_T_le_eabi.lib : feraiseexcept.obj (.text)
                  2000ff00    00000034     sysbios.aem4 : BIOS.obj (.text:ti_sysbios_family_arm_m3_Hwi_Instance_finalize__E)
                  2000ff34    00000004     --HOLE-- [fill = 0]
                  2000ff38    00000034                  : BIOS.obj (.text:ti_sysbios_family_arm_m3_Hwi_excNmi__I)
                  2000ff6c    00000004     --HOLE-- [fill = 0]
                  2000ff70    00000034                  : BIOS.obj (.text:ti_sysbios_family_arm_m3_Timer_periodicStub__I)
                  2000ffa4    00000004     --HOLE-- [fill = 0]
                  2000ffa8    00000034                  : BIOS.obj (.text:ti_sysbios_hal_Hwi_checkStack)
                  2000ffdc    00000034     app_pem4.oem4 (.text:ti_sysbios_knl_Semaphore_create)
                  20010010    00000034     ti.targets.arm.rtsarm.aem4 : Core-label.oem4 (.text:xdc_runtime_Core_assignLabel__I)
                  20010044    00000033                                : Text.oem4 (.text:xdc_runtime_Text_printVisFxn__I)
                  20010077    00000001     --HOLE-- [fill = 0]
                  20010078    00000032     sysbios.aem4 : BIOS.obj (.text:ti_sysbios_hal_Hwi_initStack)
                  200100aa    00000006     ti.targets.arm.rtsarm.aem4 : xdc_noinit.oem4 (.text:__xdc__init)
                  200100b0    00000032     sysbios.aem4 : BIOS.obj (.text:ti_sysbios_knl_Semaphore_pendTimeout__I)
                  200100e2    00000030     driverlib.a : pin.obj (.text:PinTypeGPIO)
                  20010112    00000002     --HOLE-- [fill = 0]
                  20010114    00000030                 : uart.obj (.text:UARTDisable)
                  20010144    00000030     simplelink.a : device.obj (.text:_SlDrvDeviceEventHandler)
                  20010174    00000030     rtsv7M4_T_le_eabi.lib : xferaise.obj (.text)
                  200101a4    00000030     simplelink.a : wlan.obj (.text:sl_WlanProfileDel)
                  200101d4    00000030                  : wlan.obj (.text:sl_WlanSetMode)
                  20010204    00000030     app_pem4.oem4 (.text:ti_sysbios_BIOS_atExitFunc__I)
                  20010234    00000004     --HOLE-- [fill = 0]
                  20010238    00000030     sysbios.aem4 : BIOS.obj (.text:ti_sysbios_family_arm_m3_TaskSupport_start__E)
                  20010268    00000030     app_pem4.oem4 (.text:ti_sysbios_gates_GateHwi_Object__create__S)
                  20010298    00000030     app_pem4.oem4 (.text:ti_sysbios_gates_GateMutex_Object__create__S)
                  200102c8    00000030     app_pem4.oem4 (.text:ti_sysbios_heaps_HeapMem_Object__create__S)
                  200102f8    00000030     app_pem4.oem4 (.text:ti_sysbios_knl_Semaphore_construct)
                  20010328    00000030     ti.targets.arm.rtsarm.aem4 : SysMin.oem4 (.text:xdc_runtime_SysMin_abort__E)
                  20010358    00000030                                : System.oem4 (.text:xdc_runtime_System_processAtExit__E)
                  20010388    0000002e     app_pem4.oem4 (.text:malloc)
                  200103b6    0000002e     rtsv7M4_T_le_eabi.lib : i_tofd_t2.obj (.text)
                  200103e4    0000002e                           : raise.obj (.text)
                  20010412    00000002     --HOLE-- [fill = 0]
                  20010414    0000002c     simplelink.a : cc_pal.obj (.text:DmaSpiSwIntHandler)
                  20010440    0000002c                  : cc_pal.obj (.text:NwpPowerOn)
                  2001046c    0000002c     driverlib.a : prcm.obj (.text:PRCMSysResetCauseGet)
                  20010498    0000002c     app_pem4.oem4 (.text:ti_sysbios_knl_Clock_doTick__I)
                  200104c4    0000002c     app_pem4.oem4 (.text:ti_sysbios_knl_Queue_construct)
                  200104f0    0000002c     sysbios.aem4 : BIOS.obj (.text:ti_sysbios_knl_Task_restore__E)
                  2001051c    0000002c     ti.targets.arm.rtsarm.aem4 : Text.oem4 (.text:xdc_runtime_Text_cordText__E)
                  20010548    0000002a     rtsv7M4_T_le_eabi.lib : xdclass.obj (.text)
                  20010572    0000002a     ti.targets.arm.rtsarm.aem4 : System.oem4 (.text:xdc_runtime_System_putchar__I)
                  2001059c    00000028     driverlib.a : prcm.obj (.text:PRCMPeripheralClkDisable)
                  200105c4    00000004     --HOLE-- [fill = 0]
                  200105c8    00000028     sysbios.aem4 : BIOS.obj (.text:ti_sysbios_knl_Swi_Module_startup__E)
                  200105f0    00000028     ti.targets.arm.rtsarm.aem4 : LoggerBuf.oem4 (.text:xdc_runtime_LoggerBuf_Module_startup__E)
                  20010618    00000026     simplelink.a : cc_pal.obj (.text:NwpRegisterInterruptHandler)
                  2001063e    00000026     ti.targets.arm.rtsarm.aem4 : System.oem4 (.text:xdc_runtime_System_avprintf__E)
                  20010664    00000024     driverlib.a : uart.obj (.text:UARTEnable)
                  20010688    00000024     simplelink.a : driver.obj (.text:_SlDrvProtectionObjLockWaitForever)
                  200106ac    00000024     rtsv7M4_T_le_eabi.lib : memmov.obj (.text)
                  200106d0    00000024     app_pem4.oem4 (.text:ti_sysbios_BIOS_errorRaiseHook__I)
                  200106f4    00000024     app_pem4.oem4 (.text:ti_sysbios_BIOS_registerRTSLock__I)
                  20010718    00000024     app_pem4.oem4 (.text:ti_sysbios_BIOS_removeRTSLock__I)
                  2001073c    00000024     app_pem4.oem4 (.text:ti_sysbios_BIOS_startFunc__I)
                  20010760    00000024     sysbios.aem4 : BIOS.obj (.text:ti_sysbios_family_arm_m3_Hwi_doTaskRestore__I)
                  20010784    00000004     --HOLE-- [fill = 0]
                  20010788    00000024                  : BIOS.obj (.text:ti_sysbios_family_arm_m3_Timer_startup__E)
                  200107ac    00000024     app_pem4.oem4 (.text:ti_sysbios_gates_GateMutex_Object__delete__S)
                  200107d0    00000024     sysbios.aem4 : BIOS.obj (.text:ti_sysbios_knl_Clock_Module_startup__E)
                  200107f4    00000024     app_pem4.oem4 (.text:ti_sysbios_knl_Semaphore_Object__delete__S)
                  20010818    00000024     ti.targets.arm.rtsarm.aem4 : System.oem4 (.text:xdc_runtime_System_vprintf__E)
                  2001083c    00000022     driverlib.a : spi.obj (.text:SPIReset)
                  2001085e    00000022                 : spi.obj (.text:SPIWordCountSet)
                  20010880    00000022     rtsv7M4_T_le_eabi.lib : frexp.obj (.text)
                  200108a2    00000022     app_pem4.oem4 (.text:xdc_runtime_SysMin_output__I)
                  200108c4    00000020     driverlib.a : gpio.obj (.text:GPIOPinWrite)
                  200108e4    00000020     simplelink.a : driver.obj (.text:_SlDrvProtectionObjUnLock)
                  20010904    00000020     app_pem4.oem4 (.text:ti_sysbios_BIOS_rtsLock__I)
                  20010924    00000020     app_pem4.oem4 (.text:ti_sysbios_family_arm_m3_Hwi_Object__delete__S)
                  20010944    00000020     sysbios.aem4 : m3_Hwi_asm.obj (.text:ti_sysbios_family_arm_m3_Hwi_excHandlerAsm__I)
                  20010964    00000004     --HOLE-- [fill = 0]
                  20010968    00000020                  : BIOS.obj (.text:ti_sysbios_family_arm_m3_Hwi_excHandler__I)
                  20010988    00000020                  : BIOS.obj (.text:ti_sysbios_family_arm_m3_TimestampProvider_Module_startup__E)
                  200109a8    00000020     app_pem4.oem4 (.text:ti_sysbios_gates_GateHwi_Object__delete__S)
                  200109c8    00000020     app_pem4.oem4 (.text:ti_sysbios_heaps_HeapMem_Object__delete__S)
                  200109e8    00000020     sysbios.aem4 : BIOS.obj (.text:ti_sysbios_knl_Idle_run__E)
                  20010a08    00000020     app_pem4.oem4 (.text:ti_sysbios_knl_Mailbox_Object__delete__S)
                  20010a28    00000020     app_pem4.oem4 (.text:ti_sysbios_knl_Semaphore_Object__destruct__S)
                  20010a48    00000020     app_pem4.oem4 (.text:ti_sysbios_knl_Task_Object__delete__S)
                  20010a68    00000020     app_pem4.oem4 (.text:xdc_runtime_LoggerBuf_Object__delete__S)
                  20010a88    00000020     ti.targets.arm.rtsarm.aem4 : LoggerBuf.oem4 (.text:xdc_runtime_LoggerBuf_reset__E)
                  20010aa8    00000020                                : Registry.oem4 (.text:xdc_runtime_Registry_findById__E)
                  20010ac8    00000020                                : SysMin.oem4 (.text:xdc_runtime_SysMin_Module_startup__E)
                  20010ae8    0000001e     driverlib.a : uart.obj (.text:UARTCharPut)
                  20010b06    0000001e     simplelink.a : cc_pal.obj (.text:cc_UDMAChannelSelect)
                  20010b24    0000001e     sysbios.aem4 : m3_Hwi_asm_switch.obj (.text:ti_sysbios_family_xxx_Hwi_switchAndRunFunc)
                  20010b42    0000001c     driverlib.a : uart.obj (.text:UARTCharGetNonBlocking)
                  20010b5e    0000001c     simplelink.a : driver.obj (.text:_SlDrvObjLockWaitForever)
                  20010b7a    0000001c                  : driver.obj (.text:_SlDrvSyncObjWaitForever)
                  20010b96    0000001c     rtsv7M4_T_le_eabi.lib : memccpy.obj (.text)
                  20010bb2    00000006                           : copy_decompress_rle.obj (.text:decompress:rle24)
                  20010bb8    0000001c     sysbios.aem4 : BIOS.obj (.text:ti_sysbios_family_arm_m3_Hwi_setPriority__E)
                  20010bd4    00000004     --HOLE-- [fill = 0]
                  20010bd8    0000001c                  : BIOS.obj (.text:ti_sysbios_gates_GateMutex_Instance_init__E)
                  20010bf4    0000001c     app_pem4.oem4 (.text:ti_sysbios_knl_Queue_Object__destruct__S)
                  20010c10    0000001c     sysbios.aem4 : BIOS.obj (.text:ti_sysbios_knl_Task_enter__I)
                  20010c2c    0000001c     driverlib.a : udma.obj (.text:uDMAChannelEnable)
                  20010c48    0000001c     ti.targets.arm.rtsarm.aem4 : Error.oem4 (.text:xdc_runtime_Error_raiseX__E)
                  20010c64    0000001c                                : Memory.oem4 (.text:xdc_runtime_Memory_valloc__E)
                  20010c80    0000001c                                : SysMin.oem4 (.text:xdc_runtime_SysMin_exit__E)
                  20010c9c    0000001c                                : System.oem4 (.text:xdc_runtime_System_abort__E)
                  20010cb8    0000001a     driverlib.a : gpio.obj (.text:GPIOIntEnable)
                  20010cd2    0000001a                 : pin.obj (.text:PinTypeUART)
                  20010cec    0000001a                 : spi.obj (.text:SPIDmaDisable)
                  20010d06    0000001a                 : spi.obj (.text:SPIDmaEnable)
                  20010d20    0000001a                 : spi.obj (.text:SPIFIFODisable)
                  20010d3a    0000001a                 : spi.obj (.text:SPIFIFOEnable)
                  20010d54    0000001a     app_pem4.oem4 (.text:ti_sysbios_family_arm_m3_Hwi_Handle__label__S)
                  20010d6e    0000001a     sysbios.aem4 : m3_Hwi_asm.obj (.text:ti_sysbios_family_arm_m3_Hwi_pendSV__I)
                  20010d88    0000001a     app_pem4.oem4 (.text:ti_sysbios_gates_GateHwi_Handle__label__S)
                  20010da2    0000001a     app_pem4.oem4 (.text:ti_sysbios_gates_GateMutex_Handle__label__S)
                  20010dbc    0000001a     app_pem4.oem4 (.text:ti_sysbios_heaps_HeapMem_Handle__label__S)
                  20010dd6    0000001a     app_pem4.oem4 (.text:ti_sysbios_knl_Swi_Handle__label__S)
                  20010df0    0000001a     app_pem4.oem4 (.text:ti_sysbios_knl_Task_Handle__label__S)
                  20010e0a    00000006     ti.targets.arm.rtsarm.aem4 : System.oem4 (.text:xdc_runtime_System_Module_startup__E)
                  20010e10    0000001a     sysbios.aem4 : BIOS.obj (.text:ti_sysbios_knl_Task_sleepTimeout__I)
                  20010e2a    0000001a     app_pem4.oem4 (.text:xdc_runtime_LoggerBuf_Handle__label__S)
                  20010e44    0000001a     app_pem4.oem4 (.text:xdc_runtime_System_aprintf__E)
                  20010e5e    0000001a     app_pem4.oem4 (.text:xdc_runtime_System_printf__E)
                  20010e78    00000018     driverlib.a : gpio.obj (.text:GPIOPinRead)
                  20010e90    00000018                 : spi.obj (.text:SPICSDisable)
                  20010ea8    00000018                 : spi.obj (.text:SPICSEnable)
                  20010ec0    00000018                 : spi.obj (.text:SPIDisable)
                  20010ed8    00000018                 : spi.obj (.text:SPIEnable)
                  20010ef0    00000018                 : uart.obj (.text:UARTCharsAvail)
                  20010f08    00000018     simplelink.a : driver.obj (.text:_SlDrvObjUnLock)
                  20010f20    00000018                  : driver.obj (.text:_SlDrvSyncObjSignal)
                  20010f38    00000018                  : device.obj (.text:_sl_GetStartResponseConvert)
                  20010f50    00000018     app_pem4.oem4 (.text:free)
                  20010f68    00000018     rtsv7M4_T_le_eabi.lib : args_main.obj (.text)
                  20010f80    00000018     app_pem4.oem4 (.text:ti_sysbios_BIOS_rtsUnlock__I)
                  20010f98    00000018     app_pem4.oem4 (.text:ti_sysbios_family_arm_m3_Hwi_Module__startupDone__F)
                  20010fb0    00000018     app_pem4.oem4 (.text:ti_sysbios_family_arm_m3_Timer_Module__startupDone__F)
                  20010fc8    00000018     sysbios.aem4 : BIOS.obj (.text:ti_sysbios_gates_GateMutex_leave__E)
                  20010fe0    00000018     ti.targets.arm.rtsarm.aem4 : Error.oem4 (.text:xdc_runtime_Error_check__E)
                  20010ff8    00000018                                : System.oem4 (.text:xdc_runtime_System_exit__E)
                  20011010    00000018                                : Text.oem4 (.text:xdc_runtime_Text_ropeText__E)
                  20011028    00000016     driverlib.a : prcm.obj (.text:PRCMHIBRegRead)
                  2001103e    00000016                 : prcm.obj (.text:PRCMHIBRegWrite)
                  20011054    00000016     simplelink.a : driver.obj (.text:_SlDrvMemZero)
                  2001106a    00000016     rtsv7M4_T_le_eabi.lib : strchr.obj (.text)
                  20011080    00000016     app_pem4.oem4 (.text:ti_sysbios_BIOS_exitFunc__I)
                  20011096    00000014     driverlib.a : cpu.obj (.text:CPUcpsie)
                  200110aa    00000014                 : gpio.obj (.text:GPIOIntClear)
                  200110be    00000002     --HOLE-- [fill = 0]
                  200110c0    00000014     rtsv7M4_T_le_eabi.lib : _lock.obj (.text)
                  200110d4    00000014                           : strcpy.obj (.text)
                  200110e8    00000014                           : strlen.obj (.text)
                  200110fc    00000014     app_pem4.oem4 (.text:ti_sysbios_family_arm_m3_Hwi_Object__get__S)
                  20011110    00000014     sysbios.aem4 : BIOS.obj (.text:ti_sysbios_family_arm_m3_Hwi_switchFromBootStack__E)
                  20011124    00000014     app_pem4.oem4 (.text:ti_sysbios_heaps_HeapMem_Object__get__S)
                  20011138    00000014     app_pem4.oem4 (.text:ti_sysbios_knl_Swi_Object__get__S)
                  2001114c    00000014     app_pem4.oem4 (.text:xdc_runtime_LoggerBuf_Object__get__S)
                  20011160    00000012     sysbios.aem4 : BIOS.obj (.text:ti_sysbios_hal_Hwi_Module_startup__E)
                  20011172    00000006     --HOLE-- [fill = 0]
                  20011178    00000012                  : BIOS.obj (.text:ti_sysbios_hal_Timer_Module_startup__E)
                  2001118a    00000012     ti.targets.arm.rtsarm.aem4 : LoggerBuf.oem4 (.text:xdc_runtime_LoggerBuf_Instance_finalize__E)
                  2001119c    00000012                                : LoggerBuf.oem4 (.text:xdc_runtime_LoggerBuf_write1__E)
                  200111ae    00000012                                : LoggerBuf.oem4 (.text:xdc_runtime_LoggerBuf_write2__E)
                  200111c0    00000012     app_pem4.oem4 (.text:xdc_runtime_Startup_exec__I)
                  200111d2    00000006     --HOLE-- [fill = 0]
                  200111d8    00000010     sysbios.aem4 : BIOS.obj (.text:ti_sysbios_BIOS_setThreadType__E)
                  200111e8    00000010                  : BIOS.obj (.text:ti_sysbios_BIOS_start__E)
                  200111f8    00000010                  : BIOS.obj (.text:ti_sysbios_family_arm_m3_Hwi_getHandle__E)
                  20011208    00000010                  : m3_TaskSupport_asm.obj (.text:ti_sysbios_family_arm_m3_TaskSupport_glue)
                  20011218    00000010                  : m3_TaskSupport_asm.obj (.text:ti_sysbios_family_arm_m3_TaskSupport_swap__E)
                  20011228    00000010                  : BIOS.obj (.text:ti_sysbios_gates_GateMutex_Instance_finalize__E)
                  20011238    00000010     app_pem4.oem4 (.text:ti_sysbios_knl_Mailbox_Object__get__S)
                  20011248    00000010     sysbios.aem4 : BIOS.obj (.text:ti_sysbios_knl_Semaphore_Instance_finalize__E)
                  20011258    00000010                  : BIOS.obj (.text:ti_sysbios_knl_Swi_disable__E)
                  20011268    00000010     app_pem4.oem4 (.text:ti_sysbios_knl_Task_Object__get__S)
                  20011278    00000010     sysbios.aem4 : BIOS.obj (.text:ti_sysbios_knl_Task_disable__E)
                  20011288    00000010     ti.targets.arm.rtsarm.aem4 : Gate.oem4 (.text:xdc_runtime_Gate_leaveSystem__E)
                  20011298    00000010                                : LoggerBuf.oem4 (.text:xdc_runtime_LoggerBuf_write0__E)
                  200112a8    00000010                                : Memory.oem4 (.text:xdc_runtime_Memory_free__E)
                  200112b8    00000010                                : SysMin.oem4 (.text:xdc_runtime_SysMin_ready__E)
                  200112c8    00000010                                : System.oem4 (.text:xdc_runtime_System_vsnprintf__E)
                  200112d8    00000010     app_pem4.oem4 (.text:xdc_runtime_Text_visitRope__I)
                  200112e8    0000000e     simplelink.a : driver.obj (.text:_SlDrvResetCmdExt)
                  200112f6    0000000e     rtsv7M4_T_le_eabi.lib : copy_decompress_none.obj (.text:decompress:none)
                  20011304    00000004     --HOLE-- [fill = 0]
                  20011308    0000000e     sysbios.aem4 : BIOS.obj (.text:ti_sysbios_knl_Idle_loop__E)
                  20011316    00000002     --HOLE-- [fill = 0]
                  20011318    0000000e                  : BIOS.obj (.text:ti_sysbios_knl_Queue_empty__E)
                  20011326    00000002     --HOLE-- [fill = 0]
                  20011328    0000000c     simplelink.a : cc_pal.obj (.text:NwpMaskInterrupt)
                  20011334    0000000c                  : cc_pal.obj (.text:NwpUnMaskInterrupt)
                  20011340    0000000c     rtsv7M4_T_le_eabi.lib : copy_zero_init.obj (.text:decompress:ZI)
                  2001134c    0000000c     simplelink.a : wlan.obj (.text:sl_WlanDisconnect)
                  20011358    0000000c     app_pem4.oem4 (.text:ti_sysbios_family_arm_m3_Hwi_Params__init__S)
                  20011364    00000004     --HOLE-- [fill = 0]
                  20011368    0000000c     sysbios.aem4 : BIOS.obj (.text:ti_sysbios_family_arm_m3_Hwi_disableFxn__E)
                  20011374    00000004     --HOLE-- [fill = 0]
                  20011378    0000000c                  : BIOS.obj (.text:ti_sysbios_family_arm_m3_TaskSupport_checkStack__E)
                  20011384    00000004     --HOLE-- [fill = 0]
                  20011388    0000000c                  : BIOS.obj (.text:ti_sysbios_family_arm_m3_TaskSupport_getStackAlignment__E)
                  20011394    00000004     --HOLE-- [fill = 0]
                  20011398    0000000c                  : BIOS.obj (.text:ti_sysbios_gates_GateHwi_enter__E)
                  200113a4    0000000c     app_pem4.oem4 (.text:ti_sysbios_knl_Queue_Object__get__S)
                  200113b0    0000000c     app_pem4.oem4 (.text:ti_sysbios_knl_Semaphore_Params__init__S)
                  200113bc    0000000c     app_pem4.oem4 (.text:ti_sysbios_knl_Task_Params__init__S)
                  200113c8    0000000c     ti.targets.arm.rtsarm.aem4 : Error.oem4 (.text:xdc_runtime_Error_init__E)
                  200113d4    0000000c                                : Gate.oem4 (.text:xdc_runtime_Gate_enterSystem__E)
                  200113e0    0000000c                                : Memory.oem4 (.text:xdc_runtime_Memory_calloc__E)
                  200113ec    0000000c                                : Memory.oem4 (.text:xdc_runtime_Memory_getMaxDefaultTypeAlign__E)
                  200113f8    0000000a     driverlib.a : interrupt.obj (.text:IntMasterEnable)
                  20011402    0000000a     app_pem4.oem4 (.text:xdc_runtime_IHeap_alloc)
                  2001140c    0000000a     app_pem4.oem4 (.text:xdc_runtime_IHeap_free)
                  20011416    0000000a     ti.targets.arm.rtsarm.aem4 : LoggerBuf.oem4 (.text:xdc_runtime_LoggerBuf_disable__E)
                  20011420    0000000a                                : LoggerBuf.oem4 (.text:xdc_runtime_LoggerBuf_enable__E)
                  2001142a    00000006     --HOLE-- [fill = 0]
                  20011430    00000008     sysbios.aem4 : BIOS.obj (.text:ti_sysbios_family_arm_m3_Hwi_doSwiRestore__I)
                  20011438    00000008                  : BIOS.obj (.text:ti_sysbios_family_arm_m3_Hwi_startup__E)
                  20011440    00000006                  : BIOS.obj (.text:ti_sysbios_family_arm_m3_Hwi_restoreFxn__E)
                  20011446    00000002     --HOLE-- [fill = 0]
                  20011448    00000006                  : BIOS.obj (.text:ti_sysbios_gates_GateHwi_leave__E)
                  2001144e    00000002     --HOLE-- [fill = 0]
                  20011450    00000006                  : BIOS.obj (.text:ti_sysbios_heaps_HeapMem_isBlocking__E)
                  20011456    00000002     --HOLE-- [fill = 0]
                  20011458    00000006                  : BIOS.obj (.text:ti_sysbios_knl_Queue_Instance_init__E)
                  2001145e    00000002     --HOLE-- [fill = 0]
                  20011460    00000004                  : BIOS.obj (.text:ti_sysbios_family_arm_m3_Timer_getMaxTicks__E)
                  20011464    00000004     --HOLE-- [fill = 0]
                  20011468    00000004                  : BIOS.obj (.text:ti_sysbios_gates_GateHwi_query__E)
                  2001146c    00000004     --HOLE-- [fill = 0]
                  20011470    00000004                  : BIOS.obj (.text:ti_sysbios_gates_GateMutex_query__E)
                  20011474    00000004     --HOLE-- [fill = 0]
                  20011478    00000004                  : BIOS.obj (.text:ti_sysbios_knl_Task_startup__E)
                  2001147c    00000004     --HOLE-- [fill = 0]
                  20011480    00000002                  : BIOS.obj (.text:ti_sysbios_gates_GateHwi_Instance_init__E)

.const     0    20011484    0000263d     
                  20011484    000018cb     app_pem4.oem4 (.const:xdc_runtime_Text_charTab__A)
                  20012d4f    00000101     rtsv7M4_T_le_eabi.lib : ctype.obj (.const:.string:_ctypes_)
                  20012e50    00000100     driverlib.a : pin.obj (.const:g_ulPinToPadMap)
                  20012f50    000000b8     app_pem4.oem4 (.const:xdc_runtime_Text_nodeTab__A)
                  20013008    000000b0     simplelink.a : wlan.obj (.const:$P$T0$1)
                  200130b8    000000a8     driverlib.a : prcm.obj (.const:PRCM_PeriphRegsList)
                  20013160    00000088     main.obj (.const)
                  200131e8    00000080     driverlib.a : interrupt.obj (.const)
                  20013268    00000048     app_pem4.oem4 (.const:.string)
                  200132b0    0000003c     main.obj (.const:.string)
                  200132ec    0000003c     simplelink.a : driver.obj (.const:OpcodeTranslateTable)
                  20013328    0000003c                  : wlan.obj (.const)
                  20013364    0000003c     app_pem4.oem4 (.const:ti_sysbios_knl_Task_Object__PARAMS__C)
                  200133a0    0000003c     app_pem4.oem4 (.const:xdc_runtime_LoggerBuf_Module__FXNS__C)
                  200133dc    00000038     simplelink.a : driver.obj (.const:_SlActionLookupTable)
                  20013414    00000034                  : driver.obj (.const)
                  20013448    00000034     app_pem4.oem4 (.const:ti_sysbios_knl_Mailbox_Object__PARAMS__C)
                  2001347c    00000030     app_pem4.oem4 (.const:ti_sysbios_family_arm_m3_Hwi_Object__PARAMS__C)
                  200134ac    00000030     app_pem4.oem4 (.const:xdc_runtime_Startup_sfxnTab__A)
                  200134dc    0000002c     main.obj (.const:$P$T1$2)
                  20013508    00000028     simplelink.a : netapp.obj (.const)
                  20013530    00000028     app_pem4.oem4 (.const:ti_sysbios_heaps_HeapMem_Module__FXNS__C)
                  20013558    00000024     app_pem4.oem4 (.const:ti_sysbios_gates_GateHwi_Module__FXNS__C)
                  2001357c    00000024     app_pem4.oem4 (.const:ti_sysbios_gates_GateMutex_Module__FXNS__C)
                  200135a0    00000024     app_pem4.oem4 (.const:ti_sysbios_heaps_HeapMem_Object__PARAMS__C)
                  200135c4    00000024     app_pem4.oem4 (.const:ti_sysbios_knl_Semaphore_Object__PARAMS__C)
                  200135e8    00000024     app_pem4.oem4 (.const:xdc_runtime_LoggerBuf_Object__PARAMS__C)
                  2001360c    00000022     main.obj (.const:.string:$P$T0$1)
                  2001362e    00000002     app_pem4.oem4 (.const:ti_sysbios_family_arm_m3_Hwi_Module__id__C)
                  20013630    00000020     app_pem4.oem4 (.const:ti_sysbios_family_arm_m3_Hwi_Object__DESC__C)
                  20013650    00000020     app_pem4.oem4 (.const:ti_sysbios_gates_GateHwi_Object__DESC__C)
                  20013670    00000020     app_pem4.oem4 (.const:ti_sysbios_gates_GateMutex_Object__DESC__C)
                  20013690    00000020     app_pem4.oem4 (.const:ti_sysbios_heaps_HeapMem_Object__DESC__C)
                  200136b0    00000020     app_pem4.oem4 (.const:ti_sysbios_knl_Mailbox_Object__DESC__C)
                  200136d0    00000020     app_pem4.oem4 (.const:ti_sysbios_knl_Queue_Object__DESC__C)
                  200136f0    00000020     app_pem4.oem4 (.const:ti_sysbios_knl_Semaphore_Object__DESC__C)
                  20013710    00000020     app_pem4.oem4 (.const:ti_sysbios_knl_Task_Object__DESC__C)
                  20013730    00000020     app_pem4.oem4 (.const:xdc_runtime_LoggerBuf_Object__DESC__C)
                  20013750    00000018     driverlib.a : spi.obj (.const)
                  20013768    00000018     app_pem4.oem4 (.const:ti_sysbios_gates_GateHwi_Object__PARAMS__C)
                  20013780    00000018     app_pem4.oem4 (.const:ti_sysbios_gates_GateMutex_Object__PARAMS__C)
                  20013798    00000018     app_pem4.oem4 (.const:ti_sysbios_knl_Queue_Object__PARAMS__C)
                  200137b0    00000018     app_pem4.oem4 (.const:xdc_runtime_Startup_sfxnRts__A)
                  200137c8    00000014     simplelink.a : device.obj (.const)
                  200137dc    0000000c     app_pem4.oem4 (.const:xdc_runtime_Startup_firstFxns__A)
                  200137e8    00000008     simplelink.a : device.obj (.const:.string)
                  200137f0    00000008                  : netcfg.obj (.const)
                  200137f8    00000008     app_pem4.oem4 (.const:ti_sysbios_family_arm_m3_Hwi_excHookFuncs__A)
                  20013800    00000008     app_pem4.oem4 (.const:ti_sysbios_knl_Idle_funcList__C)
                  20013808    00000008     app_pem4.oem4 (.const:xdc_runtime_Startup_firstFxns__C)
                  20013810    00000008     app_pem4.oem4 (.const:xdc_runtime_Startup_lastFxns__C)
                  20013818    00000004     app_pem4.oem4 (.const:ti_sysbios_family_arm_m3_Hwi_E_NMI__C)
                  2001381c    00000004     app_pem4.oem4 (.const:ti_sysbios_family_arm_m3_Hwi_E_alreadyDefined__C)
                  20013820    00000004     app_pem4.oem4 (.const:ti_sysbios_family_arm_m3_Hwi_E_busFault__C)
                  20013824    00000004     app_pem4.oem4 (.const:ti_sysbios_family_arm_m3_Hwi_E_debugMon__C)
                  20013828    00000004     app_pem4.oem4 (.const:ti_sysbios_family_arm_m3_Hwi_E_hardFault__C)
                  2001382c    00000004     app_pem4.oem4 (.const:ti_sysbios_family_arm_m3_Hwi_E_memFault__C)
                  20013830    00000004     app_pem4.oem4 (.const:ti_sysbios_family_arm_m3_Hwi_E_noIsr__C)
                  20013834    00000004     app_pem4.oem4 (.const:ti_sysbios_family_arm_m3_Hwi_E_reserved__C)
                  20013838    00000004     app_pem4.oem4 (.const:ti_sysbios_family_arm_m3_Hwi_E_svCall__C)
                  2001383c    00000004     app_pem4.oem4 (.const:ti_sysbios_family_arm_m3_Hwi_E_usageFault__C)
                  20013840    00000004     app_pem4.oem4 (.const:ti_sysbios_family_arm_m3_Hwi_LD_end__C)
                  20013844    00000004     app_pem4.oem4 (.const:ti_sysbios_family_arm_m3_Hwi_LM_begin__C)
                  20013848    00000004     app_pem4.oem4 (.const:ti_sysbios_family_arm_m3_Hwi_Module__diagsEnabled__C)
                  2001384c    00000004     app_pem4.oem4 (.const:ti_sysbios_family_arm_m3_Hwi_Module__diagsIncluded__C)
                  20013850    00000004     app_pem4.oem4 (.const:ti_sysbios_family_arm_m3_Hwi_Module__diagsMask__C)
                  20013854    00000004     app_pem4.oem4 (.const:ti_sysbios_family_arm_m3_Hwi_Module__loggerFxn1__C)
                  20013858    00000004     app_pem4.oem4 (.const:ti_sysbios_family_arm_m3_Hwi_Module__loggerFxn8__C)
                  2001385c    00000004     app_pem4.oem4 (.const:ti_sysbios_family_arm_m3_Hwi_Module__loggerObj__C)
                  20013860    00000004     app_pem4.oem4 (.const:ti_sysbios_family_arm_m3_Hwi_NUM_INTERRUPTS__C)
                  20013864    00000004     app_pem4.oem4 (.const:ti_sysbios_family_arm_m3_Hwi_Object__count__C)
                  20013868    00000004     app_pem4.oem4 (.const:ti_sysbios_family_arm_m3_Hwi_ccr__C)
                  2001386c    00000004     app_pem4.oem4 (.const:ti_sysbios_family_arm_m3_Hwi_excHandlerFunc__C)
                  20013870    00000004     app_pem4.oem4 (.const:ti_sysbios_family_arm_m3_Hwi_excHookFuncs__C)
                  20013874    00000004     app_pem4.oem4 (.const:ti_sysbios_family_arm_m3_Hwi_nullIsrFunc__C)
                  20013878    00000004     app_pem4.oem4 (.const:ti_sysbios_family_arm_m3_Hwi_priGroup__C)
                  2001387c    00000004     app_pem4.oem4 (.const:ti_sysbios_family_arm_m3_TaskSupport_stackAlignment__C)
                  20013880    00000004     app_pem4.oem4 (.const:ti_sysbios_family_arm_m3_Timer_E_cannotSupport__C)
                  20013884    00000004     app_pem4.oem4 (.const:ti_sysbios_family_arm_m3_Timer_startupNeeded__C)
                  20013888    00000004     app_pem4.oem4 (.const:ti_sysbios_gates_GateMutex_A_badContext__C)
                  2001388c    00000004     app_pem4.oem4 (.const:ti_sysbios_gates_GateMutex_Instance_State_sem__O)
                  20013890    00000004     app_pem4.oem4 (.const:ti_sysbios_gates_GateMutex_Module__diagsEnabled__C)
                  20013894    00000004     app_pem4.oem4 (.const:ti_sysbios_gates_GateMutex_Module__diagsIncluded__C)
                  20013898    00000004     app_pem4.oem4 (.const:ti_sysbios_gates_GateMutex_Module__diagsMask__C)
                  2001389c    00000004     app_pem4.oem4 (.const:ti_sysbios_hal_Hwi_E_stackOverflow__C)
                  200138a0    00000004     app_pem4.oem4 (.const:ti_sysbios_heaps_HeapMem_A_align__C)
                  200138a4    00000004     app_pem4.oem4 (.const:ti_sysbios_heaps_HeapMem_A_heapSize__C)
                  200138a8    00000004     app_pem4.oem4 (.const:ti_sysbios_heaps_HeapMem_A_invalidFree__C)
                  200138ac    00000004     app_pem4.oem4 (.const:ti_sysbios_heaps_HeapMem_A_zeroBlock__C)
                  200138b0    00000004     app_pem4.oem4 (.const:ti_sysbios_heaps_HeapMem_E_memory__C)
                  200138b4    00000004     app_pem4.oem4 (.const:ti_sysbios_heaps_HeapMem_Module__diagsEnabled__C)
                  200138b8    00000004     app_pem4.oem4 (.const:ti_sysbios_heaps_HeapMem_Module__diagsIncluded__C)
                  200138bc    00000004     app_pem4.oem4 (.const:ti_sysbios_heaps_HeapMem_Module__diagsMask__C)
                  200138c0    00000004     app_pem4.oem4 (.const:ti_sysbios_heaps_HeapMem_Module__gateObj__C)
                  200138c4    00000004     app_pem4.oem4 (.const:ti_sysbios_heaps_HeapMem_Object__count__C)
                  200138c8    00000004     app_pem4.oem4 (.const:ti_sysbios_heaps_HeapMem_reqAlign__C)
                  200138cc    00000004     app_pem4.oem4 (.const:ti_sysbios_knl_Clock_LM_begin__C)
                  200138d0    00000004     app_pem4.oem4 (.const:ti_sysbios_knl_Clock_LM_tick__C)
                  200138d4    00000004     app_pem4.oem4 (.const:ti_sysbios_knl_Clock_LW_delayed__C)
                  200138d8    00000004     app_pem4.oem4 (.const:ti_sysbios_knl_Clock_Module_State_clockQ__O)
                  200138dc    00000004     app_pem4.oem4 (.const:ti_sysbios_knl_Clock_Module__diagsEnabled__C)
                  200138e0    00000004     app_pem4.oem4 (.const:ti_sysbios_knl_Clock_Module__diagsIncluded__C)
                  200138e4    00000004     app_pem4.oem4 (.const:ti_sysbios_knl_Clock_Module__diagsMask__C)
                  200138e8    00000004     app_pem4.oem4 (.const:ti_sysbios_knl_Clock_Module__loggerFxn1__C)
                  200138ec    00000004     app_pem4.oem4 (.const:ti_sysbios_knl_Clock_Module__loggerFxn2__C)
                  200138f0    00000004     app_pem4.oem4 (.const:ti_sysbios_knl_Clock_Module__loggerObj__C)
                  200138f4    00000004     app_pem4.oem4 (.const:ti_sysbios_knl_Clock_tickPeriod__C)
                  200138f8    00000004     app_pem4.oem4 (.const:ti_sysbios_knl_Idle_funcList__A)
                  200138fc    00000004     app_pem4.oem4 (.const:ti_sysbios_knl_Mailbox_A_invalidBufSize__C)
                  20013900    00000004     app_pem4.oem4 (.const:ti_sysbios_knl_Mailbox_Instance_State_dataQue__O)
                  20013904    00000004     app_pem4.oem4 (.const:ti_sysbios_knl_Mailbox_Instance_State_dataSem__O)
                  20013908    00000004     app_pem4.oem4 (.const:ti_sysbios_knl_Mailbox_Instance_State_freeQue__O)
                  2001390c    00000004     app_pem4.oem4 (.const:ti_sysbios_knl_Mailbox_Instance_State_freeSem__O)
                  20013910    00000004     app_pem4.oem4 (.const:ti_sysbios_knl_Mailbox_Module__diagsEnabled__C)
                  20013914    00000004     app_pem4.oem4 (.const:ti_sysbios_knl_Mailbox_Module__diagsIncluded__C)
                  20013918    00000004     app_pem4.oem4 (.const:ti_sysbios_knl_Mailbox_Module__diagsMask__C)
                  2001391c    00000004     app_pem4.oem4 (.const:ti_sysbios_knl_Mailbox_Object__count__C)
                  20013920    00000004     app_pem4.oem4 (.const:ti_sysbios_knl_Mailbox_maxTypeAlign__C)
                  20013924    00000004     app_pem4.oem4 (.const:ti_sysbios_knl_Semaphore_A_badContext__C)
                  20013928    00000004     app_pem4.oem4 (.const:ti_sysbios_knl_Semaphore_A_noEvents__C)
                  2001392c    00000004     app_pem4.oem4 (.const:ti_sysbios_knl_Semaphore_A_overflow__C)
                  20013930    00000004     app_pem4.oem4 (.const:ti_sysbios_knl_Semaphore_A_pendTaskDisabled__C)
                  20013934    00000004     app_pem4.oem4 (.const:ti_sysbios_knl_Semaphore_Instance_State_pendQ__O)
                  20013938    00000004     app_pem4.oem4 (.const:ti_sysbios_knl_Semaphore_LM_pend__C)
                  2001393c    00000004     app_pem4.oem4 (.const:ti_sysbios_knl_Semaphore_LM_post__C)
                  20013940    00000004     app_pem4.oem4 (.const:ti_sysbios_knl_Semaphore_Module__diagsEnabled__C)
                  20013944    00000004     app_pem4.oem4 (.const:ti_sysbios_knl_Semaphore_Module__diagsIncluded__C)
                  20013948    00000004     app_pem4.oem4 (.const:ti_sysbios_knl_Semaphore_Module__diagsMask__C)
                  2001394c    00000004     app_pem4.oem4 (.const:ti_sysbios_knl_Semaphore_Module__loggerFxn2__C)
                  20013950    00000004     app_pem4.oem4 (.const:ti_sysbios_knl_Semaphore_Module__loggerFxn4__C)
                  20013954    00000004     app_pem4.oem4 (.const:ti_sysbios_knl_Semaphore_Module__loggerObj__C)
                  20013958    00000004     app_pem4.oem4 (.const:ti_sysbios_knl_Swi_LD_end__C)
                  2001395c    00000004     app_pem4.oem4 (.const:ti_sysbios_knl_Swi_LM_begin__C)
                  20013960    00000004     app_pem4.oem4 (.const:ti_sysbios_knl_Swi_LM_post__C)
                  20013964    00000004     app_pem4.oem4 (.const:ti_sysbios_knl_Swi_Module__diagsEnabled__C)
                  20013968    00000004     app_pem4.oem4 (.const:ti_sysbios_knl_Swi_Module__diagsIncluded__C)
                  2001396c    00000004     app_pem4.oem4 (.const:ti_sysbios_knl_Swi_Module__diagsMask__C)
                  20013970    00000004     app_pem4.oem4 (.const:ti_sysbios_knl_Swi_Module__loggerFxn1__C)
                  20013974    00000004     app_pem4.oem4 (.const:ti_sysbios_knl_Swi_Module__loggerFxn4__C)
                  20013978    00000004     app_pem4.oem4 (.const:ti_sysbios_knl_Swi_Module__loggerObj__C)
                  2001397c    00000004     app_pem4.oem4 (.const:ti_sysbios_knl_Swi_Object__count__C)
                  20013980    00000004     app_pem4.oem4 (.const:ti_sysbios_knl_Task_A_badPriority__C)
                  20013984    00000004     app_pem4.oem4 (.const:ti_sysbios_knl_Task_A_badTaskState__C)
                  20013988    00000004     app_pem4.oem4 (.const:ti_sysbios_knl_Task_A_badThreadType__C)
                  2001398c    00000004     app_pem4.oem4 (.const:ti_sysbios_knl_Task_A_badTimeout__C)
                  20013990    00000004     app_pem4.oem4 (.const:ti_sysbios_knl_Task_A_noPendElem__C)
                  20013994    00000004     app_pem4.oem4 (.const:ti_sysbios_knl_Task_A_sleepTaskDisabled__C)
                  20013998    00000004     app_pem4.oem4 (.const:ti_sysbios_knl_Task_E_spOutOfBounds__C)
                  2001399c    00000004     app_pem4.oem4 (.const:ti_sysbios_knl_Task_E_stackOverflow__C)
                  200139a0    00000004     app_pem4.oem4 (.const:ti_sysbios_knl_Task_LD_block__C)
                  200139a4    00000004     app_pem4.oem4 (.const:ti_sysbios_knl_Task_LD_exit__C)
                  200139a8    00000004     app_pem4.oem4 (.const:ti_sysbios_knl_Task_LD_ready__C)
                  200139ac    00000004     app_pem4.oem4 (.const:ti_sysbios_knl_Task_LM_sleep__C)
                  200139b0    00000004     app_pem4.oem4 (.const:ti_sysbios_knl_Task_LM_switch__C)
                  200139b4    00000004     app_pem4.oem4 (.const:ti_sysbios_knl_Task_LM_yield__C)
                  200139b8    00000004     app_pem4.oem4 (.const:ti_sysbios_knl_Task_Module_State_inactiveQ__O)
                  200139bc    00000004     app_pem4.oem4 (.const:ti_sysbios_knl_Task_Module__diagsEnabled__C)
                  200139c0    00000004     app_pem4.oem4 (.const:ti_sysbios_knl_Task_Module__diagsIncluded__C)
                  200139c4    00000004     app_pem4.oem4 (.const:ti_sysbios_knl_Task_Module__diagsMask__C)
                  200139c8    00000004     app_pem4.oem4 (.const:ti_sysbios_knl_Task_Module__loggerFxn2__C)
                  200139cc    00000004     app_pem4.oem4 (.const:ti_sysbios_knl_Task_Module__loggerFxn4__C)
                  200139d0    00000004     app_pem4.oem4 (.const:ti_sysbios_knl_Task_Module__loggerObj__C)
                  200139d4    00000004     app_pem4.oem4 (.const:ti_sysbios_knl_Task_Object__count__C)
                  200139d8    00000004     app_pem4.oem4 (.const:ti_sysbios_knl_Task_allBlockedFunc__C)
                  200139dc    00000004     app_pem4.oem4 (.const:ti_sysbios_knl_Task_defaultStackHeap__C)
                  200139e0    00000004     app_pem4.oem4 (.const:ti_sysbios_knl_Task_defaultStackSize__C)
                  200139e4    00000004     app_pem4.oem4 (.const:ti_sysbios_knl_Task_numConstructedTasks__C)
                  200139e8    00000004     app_pem4.oem4 (.const:xdc_runtime_Assert_E_assertFailed__C)
                  200139ec    00000004     app_pem4.oem4 (.const:xdc_runtime_Core_A_initializedParams__C)
                  200139f0    00000004     app_pem4.oem4 (.const:xdc_runtime_Core_Module__diagsEnabled__C)
                  200139f4    00000004     app_pem4.oem4 (.const:xdc_runtime_Core_Module__diagsIncluded__C)
                  200139f8    00000004     app_pem4.oem4 (.const:xdc_runtime_Core_Module__diagsMask__C)
                  200139fc    00000004     app_pem4.oem4 (.const:xdc_runtime_Error_E_memory__C)
                  20013a00    00000004     app_pem4.oem4 (.const:xdc_runtime_Error_Module__diagsEnabled__C)
                  20013a04    00000004     app_pem4.oem4 (.const:xdc_runtime_Error_Module__diagsIncluded__C)
                  20013a08    00000004     app_pem4.oem4 (.const:xdc_runtime_Error_Module__diagsMask__C)
                  20013a0c    00000004     app_pem4.oem4 (.const:xdc_runtime_Error_Module__loggerFxn8__C)
                  20013a10    00000004     app_pem4.oem4 (.const:xdc_runtime_Error_Module__loggerObj__C)
                  20013a14    00000004     app_pem4.oem4 (.const:xdc_runtime_Error_policyFxn__C)
                  20013a18    00000004     app_pem4.oem4 (.const:xdc_runtime_Error_raiseHook__C)
                  20013a1c    00000004     app_pem4.oem4 (.const:xdc_runtime_IFilterLogger_Interface__BASE__C)
                  20013a20    00000004     app_pem4.oem4 (.const:xdc_runtime_IGateProvider_Interface__BASE__C)
                  20013a24    00000004     app_pem4.oem4 (.const:xdc_runtime_IHeap_Interface__BASE__C)
                  20013a28    00000004     app_pem4.oem4 (.const:xdc_runtime_ILogger_Interface__BASE__C)
                  20013a2c    00000004     app_pem4.oem4 (.const:xdc_runtime_IModule_Interface__BASE__C)
                  20013a30    00000004     app_pem4.oem4 (.const:xdc_runtime_Log_L_error__C)
                  20013a34    00000004     app_pem4.oem4 (.const:xdc_runtime_LoggerBuf_E_badLevel__C)
                  20013a38    00000004     app_pem4.oem4 (.const:xdc_runtime_LoggerBuf_Module__gateObj__C)
                  20013a3c    00000004     app_pem4.oem4 (.const:xdc_runtime_LoggerBuf_Object__count__C)
                  20013a40    00000004     app_pem4.oem4 (.const:xdc_runtime_LoggerBuf_statusLogger__C)
                  20013a44    00000004     app_pem4.oem4 (.const:xdc_runtime_Memory_defaultHeapInstance__C)
                  20013a48    00000004     app_pem4.oem4 (.const:xdc_runtime_Startup_execImpl__C)
                  20013a4c    00000004     app_pem4.oem4 (.const:xdc_runtime_Startup_maxPasses__C)
                  20013a50    00000004     app_pem4.oem4 (.const:xdc_runtime_Startup_sfxnRts__C)
                  20013a54    00000004     app_pem4.oem4 (.const:xdc_runtime_Startup_sfxnTab__C)
                  20013a58    00000004     app_pem4.oem4 (.const:xdc_runtime_SysMin_bufSize__C)
                  20013a5c    00000004     app_pem4.oem4 (.const:xdc_runtime_SysMin_outputFunc__C)
                  20013a60    00000004     app_pem4.oem4 (.const:xdc_runtime_System_Module__gateObj__C)
                  20013a64    00000004     app_pem4.oem4 (.const:xdc_runtime_System_abortFxn__C)
                  20013a68    00000004     app_pem4.oem4 (.const:xdc_runtime_System_exitFxn__C)
                  20013a6c    00000004     app_pem4.oem4 (.const:xdc_runtime_System_extendFxn__C)
                  20013a70    00000004     app_pem4.oem4 (.const:xdc_runtime_System_maxAtexitHandlers__C)
                  20013a74    00000004     app_pem4.oem4 (.const:xdc_runtime_Text_charTab__C)
                  20013a78    00000004     app_pem4.oem4 (.const:xdc_runtime_Text_nameEmpty__C)
                  20013a7c    00000004     app_pem4.oem4 (.const:xdc_runtime_Text_nameStatic__C)
                  20013a80    00000004     app_pem4.oem4 (.const:xdc_runtime_Text_nameUnknown__C)
                  20013a84    00000004     app_pem4.oem4 (.const:xdc_runtime_Text_nodeTab__C)
                  20013a88    00000004     app_pem4.oem4 (.const:xdc_runtime_Text_visitRopeFxn__C)
                  20013a8c    00000002     app_pem4.oem4 (.const:ti_sysbios_family_arm_m3_Hwi_Module__loggerDefined__C)
                  20013a8e    00000002     app_pem4.oem4 (.const:ti_sysbios_family_arm_m3_Timer_Module__id__C)
                  20013a90    00000002     app_pem4.oem4 (.const:ti_sysbios_family_arm_m3_TimestampProvider_configTimer__C)
                  20013a92    00000002     app_pem4.oem4 (.const:ti_sysbios_gates_GateMutex_Module__id__C)
                  20013a94    00000002     app_pem4.oem4 (.const:ti_sysbios_hal_Hwi_Module__id__C)
                  20013a96    00000002     app_pem4.oem4 (.const:ti_sysbios_heaps_HeapMem_Module__id__C)
                  20013a98    00000002     app_pem4.oem4 (.const:ti_sysbios_knl_Clock_Module__id__C)
                  20013a9a    00000002     app_pem4.oem4 (.const:ti_sysbios_knl_Clock_Module__loggerDefined__C)
                  20013a9c    00000002     app_pem4.oem4 (.const:ti_sysbios_knl_Mailbox_Module__id__C)
                  20013a9e    00000002     app_pem4.oem4 (.const:ti_sysbios_knl_Semaphore_Module__id__C)
                  20013aa0    00000002     app_pem4.oem4 (.const:ti_sysbios_knl_Semaphore_Module__loggerDefined__C)
                  20013aa2    00000002     app_pem4.oem4 (.const:ti_sysbios_knl_Swi_Module__id__C)
                  20013aa4    00000002     app_pem4.oem4 (.const:ti_sysbios_knl_Swi_Module__loggerDefined__C)
                  20013aa6    00000002     app_pem4.oem4 (.const:ti_sysbios_knl_Task_Module__id__C)
                  20013aa8    00000002     app_pem4.oem4 (.const:ti_sysbios_knl_Task_Module__loggerDefined__C)
                  20013aaa    00000002     app_pem4.oem4 (.const:xdc_runtime_Core_Module__id__C)
                  20013aac    00000002     app_pem4.oem4 (.const:xdc_runtime_Error_Module__loggerDefined__C)
                  20013aae    00000002     app_pem4.oem4 (.const:xdc_runtime_Error_maxDepth__C)
                  20013ab0    00000002     app_pem4.oem4 (.const:xdc_runtime_LoggerBuf_Module__id__C)
                  20013ab2    00000002     app_pem4.oem4 (.const:xdc_runtime_LoggerBuf_filterByLevel__C)
                  20013ab4    00000002     app_pem4.oem4 (.const:xdc_runtime_Memory_Module__id__C)
                  20013ab6    00000002     app_pem4.oem4 (.const:xdc_runtime_SysMin_flushAtExit__C)
                  20013ab8    00000002     app_pem4.oem4 (.const:xdc_runtime_Text_charCnt__C)
                  20013aba    00000002     app_pem4.oem4 (.const:xdc_runtime_Text_isLoaded__C)
                  20013abc    00000002     app_pem4.oem4 (.const:xdc_runtime_Text_registryModsLastId__C)
                  20013abe    00000002     app_pem4.oem4 (.const:xdc_runtime_Text_unnamedModsLastId__C)
                  20013ac0    00000001     app_pem4.oem4 (.const:xdc_runtime_Error_policy__C)

.cinit     0    20013ac8    00000398     
                  20013ac8    0000036f     (.cinit..data.load) [load image, compression = rle]
                  20013e37    00000001     --HOLE-- [fill = 0]
                  20013e38    0000000c     (__TI_handler_table)
                  20013e44    00000004     --HOLE-- [fill = 0]
                  20013e48    00000008     (.cinit..bss.load) [load image, compression = zero_init]
                  20013e50    00000010     (__TI_cinit_table)

.bss       0    20018000    00009640     UNINITIALIZED
                  20018000    00008000     app_pem4.oem4 (.bss:ti_sysbios_heaps_HeapMem_Instance_State_0_buf__A)
                  20020000    00000800     app_pem4.oem4 (.bss:taskStackSection)
                  20020800    00000400     app_pem4.oem4 (.bss:xdc_runtime_LoggerBuf_Instance_State_0_entryArr__A)
                  20020c00    00000400     app_pem4.oem4 (.bss:xdc_runtime_SysMin_Module_State_0_outbuf__A)
                  20021000    0000030c     app_pem4.oem4 (.bss:ti_sysbios_family_arm_m3_Hwi_dispatchTable)
                  2002130c    00000178     simplelink.a : driver.obj (.bss:g_StatMem)
                  20021484    00000120     rtsv7M4_T_le_eabi.lib : trgmsg.obj (.bss:__CIOBUF_)
                  200215a4    00000050     simplelink.a : cc_pal.obj (.bss:g_ucDinDout)
                  200215f4    00000024     main.obj (.bss:g_ucConnectionSSID)
                  20021618    00000008     (.common:g_ucConnectionBSSID)
                  20021620    00000008     (.common:parmbuf)
                  20021628    00000004     (.common:DMAMsgQ)
                  2002162c    00000004     (.common:SimpleLinkSpawnTaskHndl)
                  20021630    00000004     (.common:__Errorlog)
                  20021634    00000004     (.common:g_cDummy)
                  20021638    00000004     (.common:simpleLink_mailbox)
                  2002163c    00000001     (.common:RxIrqCnt)
                  2002163d    00000001     (.common:g_ucLED1Pin)
                  2002163e    00000001     (.common:g_ucLED2Pin)
                  2002163f    00000001     (.common:g_ucLED3Pin)

.data      0    20021640    0000059c     UNINITIALIZED
                  20021640    00000138     app_pem4.oem4 (.data)
                  20021778    000000b0     rtsv7M4_T_le_eabi.lib : signal.obj (.data:sigtable)
                  20021828    00000080                           : xvalues.obj (.data)
                  200218a8    00000080     app_pem4.oem4 (.data:ti_sysbios_knl_Swi_Module_State_0_readyQ__A)
                  20021928    00000080     app_pem4.oem4 (.data:ti_sysbios_knl_Task_Module_State_0_readyQ__A)
                  200219a8    0000004c     app_pem4.oem4 (.data:ti_sysbios_knl_Task_Object__table__V)
                  200219f4    00000044     app_pem4.oem4 (.data:ti_sysbios_knl_Task_Module__state__V)
                  20021a38    00000038     app_pem4.oem4 (.data:ti_sysbios_gates_GateMutex_Object__table__V)
                  20021a70    00000034     app_pem4.oem4 (.data:ti_sysbios_family_arm_m3_Hwi_Module__state__V)
                  20021aa4    00000030     app_pem4.oem4 (.data:ti_sysbios_family_arm_m3_Timer_Object__table__V)
                  20021ad4    00000030     app_pem4.oem4 (.data:ti_sysbios_knl_Swi_Object__table__V)
                  20021b04    0000002c     app_pem4.oem4 (.data:ti_sysbios_knl_Clock_Module__state__V)
                  20021b30    00000024     app_pem4.oem4 (.data:ti_sysbios_BIOS_Module__state__V)
                  20021b54    00000024     app_pem4.oem4 (.data:xdc_runtime_LoggerBuf_Object__table__V)
                  20021b78    00000020     gpio_if.obj (.data)
                  20021b98    0000000c     main.obj (.data)
                  20021ba4    00000009     simplelink.a : cc_pal.obj (.data)
                  20021bad    00000003     --HOLE--
                  20021bb0    00000009                  : driver.obj (.data)
                  20021bb9    00000003     --HOLE--
                  20021bbc    00000008     rtsv7M4_T_le_eabi.lib : _lock.obj (.data)
                  20021bc4    00000008                           : exit.obj (.data)
                  20021bcc    00000008                           : feraiseexcept.obj (.data)
                  20021bd4    00000004                           : errno.obj (.data)
                  20021bd8    00000004                           : stkdepth_vars.obj (.data)

.stack     0    2002e000    00002000     UNINITIALIZED
                  2002e000    00002000     --HOLE--

.bootVecs 
*          0    00000000    00000008     DSECT
                  00000000    00000008     boot.aem4 : boot.oem4 (.bootVecs)

.vecs      0    20004000    00000000     DSECT

xdc.meta   0    00000000    000000f8     COPY SECTION
                  00000000    000000f8     app_pem4.oem4 (xdc.meta)

.TI.noinit 
*          0    20018000    00000000     UNINITIALIZED

.TI.persistent 
*          0    20021640    00000000     UNINITIALIZED


LINKER GENERATED COPY TABLES

__TI_cinit_table @ 20013e50 records: 2, size/record: 8, table size: 16
	.data: load addr=20013ac8, load size=0000036f bytes, run addr=20021640, run size=0000059c bytes, compression=rle
	.bss: load addr=20013e48, load size=00000008 bytes, run addr=20018000, run size=00009640 bytes, compression=zero_init


LINKER GENERATED HANDLER TABLE

__TI_handler_table @ 20013e38 records: 3, size/record: 4, table size: 12
	index: 0, handler: __TI_decompress_rle24
[...]
2001383c  ti_sysbios_family_arm_m3_Hwi_E_usageFault__C                
20013840  ti_sysbios_family_arm_m3_Hwi_LD_end__C                      
20013844  ti_sysbios_family_arm_m3_Hwi_LM_begin__C                    
20013848  ti_sysbios_family_arm_m3_Hwi_Module__diagsEnabled__C        
2001384c  ti_sysbios_family_arm_m3_Hwi_Module__diagsIncluded__C       
20013850  ti_sysbios_family_arm_m3_Hwi_Module__diagsMask__C           
20013854  ti_sysbios_family_arm_m3_Hwi_Module__loggerFxn1__C          
20013858  ti_sysbios_family_arm_m3_Hwi_Module__loggerFxn8__C          
2001385c  ti_sysbios_family_arm_m3_Hwi_Module__loggerObj__C           
20013860  ti_sysbios_family_arm_m3_Hwi_NUM_INTERRUPTS__C              
20013864  ti_sysbios_family_arm_m3_Hwi_Object__count__C               
20013868  ti_sysbios_family_arm_m3_Hwi_ccr__C                         
2001386c  ti_sysbios_family_arm_m3_Hwi_excHandlerFunc__C              
20013870  ti_sysbios_family_arm_m3_Hwi_excHookFuncs__C                
20013874  ti_sysbios_family_arm_m3_Hwi_nullIsrFunc__C                 
20013878  ti_sysbios_family_arm_m3_Hwi_priGroup__C                    
2001387c  ti_sysbios_family_arm_m3_TaskSupport_stackAlignment__C      
20013880  ti_sysbios_family_arm_m3_Timer_E_cannotSupport__C           
20013884  ti_sysbios_family_arm_m3_Timer_startupNeeded__C             
20013888  ti_sysbios_gates_GateMutex_A_badContext__C                  
2001388c  ti_sysbios_gates_GateMutex_Instance_State_sem__O            
20013890  ti_sysbios_gates_GateMutex_Module__diagsEnabled__C          
20013894  ti_sysbios_gates_GateMutex_Module__diagsIncluded__C         
20013898  ti_sysbios_gates_GateMutex_Module__diagsMask__C             
2001389c  ti_sysbios_hal_Hwi_E_stackOverflow__C                       
200138a0  ti_sysbios_heaps_HeapMem_A_align__C                         
200138a4  ti_sysbios_heaps_HeapMem_A_heapSize__C                      
200138a8  ti_sysbios_heaps_HeapMem_A_invalidFree__C                   
200138ac  ti_sysbios_heaps_HeapMem_A_zeroBlock__C                     
200138b0  ti_sysbios_heaps_HeapMem_E_memory__C                        
200138b4  ti_sysbios_heaps_HeapMem_Module__diagsEnabled__C            
200138b8  ti_sysbios_heaps_HeapMem_Module__diagsIncluded__C           
200138bc  ti_sysbios_heaps_HeapMem_Module__diagsMask__C               
200138c0  ti_sysbios_heaps_HeapMem_Module__gateObj__C                 
200138c4  ti_sysbios_heaps_HeapMem_Object__count__C                   
200138c8  ti_sysbios_heaps_HeapMem_reqAlign__C                        
200138cc  ti_sysbios_knl_Clock_LM_begin__C                            
200138d0  ti_sysbios_knl_Clock_LM_tick__C                             
200138d4  ti_sysbios_knl_Clock_LW_delayed__C                          
200138d8  ti_sysbios_knl_Clock_Module_State_clockQ__O                 
200138dc  ti_sysbios_knl_Clock_Module__diagsEnabled__C                
200138e0  ti_sysbios_knl_Clock_Module__diagsIncluded__C               
200138e4  ti_sysbios_knl_Clock_Module__diagsMask__C                   
200138e8  ti_sysbios_knl_Clock_Module__loggerFxn1__C                  
200138ec  ti_sysbios_knl_Clock_Module__loggerFxn2__C                  
200138f0  ti_sysbios_knl_Clock_Module__loggerObj__C                   
200138f4  ti_sysbios_knl_Clock_tickPeriod__C                          
200138f8  ti_sysbios_knl_Idle_funcList__A                             
200138fc  ti_sysbios_knl_Mailbox_A_invalidBufSize__C                  
20013900  ti_sysbios_knl_Mailbox_Instance_State_dataQue__O            
20013904  ti_sysbios_knl_Mailbox_Instance_State_dataSem__O            
20013908  ti_sysbios_knl_Mailbox_Instance_State_freeQue__O            
2001390c  ti_sysbios_knl_Mailbox_Instance_State_freeSem__O            
20013910  ti_sysbios_knl_Mailbox_Module__diagsEnabled__C              
20013914  ti_sysbios_knl_Mailbox_Module__diagsIncluded__C             
20013918  ti_sysbios_knl_Mailbox_Module__diagsMask__C                 
2001391c  ti_sysbios_knl_Mailbox_Object__count__C                     
20013920  ti_sysbios_knl_Mailbox_maxTypeAlign__C                      
20013924  ti_sysbios_knl_Semaphore_A_badContext__C                    
20013928  ti_sysbios_knl_Semaphore_A_noEvents__C                      
2001392c  ti_sysbios_knl_Semaphore_A_overflow__C                      
20013930  ti_sysbios_knl_Semaphore_A_pendTaskDisabled__C              
20013934  ti_sysbios_knl_Semaphore_Instance_State_pendQ__O            
20013938  ti_sysbios_knl_Semaphore_LM_pend__C                         
2001393c  ti_sysbios_knl_Semaphore_LM_post__C                         
20013940  ti_sysbios_knl_Semaphore_Module__diagsEnabled__C            
20013944  ti_sysbios_knl_Semaphore_Module__diagsIncluded__C           
20013948  ti_sysbios_knl_Semaphore_Module__diagsMask__C               
2001394c  ti_sysbios_knl_Semaphore_Module__loggerFxn2__C              
20013950  ti_sysbios_knl_Semaphore_Module__loggerFxn4__C              
20013954  ti_sysbios_knl_Semaphore_Module__loggerObj__C               
20013958  ti_sysbios_knl_Swi_LD_end__C                                
2001395c  ti_sysbios_knl_Swi_LM_begin__C                              
20013960  ti_sysbios_knl_Swi_LM_post__C                               
20013964  ti_sysbios_knl_Swi_Module__diagsEnabled__C                  
20013968  ti_sysbios_knl_Swi_Module__diagsIncluded__C                 
2001396c  ti_sysbios_knl_Swi_Module__diagsMask__C                     
20013970  ti_sysbios_knl_Swi_Module__loggerFxn1__C                    
20013974  ti_sysbios_knl_Swi_Module__loggerFxn4__C                    
20013978  ti_sysbios_knl_Swi_Module__loggerObj__C                     
2001397c  ti_sysbios_knl_Swi_Object__count__C                         
20013980  ti_sysbios_knl_Task_A_badPriority__C                        
20013984  ti_sysbios_knl_Task_A_badTaskState__C                       
20013988  ti_sysbios_knl_Task_A_badThreadType__C                      
2001398c  ti_sysbios_knl_Task_A_badTimeout__C                         
20013990  ti_sysbios_knl_Task_A_noPendElem__C                         
20013994  ti_sysbios_knl_Task_A_sleepTaskDisabled__C                  
20013998  ti_sysbios_knl_Task_E_spOutOfBounds__C                      
2001399c  ti_sysbios_knl_Task_E_stackOverflow__C                      
200139a0  ti_sysbios_knl_Task_LD_block__C                             
200139a4  ti_sysbios_knl_Task_LD_exit__C                              
200139a8  ti_sysbios_knl_Task_LD_ready__C                             
200139ac  ti_sysbios_knl_Task_LM_sleep__C                             
200139b0  ti_sysbios_knl_Task_LM_switch__C                            
200139b4  ti_sysbios_knl_Task_LM_yield__C                             
200139b8  ti_sysbios_knl_Task_Module_State_inactiveQ__O               
200139bc  ti_sysbios_knl_Task_Module__diagsEnabled__C                 
200139c0  ti_sysbios_knl_Task_Module__diagsIncluded__C                
200139c4  ti_sysbios_knl_Task_Module__diagsMask__C                    
200139c8  ti_sysbios_knl_Task_Module__loggerFxn2__C                   
200139cc  ti_sysbios_knl_Task_Module__loggerFxn4__C                   
200139d0  ti_sysbios_knl_Task_Module__loggerObj__C                    
200139d4  ti_sysbios_knl_Task_Object__count__C                        
200139d8  ti_sysbios_knl_Task_allBlockedFunc__C                       
200139dc  ti_sysbios_knl_Task_defaultStackHeap__C                     
200139e0  ti_sysbios_knl_Task_defaultStackSize__C                     
200139e4  ti_sysbios_knl_Task_numConstructedTasks__C                  
200139e8  xdc_runtime_Assert_E_assertFailed__C                        
200139ec  xdc_runtime_Core_A_initializedParams__C                     
200139f0  xdc_runtime_Core_Module__diagsEnabled__C                    
200139f4  xdc_runtime_Core_Module__diagsIncluded__C                   
200139f8  xdc_runtime_Core_Module__diagsMask__C                       
200139fc  xdc_runtime_Error_E_memory__C                               
20013a00  xdc_runtime_Error_Module__diagsEnabled__C                   
20013a04  xdc_runtime_Error_Module__diagsIncluded__C                  
20013a08  xdc_runtime_Error_Module__diagsMask__C                      
20013a0c  xdc_runtime_Error_Module__loggerFxn8__C                     
20013a10  xdc_runtime_Error_Module__loggerObj__C                      
20013a14  xdc_runtime_Error_policyFxn__C                              
20013a18  xdc_runtime_Error_raiseHook__C                              
20013a1c  xdc_runtime_IFilterLogger_Interface__BASE__C                
20013a20  xdc_runtime_IGateProvider_Interface__BASE__C                
20013a24  xdc_runtime_IHeap_Interface__BASE__C                        
20013a28  xdc_runtime_ILogger_Interface__BASE__C                      
20013a2c  xdc_runtime_IModule_Interface__BASE__C                      
20013a30  xdc_runtime_Log_L_error__C                                  
20013a34  xdc_runtime_LoggerBuf_E_badLevel__C                         
20013a38  xdc_runtime_LoggerBuf_Module__gateObj__C                    
20013a3c  xdc_runtime_LoggerBuf_Object__count__C                      
20013a40  xdc_runtime_LoggerBuf_statusLogger__C                       
20013a44  xdc_runtime_Memory_defaultHeapInstance__C                   
20013a48  xdc_runtime_Startup_execImpl__C                             
20013a4c  xdc_runtime_Startup_maxPasses__C                            
20013a50  xdc_runtime_Startup_sfxnRts__C                              
20013a54  xdc_runtime_Startup_sfxnTab__C                              
20013a58  xdc_runtime_SysMin_bufSize__C                               
20013a5c  xdc_runtime_SysMin_outputFunc__C                            
20013a60  xdc_runtime_System_Module__gateObj__C                       
20013a64  xdc_runtime_System_abortFxn__C                              
20013a68  xdc_runtime_System_exitFxn__C                               
20013a6c  xdc_runtime_System_extendFxn__C                             
20013a70  xdc_runtime_System_maxAtexitHandlers__C                     
20013a74  xdc_runtime_Text_charTab__C                                 
20013a78  xdc_runtime_Text_nameEmpty__C                               
20013a7c  xdc_runtime_Text_nameStatic__C                              
20013a80  xdc_runtime_Text_nameUnknown__C                             
20013a84  xdc_runtime_Text_nodeTab__C                                 
20013a88  xdc_runtime_Text_visitRopeFxn__C                            
20013a8c  ti_sysbios_family_arm_m3_Hwi_Module__loggerDefined__C       
20013a8e  ti_sysbios_family_arm_m3_Timer_Module__id__C                
20013a90  ti_sysbios_family_arm_m3_TimestampProvider_configTimer__C   
20013a92  ti_sysbios_gates_GateMutex_Module__id__C                    
20013a94  ti_sysbios_hal_Hwi_Module__id__C                            
20013a96  ti_sysbios_heaps_HeapMem_Module__id__C                      
20013a98  ti_sysbios_knl_Clock_Module__id__C                          
20013a9a  ti_sysbios_knl_Clock_Module__loggerDefined__C               
20013a9c  ti_sysbios_knl_Mailbox_Module__id__C                        
20013a9e  ti_sysbios_knl_Semaphore_Module__id__C                      
20013aa0  ti_sysbios_knl_Semaphore_Module__loggerDefined__C           
20013aa2  ti_sysbios_knl_Swi_Module__id__C                            
20013aa4  ti_sysbios_knl_Swi_Module__loggerDefined__C                 
20013aa6  ti_sysbios_knl_Task_Module__id__C                           
20013aa8  ti_sysbios_knl_Task_Module__loggerDefined__C                
20013aaa  xdc_runtime_Core_Module__id__C                              
20013aac  xdc_runtime_Error_Module__loggerDefined__C                  
20013aae  xdc_runtime_Error_maxDepth__C                               
20013ab0  xdc_runtime_LoggerBuf_Module__id__C                         
20013ab2  xdc_runtime_LoggerBuf_filterByLevel__C                      
20013ab4  xdc_runtime_Memory_Module__id__C                            
20013ab6  xdc_runtime_SysMin_flushAtExit__C                           
20013ab8  xdc_runtime_Text_charCnt__C                                 
20013aba  xdc_runtime_Text_isLoaded__C                                
20013abc  xdc_runtime_Text_registryModsLastId__C                      
20013abe  xdc_runtime_Text_unnamedModsLastId__C                       
20013ac0  xdc_runtime_Error_policy__C                                 
20013ac8  __TI_static_base__                                          
20013e38  __TI_Handler_Table_Base                                     
20013e44  __TI_Handler_Table_Limit                                    
20013e50  __TI_CINIT_Base                                             
20013e60  __TI_CINIT_Limit                                            
20018000  ti_sysbios_heaps_HeapMem_Instance_State_0_buf__A            
20020000  ti_sysbios_knl_Task_Instance_State_0_stack__A               
20020800  xdc_runtime_LoggerBuf_Instance_State_0_entryArr__A          
20020c00  xdc_runtime_SysMin_Module_State_0_outbuf__A                 
20021000  ti_sysbios_family_arm_m3_Hwi_dispatchTable                  
2002130c  g_StatMem                                                   
20021484  __CIOBUF_                                                   
200215a4  g_ucDinDout                                                 
200215f4  g_ucConnectionSSID                                          
20021618  g_ucConnectionBSSID                                         
20021628  DMAMsgQ                                                     
2002162c  SimpleLinkSpawnTaskHndl                                     
20021634  g_cDummy                                                    
20021638  simpleLink_mailbox                                          
2002163c  RxIrqCnt                                                    
2002163d  g_ucLED1Pin                                                 
2002163e  g_ucLED2Pin                                                 
2002163f  g_ucLED3Pin                                                 
20021640  ti_sysbios_family_arm_m3_Hwi_Module__root__V                
20021648  ti_sysbios_family_arm_m3_Hwi_Object__table__V               
20021660  ti_sysbios_family_arm_m3_Hwi_Module_State_0_excActive__A    
20021664  ti_sysbios_family_arm_m3_Hwi_Module_State_0_excContext__A   
20021668  ti_sysbios_family_arm_m3_Hwi_Module_State_0_excStack__A     
2002166c  ti_sysbios_family_arm_m3_Timer_Module__root__V              
20021674  ti_sysbios_family_arm_m3_Timer_Module__state__V             
20021680  ti_sysbios_family_arm_m3_TimestampProvider_Module__state__V 
20021684  ti_sysbios_gates_GateHwi_Module__root__V                    
2002168c  ti_sysbios_gates_GateHwi_Object__table__V                   
20021690  ti_sysbios_gates_GateMutex_Module__root__V                  
20021698  ti_sysbios_hal_Hwi_Module__root__V                          
200216a0  ti_sysbios_hal_Timer_Module__root__V                        
200216a8  ti_sysbios_heaps_HeapMem_Module__root__V                    
200216b0  ti_sysbios_heaps_HeapMem_Object__table__V                   
200216c8  ti_sysbios_knl_Clock_Module__root__V                        
200216d0  ti_sysbios_knl_Event_Module__root__V                        
200216d8  ti_sysbios_knl_Mailbox_Module__root__V                      
200216e0  ti_sysbios_knl_Queue_Module__root__V                        
200216e8  ti_sysbios_knl_Semaphore_Module__root__V                    
200216f0  ti_sysbios_knl_Swi_Module__root__V                          
200216f8  ti_sysbios_knl_Swi_Module__state__V                         
20021714  ti_sysbios_knl_Task_Module__root__V                         
2002171c  ti_sysbios_knl_Task_Module_State_0_idleTask__A              
20021720  xdc_runtime_Error_Module__state__V                          
20021724  xdc_runtime_LoggerBuf_Module__root__V                       
2002172c  xdc_runtime_LoggerBuf_Module__state__V                      
20021734  xdc_runtime_Memory_Module__state__V                         
20021738  xdc_runtime_Registry_Module__state__V                       
20021740  xdc_runtime_Startup_Module__state__V                        
20021748  xdc_runtime_SysMin_Module__state__V                         
20021754  xdc_runtime_System_Module_State_0_atexitHandlers__A         
20021764  xdc_runtime_System_Module__state__V                         
2002176c  xdc_runtime_Text_Module__state__V                           
20021774  __xdc__init__addr                                           
20021828  _Denorm                                                     
20021838  _Eps                                                        
20021848  _Hugeval                                                    
20021858  _Inf                                                        
20021868  _Nan                                                        
20021878  _Snan                                                       
20021888  _Rteps                                                      
20021898  _Xbig                                                       
200218a0  _Zero                                                       
200218a8  ti_sysbios_knl_Swi_Module_State_0_readyQ__A                 
20021928  ti_sysbios_knl_Task_Module_State_0_readyQ__A                
200219a8  ti_sysbios_knl_Task_Object__table__V                        
200219f4  ti_sysbios_knl_Task_Module__state__V                        
20021a38  ti_sysbios_gates_GateMutex_Object__table__V                 
20021a70  ti_sysbios_family_arm_m3_Hwi_Module__state__V               
20021aa4  ti_sysbios_family_arm_m3_Timer_Object__table__V             
20021ad4  ti_sysbios_knl_Swi_Object__table__V                         
20021b04  ti_sysbios_knl_Clock_Module__state__V                       
20021b30  ti_sysbios_BIOS_Module__state__V                            
20021b54  xdc_runtime_LoggerBuf_Object__table__V                      
20021b8c  g_uiLED1Port                                                
20021b90  g_uiLED2Port                                                
20021b94  g_uiLED3Port                                                
20021b98  g_ulStatus                                                  
20021b9c  g_ulPingPacketsRecv                                         
20021ba0  g_ulGatewayIP                                               
20021ba4  g_SpiFd                                                     
20021ba8  g_pHostIntHdl                                               
20021bac  g_ucDMAEnabled                                              
20021bb0  g_pCB                                                       
20021bb4  pPingCallBackFunc                                           
20021bb8  gFirstCmdMode                                               
20021bbc  _lock                                                       
20021bc0  _unlock                                                     
20021bc4  __TI_cleanup_ptr                                            
20021bc8  __TI_dtors_ptr                                              
20021bcc  _Fenv                                                       
20021bd0  _Tls_setup__Fenv                                            
20021bd4  _Errno                                                      
20021bd8  main_func_sp                                                
2002e000  __stack                                                     
20030000  __STACK_END                                                 
e000e000  ti_sysbios_family_arm_m3_Hwi_nvic                           
ffffffff  __binit__                                                   
ffffffff  __c_args__                                                  
ffffffff  binit                                                       
UNDEFED   SHT$$INIT_ARRAY$$Base                                       
UNDEFED   SHT$$INIT_ARRAY$$Limit                                      

[915 symbols]
