<?xml version="1.0"?>
<link_info>
   <banner>TI ARM Linker PC v5.2.5</banner>
   <copyright>Copyright (c) 1996-2015 Texas Instruments Incorporated</copyright>
   <link_time>0x56e08c21</link_time>
   <link_errors>0x0</link_errors>
   <output_file>timer_cc.out</output_file>
   <entry_point>
      <name>_c_int00</name>
      <address>0x20006d1d</address>
   </entry_point>
   <input_file_list>
      <input_file id="fl-2">
         <path>.\</path>
         <kind>object</kind>
         <file>main.obj</file>
         <name>main.obj</name>
      </input_file>
      <input_file id="fl-3">
         <path>.\</path>
         <kind>object</kind>
         <file>pinmux.obj</file>
         <name>pinmux.obj</name>
      </input_file>
      <input_file id="fl-4">
         <path>.\</path>
         <kind>object</kind>
         <file>startup_ccs.obj</file>
         <name>startup_ccs.obj</name>
      </input_file>
      <input_file id="fl-5">
         <path>.\</path>
         <kind>object</kind>
         <file>uart_if.obj</file>
         <name>uart_if.obj</name>
      </input_file>
      <input_file id="fl-12c">
         <path>C:\TI\ccsv6\tools\compiler\ti-cgt-arm_5.2.5\lib\</path>
         <kind>archive</kind>
         <file>rtsv7M4_T_le_v4SPD16_eabi.lib</file>
         <name>boot.obj</name>
      </input_file>
      <input_file id="fl-12d">
         <path>C:\TI\ccsv6\tools\compiler\ti-cgt-arm_5.2.5\lib\</path>
         <kind>archive</kind>
         <file>rtsv7M4_T_le_v4SPD16_eabi.lib</file>
         <name>copy_decompress_none.obj</name>
      </input_file>
      <input_file id="fl-12e">
         <path>C:\TI\ccsv6\tools\compiler\ti-cgt-arm_5.2.5\lib\</path>
         <kind>archive</kind>
         <file>rtsv7M4_T_le_v4SPD16_eabi.lib</file>
         <name>copy_decompress_rle.obj</name>
      </input_file>
      <input_file id="fl-12f">
         <path>C:\TI\ccsv6\tools\compiler\ti-cgt-arm_5.2.5\lib\</path>
         <kind>archive</kind>
         <file>rtsv7M4_T_le_v4SPD16_eabi.lib</file>
         <name>copy_zero_init.obj</name>
      </input_file>
      <input_file id="fl-130">
         <path>C:\TI\ccsv6\tools\compiler\ti-cgt-arm_5.2.5\lib\</path>
         <kind>archive</kind>
         <file>rtsv7M4_T_le_v4SPD16_eabi.lib</file>
         <name>exit.obj</name>
      </input_file>
      <input_file id="fl-131">
         <path>C:\TI\ccsv6\tools\compiler\ti-cgt-arm_5.2.5\lib\</path>
         <kind>archive</kind>
         <file>rtsv7M4_T_le_v4SPD16_eabi.lib</file>
         <name>memcpy_t2.obj</name>
      </input_file>
      <input_file id="fl-132">
         <path>C:\TI\ccsv6\tools\compiler\ti-cgt-arm_5.2.5\lib\</path>
         <kind>archive</kind>
         <file>rtsv7M4_T_le_v4SPD16_eabi.lib</file>
         <name>memmov.obj</name>
      </input_file>
      <input_file id="fl-133">
         <path>C:\TI\ccsv6\tools\compiler\ti-cgt-arm_5.2.5\lib\</path>
         <kind>archive</kind>
         <file>rtsv7M4_T_le_v4SPD16_eabi.lib</file>
         <name>memory.obj</name>
      </input_file>
      <input_file id="fl-134">
         <path>C:\TI\ccsv6\tools\compiler\ti-cgt-arm_5.2.5\lib\</path>
         <kind>archive</kind>
         <file>rtsv7M4_T_le_v4SPD16_eabi.lib</file>
         <name>memset_t2.obj</name>
      </input_file>
      <input_file id="fl-135">
         <path>C:\TI\ccsv6\tools\compiler\ti-cgt-arm_5.2.5\lib\</path>
         <kind>archive</kind>
         <file>rtsv7M4_T_le_v4SPD16_eabi.lib</file>
         <name>pre_init.obj</name>
      </input_file>
      <input_file id="fl-136">
         <path>C:\TI\ccsv6\tools\compiler\ti-cgt-arm_5.2.5\lib\</path>
         <kind>archive</kind>
         <file>rtsv7M4_T_le_v4SPD16_eabi.lib</file>
         <name>stkdepth_vars.obj</name>
      </input_file>
      <input_file id="fl-137">
         <path>C:\TI\ccsv6\tools\compiler\ti-cgt-arm_5.2.5\lib\</path>
         <kind>archive</kind>
         <file>rtsv7M4_T_le_v4SPD16_eabi.lib</file>
         <name>strlen.obj</name>
      </input_file>
      <input_file id="fl-138">
         <path>C:\TI\ccsv6\tools\compiler\ti-cgt-arm_5.2.5\lib\</path>
         <kind>archive</kind>
         <file>rtsv7M4_T_le_v4SPD16_eabi.lib</file>
         <name>vsnprintf.obj</name>
      </input_file>
      <input_file id="fl-139">
         <path>C:\TI\ccsv6\tools\compiler\ti-cgt-arm_5.2.5\lib\</path>
         <kind>archive</kind>
         <file>rtsv7M4_T_le_v4SPD16_eabi.lib</file>
         <name>_lock.obj</name>
      </input_file>
      <input_file id="fl-13a">
         <path>C:\TI\ccsv6\tools\compiler\ti-cgt-arm_5.2.5\lib\</path>
         <kind>archive</kind>
         <file>rtsv7M4_T_le_v4SPD16_eabi.lib</file>
         <name>_printfi.obj</name>
      </input_file>
      <input_file id="fl-13b">
         <path>C:\TI\ccsv6\tools\compiler\ti-cgt-arm_5.2.5\lib\</path>
         <kind>archive</kind>
         <file>rtsv7M4_T_le_v4SPD16_eabi.lib</file>
         <name>args_main.obj</name>
      </input_file>
      <input_file id="fl-13c">
         <path>C:\TI\ccsv6\tools\compiler\ti-cgt-arm_5.2.5\lib\</path>
         <kind>archive</kind>
         <file>rtsv7M4_T_le_v4SPD16_eabi.lib</file>
         <name>atoi.obj</name>
      </input_file>
      <input_file id="fl-13d">
         <path>C:\TI\ccsv6\tools\compiler\ti-cgt-arm_5.2.5\lib\</path>
         <kind>archive</kind>
         <file>rtsv7M4_T_le_v4SPD16_eabi.lib</file>
         <name>autoinit.obj</name>
      </input_file>
      <input_file id="fl-13e">
         <path>C:\TI\ccsv6\tools\compiler\ti-cgt-arm_5.2.5\lib\</path>
         <kind>archive</kind>
         <file>rtsv7M4_T_le_v4SPD16_eabi.lib</file>
         <name>cpy_tbl.obj</name>
      </input_file>
      <input_file id="fl-13f">
         <path>C:\TI\ccsv6\tools\compiler\ti-cgt-arm_5.2.5\lib\</path>
         <kind>archive</kind>
         <file>rtsv7M4_T_le_v4SPD16_eabi.lib</file>
         <name>ctype.obj</name>
      </input_file>
      <input_file id="fl-140">
         <path>C:\TI\ccsv6\tools\compiler\ti-cgt-arm_5.2.5\lib\</path>
         <kind>archive</kind>
         <file>rtsv7M4_T_le_v4SPD16_eabi.lib</file>
         <name>fd_add_t2.obj</name>
      </input_file>
      <input_file id="fl-141">
         <path>C:\TI\ccsv6\tools\compiler\ti-cgt-arm_5.2.5\lib\</path>
         <kind>archive</kind>
         <file>rtsv7M4_T_le_v4SPD16_eabi.lib</file>
         <name>fd_cmp_t2.obj</name>
      </input_file>
      <input_file id="fl-142">
         <path>C:\TI\ccsv6\tools\compiler\ti-cgt-arm_5.2.5\lib\</path>
         <kind>archive</kind>
         <file>rtsv7M4_T_le_v4SPD16_eabi.lib</file>
         <name>fd_div_t2.obj</name>
      </input_file>
      <input_file id="fl-143">
         <path>C:\TI\ccsv6\tools\compiler\ti-cgt-arm_5.2.5\lib\</path>
         <kind>archive</kind>
         <file>rtsv7M4_T_le_v4SPD16_eabi.lib</file>
         <name>fd_mul_t2.obj</name>
      </input_file>
      <input_file id="fl-144">
         <path>C:\TI\ccsv6\tools\compiler\ti-cgt-arm_5.2.5\lib\</path>
         <kind>archive</kind>
         <file>rtsv7M4_T_le_v4SPD16_eabi.lib</file>
         <name>fd_toi_t2.obj</name>
      </input_file>
      <input_file id="fl-145">
         <path>C:\TI\ccsv6\tools\compiler\ti-cgt-arm_5.2.5\lib\</path>
         <kind>archive</kind>
         <file>rtsv7M4_T_le_v4SPD16_eabi.lib</file>
         <name>frexp.obj</name>
      </input_file>
      <input_file id="fl-146">
         <path>C:\TI\ccsv6\tools\compiler\ti-cgt-arm_5.2.5\lib\</path>
         <kind>archive</kind>
         <file>rtsv7M4_T_le_v4SPD16_eabi.lib</file>
         <name>i_tofd_t2.obj</name>
      </input_file>
      <input_file id="fl-147">
         <path>C:\TI\ccsv6\tools\compiler\ti-cgt-arm_5.2.5\lib\</path>
         <kind>archive</kind>
         <file>rtsv7M4_T_le_v4SPD16_eabi.lib</file>
         <name>ldexp.obj</name>
      </input_file>
      <input_file id="fl-148">
         <path>C:\TI\ccsv6\tools\compiler\ti-cgt-arm_5.2.5\lib\</path>
         <kind>archive</kind>
         <file>rtsv7M4_T_le_v4SPD16_eabi.lib</file>
         <name>ltoa.obj</name>
      </input_file>
      <input_file id="fl-149">
         <path>C:\TI\ccsv6\tools\compiler\ti-cgt-arm_5.2.5\lib\</path>
         <kind>archive</kind>
         <file>rtsv7M4_T_le_v4SPD16_eabi.lib</file>
         <name>memccpy.obj</name>
      </input_file>
      <input_file id="fl-14a">
         <path>C:\TI\ccsv6\tools\compiler\ti-cgt-arm_5.2.5\lib\</path>
         <kind>archive</kind>
         <file>rtsv7M4_T_le_v4SPD16_eabi.lib</file>
         <name>strchr.obj</name>
      </input_file>
      <input_file id="fl-14b">
         <path>C:\TI\ccsv6\tools\compiler\ti-cgt-arm_5.2.5\lib\</path>
         <kind>archive</kind>
         <file>rtsv7M4_T_le_v4SPD16_eabi.lib</file>
         <name>ull_div_t2.obj</name>
      </input_file>
      <input_file id="fl-14c">
         <path>C:\TI\ccsv6\tools\compiler\ti-cgt-arm_5.2.5\lib\</path>
         <kind>archive</kind>
         <file>rtsv7M4_T_le_v4SPD16_eabi.lib</file>
         <name>xdclass.obj</name>
      </input_file>
      <input_file id="fl-14d">
         <path>C:\TI\ccsv6\tools\compiler\ti-cgt-arm_5.2.5\lib\</path>
         <kind>archive</kind>
         <file>rtsv7M4_T_le_v4SPD16_eabi.lib</file>
         <name>xdscale.obj</name>
      </input_file>
      <input_file id="fl-14e">
         <path>C:\TI\ccsv6\tools\compiler\ti-cgt-arm_5.2.5\lib\</path>
         <kind>archive</kind>
         <file>rtsv7M4_T_le_v4SPD16_eabi.lib</file>
         <name>xdunscal.obj</name>
      </input_file>
      <input_file id="fl-14f">
         <path>C:\TI\ccsv6\tools\compiler\ti-cgt-arm_5.2.5\lib\</path>
         <kind>archive</kind>
         <file>rtsv7M4_T_le_v4SPD16_eabi.lib</file>
         <name>xferaise.obj</name>
      </input_file>
      <input_file id="fl-150">
         <path>C:\TI\ccsv6\tools\compiler\ti-cgt-arm_5.2.5\lib\</path>
         <kind>archive</kind>
         <file>rtsv7M4_T_le_v4SPD16_eabi.lib</file>
         <name>xvalues.obj</name>
      </input_file>
      <input_file id="fl-151">
         <path>C:\TI\ccsv6\tools\compiler\ti-cgt-arm_5.2.5\lib\</path>
         <kind>archive</kind>
         <file>rtsv7M4_T_le_v4SPD16_eabi.lib</file>
         <name>errno.obj</name>
      </input_file>
      <input_file id="fl-152">
         <path>C:\TI\ccsv6\tools\compiler\ti-cgt-arm_5.2.5\lib\</path>
         <kind>archive</kind>
         <file>rtsv7M4_T_le_v4SPD16_eabi.lib</file>
         <name>feraiseexcept.obj</name>
      </input_file>
      <input_file id="fl-153">
         <path>C:\TI\ccsv6\tools\compiler\ti-cgt-arm_5.2.5\lib\</path>
         <kind>archive</kind>
         <file>rtsv7M4_T_le_v4SPD16_eabi.lib</file>
         <name>raise.obj</name>
      </input_file>
      <input_file id="fl-154">
         <path>C:\TI\ccsv6\tools\compiler\ti-cgt-arm_5.2.5\lib\</path>
         <kind>archive</kind>
         <file>rtsv7M4_T_le_v4SPD16_eabi.lib</file>
         <name>signal.obj</name>
      </input_file>
      <input_file id="fl-155">
         <path>C:\TI\ccsv6\tools\compiler\ti-cgt-arm_5.2.5\lib\</path>
         <kind>archive</kind>
         <file>rtsv7M4_T_le_v4SPD16_eabi.lib</file>
         <name>xdnorm.obj</name>
      </input_file>
      <input_file id="fl-156">
         <path>C:\TI\CC3200SDK_1.1.0\cc3200-sdk\driverlib\ccs\Release\</path>
         <kind>archive</kind>
         <file>driverlib.a</file>
         <name>interrupt.obj</name>
      </input_file>
      <input_file id="fl-157">
         <path>C:\TI\CC3200SDK_1.1.0\cc3200-sdk\driverlib\ccs\Release\</path>
         <kind>archive</kind>
         <file>driverlib.a</file>
         <name>pin.obj</name>
      </input_file>
      <input_file id="fl-158">
         <path>C:\TI\CC3200SDK_1.1.0\cc3200-sdk\driverlib\ccs\Release\</path>
         <kind>archive</kind>
         <file>driverlib.a</file>
         <name>prcm.obj</name>
      </input_file>
      <input_file id="fl-159">
         <path>C:\TI\CC3200SDK_1.1.0\cc3200-sdk\driverlib\ccs\Release\</path>
         <kind>archive</kind>
         <file>driverlib.a</file>
         <name>timer.obj</name>
      </input_file>
      <input_file id="fl-15a">
         <path>C:\TI\CC3200SDK_1.1.0\cc3200-sdk\driverlib\ccs\Release\</path>
         <kind>archive</kind>
         <file>driverlib.a</file>
         <name>uart.obj</name>
      </input_file>
      <input_file id="fl-15b">
         <path>C:\TI\CC3200SDK_1.1.0\cc3200-sdk\driverlib\ccs\Release\</path>
         <kind>archive</kind>
         <file>driverlib.a</file>
         <name>utils.obj</name>
      </input_file>
      <input_file id="fl-15c">
         <path>C:\TI\CC3200SDK_1.1.0\cc3200-sdk\driverlib\ccs\Release\</path>
         <kind>archive</kind>
         <file>driverlib.a</file>
         <name>cpu.obj</name>
      </input_file>
      <input_file id="fl-15d">
         <path>C:\TI\CC3200SDK_1.1.0\cc3200-sdk\driverlib\ccs\Release\</path>
         <kind>archive</kind>
         <file>driverlib.a</file>
         <name>flash.obj</name>
      </input_file>
   </input_file_list>
   <object_component_list>
      <object_component id="oc-f">
         <name>.intvecs</name>
         <load_address>0x20004000</load_address>
         <run_address>0x20004000</run_address>
         <size>0x400</size>
         <input_file_ref idref="fl-4"/>
      </object_component>
      <object_component id="oc-1f6">
         <name>.text</name>
         <load_address>0x20004400</load_address>
         <run_address>0x20004400</run_address>
         <size>0x10ba</size>
         <input_file_ref idref="fl-13a"/>
      </object_component>
      <object_component id="oc-17a">
         <name>.text</name>
         <load_address>0x200054bc</load_address>
         <run_address>0x200054bc</run_address>
         <size>0x3dc</size>
         <input_file_ref idref="fl-133"/>
      </object_component>
      <object_component id="oc-d8">
         <name>.text</name>
         <load_address>0x20005898</load_address>
         <run_address>0x20005898</run_address>
         <size>0x280</size>
         <input_file_ref idref="fl-5"/>
      </object_component>
      <object_component id="oc-232">
         <name>.text</name>
         <load_address>0x20005b18</load_address>
         <run_address>0x20005b18</run_address>
         <size>0x1f4</size>
         <input_file_ref idref="fl-14b"/>
      </object_component>
      <object_component id="oc-25b">
         <name>.text</name>
         <load_address>0x20005d0c</load_address>
         <run_address>0x20005d0c</run_address>
         <size>0x1b6</size>
         <input_file_ref idref="fl-140"/>
      </object_component>
      <object_component id="oc-9f">
         <name>.text</name>
         <load_address>0x20005ec4</load_address>
         <run_address>0x20005ec4</run_address>
         <size>0x190</size>
         <input_file_ref idref="fl-2"/>
      </object_component>
      <object_component id="oc-241">
         <name>.text</name>
         <load_address>0x20006054</load_address>
         <run_address>0x20006054</run_address>
         <size>0x136</size>
         <input_file_ref idref="fl-142"/>
      </object_component>
      <object_component id="oc-f0">
         <name>.text:PRCMCC3200MCUInit</name>
         <load_address>0x2000618c</load_address>
         <run_address>0x2000618c</run_address>
         <size>0x134</size>
         <input_file_ref idref="fl-158"/>
      </object_component>
      <object_component id="oc-2b8">
         <name>.text</name>
         <load_address>0x200062c0</load_address>
         <run_address>0x200062c0</run_address>
         <size>0x110</size>
         <input_file_ref idref="fl-14d"/>
      </object_component>
      <object_component id="oc-23c">
         <name>.text</name>
         <load_address>0x200063d0</load_address>
         <run_address>0x200063d0</run_address>
         <size>0xfc</size>
         <input_file_ref idref="fl-143"/>
      </object_component>
      <object_component id="oc-2da">
         <name>.text</name>
         <load_address>0x200064cc</load_address>
         <run_address>0x200064cc</run_address>
         <size>0xbe</size>
         <input_file_ref idref="fl-155"/>
      </object_component>
      <object_component id="oc-ea">
         <name>.text:IntEnable</name>
         <load_address>0x2000658c</load_address>
         <run_address>0x2000658c</run_address>
         <size>0xa8</size>
         <input_file_ref idref="fl-156"/>
      </object_component>
      <object_component id="oc-36">
         <name>.text</name>
         <load_address>0x20006634</load_address>
         <run_address>0x20006634</run_address>
         <size>0x9c</size>
         <input_file_ref idref="fl-131"/>
      </object_component>
      <object_component id="oc-14a">
         <name>.text:PRCMPeripheralClockGet</name>
         <load_address>0x200066d0</load_address>
         <run_address>0x200066d0</run_address>
         <size>0x94</size>
         <input_file_ref idref="fl-158"/>
      </object_component>
      <object_component id="oc-fc">
         <name>.text:PinConfigSet</name>
         <load_address>0x20006764</load_address>
         <run_address>0x20006764</run_address>
         <size>0x88</size>
         <input_file_ref idref="fl-157"/>
      </object_component>
      <object_component id="oc-15c">
         <name>.text</name>
         <load_address>0x200067ec</load_address>
         <run_address>0x200067ec</run_address>
         <size>0x88</size>
         <input_file_ref idref="fl-138"/>
      </object_component>
      <object_component id="oc-237">
         <name>.text:__aeabi_cdcmple</name>
         <load_address>0x20006874</load_address>
         <run_address>0x20006874</run_address>
         <size>0x86</size>
         <input_file_ref idref="fl-141"/>
      </object_component>
      <object_component id="oc-246">
         <name>.text:__aeabi_cdrcmple</name>
         <load_address>0x200068fa</load_address>
         <run_address>0x200068fa</run_address>
         <size>0x86</size>
         <input_file_ref idref="fl-141"/>
      </object_component>
      <object_component id="oc-4f">
         <name>.text</name>
         <load_address>0x20006980</load_address>
         <run_address>0x20006980</run_address>
         <size>0x7a</size>
         <input_file_ref idref="fl-134"/>
      </object_component>
      <object_component id="oc-150">
         <name>.text:UARTConfigSetExpClk</name>
         <load_address>0x200069fa</load_address>
         <run_address>0x200069fa</run_address>
         <size>0x76</size>
         <input_file_ref idref="fl-15a"/>
      </object_component>
      <object_component id="oc-102">
         <name>.text:TimerIntRegister</name>
         <load_address>0x20006a70</load_address>
         <run_address>0x20006a70</run_address>
         <size>0x70</size>
         <input_file_ref idref="fl-159"/>
      </object_component>
      <object_component id="oc-61">
         <name>.text</name>
         <load_address>0x20006ae0</load_address>
         <run_address>0x20006ae0</run_address>
         <size>0x6c</size>
         <input_file_ref idref="fl-13d"/>
      </object_component>
      <object_component id="oc-42">
         <name>.text</name>
         <load_address>0x20006b4c</load_address>
         <run_address>0x20006b4c</run_address>
         <size>0x6a</size>
         <input_file_ref idref="fl-12e"/>
      </object_component>
      <object_component id="oc-2b0">
         <name>.text</name>
         <load_address>0x20006bb6</load_address>
         <run_address>0x20006bb6</run_address>
         <size>0x66</size>
         <input_file_ref idref="fl-14e"/>
      </object_component>
      <object_component id="oc-1b1">
         <name>.text:PRCMPeripheralReset</name>
         <load_address>0x20006c1c</load_address>
         <run_address>0x20006c1c</run_address>
         <size>0x58</size>
         <input_file_ref idref="fl-158"/>
      </object_component>
      <object_component id="oc-250">
         <name>.text</name>
         <load_address>0x20006c74</load_address>
         <run_address>0x20006c74</run_address>
         <size>0x56</size>
         <input_file_ref idref="fl-148"/>
      </object_component>
      <object_component id="oc-266">
         <name>.text</name>
         <load_address>0x20006cca</load_address>
         <run_address>0x20006cca</run_address>
         <size>0x52</size>
         <input_file_ref idref="fl-147"/>
      </object_component>
      <object_component id="oc-24">
         <name>.text</name>
         <load_address>0x20006d1c</load_address>
         <run_address>0x20006d1c</run_address>
         <size>0x50</size>
         <input_file_ref idref="fl-12c"/>
      </object_component>
      <object_component id="oc-27e">
         <name>.text</name>
         <load_address>0x20006d6c</load_address>
         <run_address>0x20006d6c</run_address>
         <size>0x4c</size>
         <input_file_ref idref="fl-13c"/>
      </object_component>
      <object_component id="oc-97">
         <name>.text</name>
         <load_address>0x20006db8</load_address>
         <run_address>0x20006db8</run_address>
         <size>0x4c</size>
         <input_file_ref idref="fl-13e"/>
      </object_component>
      <object_component id="oc-24b">
         <name>.text</name>
         <load_address>0x20006e04</load_address>
         <run_address>0x20006e04</run_address>
         <size>0x48</size>
         <input_file_ref idref="fl-144"/>
      </object_component>
      <object_component id="oc-108">
         <name>.text:TimerConfigure</name>
         <load_address>0x20006e4c</load_address>
         <run_address>0x20006e4c</run_address>
         <size>0x44</size>
         <input_file_ref idref="fl-159"/>
      </object_component>
      <object_component id="oc-6d">
         <name>.text</name>
         <load_address>0x20006e90</load_address>
         <run_address>0x20006e90</run_address>
         <size>0x44</size>
         <input_file_ref idref="fl-130"/>
      </object_component>
      <object_component id="oc-222">
         <name>.text:PinModeSet</name>
         <load_address>0x20006ed4</load_address>
         <run_address>0x20006ed4</run_address>
         <size>0x40</size>
         <input_file_ref idref="fl-157"/>
      </object_component>
      <object_component id="oc-31d">
         <name>.text</name>
         <load_address>0x20006f14</load_address>
         <run_address>0x20006f14</run_address>
         <size>0x40</size>
         <input_file_ref idref="fl-154"/>
      </object_component>
      <object_component id="oc-1ab">
         <name>.text:PRCMPeripheralClkEnable</name>
         <load_address>0x20006f54</load_address>
         <run_address>0x20006f54</run_address>
         <size>0x3c</size>
         <input_file_ref idref="fl-158"/>
      </object_component>
      <object_component id="oc-2e9">
         <name>.text</name>
         <load_address>0x20006f90</load_address>
         <run_address>0x20006f90</run_address>
         <size>0x34</size>
         <input_file_ref idref="fl-152"/>
      </object_component>
      <object_component id="oc-10e">
         <name>.text:TimerControlEvent</name>
         <load_address>0x20006fc4</load_address>
         <run_address>0x20006fc4</run_address>
         <size>0x30</size>
         <input_file_ref idref="fl-159"/>
      </object_component>
      <object_component id="oc-1e8">
         <name>.text:UARTDisable</name>
         <load_address>0x20006ff4</load_address>
         <run_address>0x20006ff4</run_address>
         <size>0x30</size>
         <input_file_ref idref="fl-15a"/>
      </object_component>
      <object_component id="oc-272">
         <name>.text</name>
         <load_address>0x20007024</load_address>
         <run_address>0x20007024</run_address>
         <size>0x30</size>
         <input_file_ref idref="fl-14c"/>
      </object_component>
      <object_component id="oc-2be">
         <name>.text</name>
         <load_address>0x20007054</load_address>
         <run_address>0x20007054</run_address>
         <size>0x30</size>
         <input_file_ref idref="fl-14f"/>
      </object_component>
      <object_component id="oc-256">
         <name>.text</name>
         <load_address>0x20007084</load_address>
         <run_address>0x20007084</run_address>
         <size>0x2e</size>
         <input_file_ref idref="fl-146"/>
      </object_component>
      <object_component id="oc-30d">
         <name>.text</name>
         <load_address>0x200070b2</load_address>
         <run_address>0x200070b2</run_address>
         <size>0x2e</size>
         <input_file_ref idref="fl-153"/>
      </object_component>
      <object_component id="oc-1bd">
         <name>.text:PRCMSysResetCauseGet</name>
         <load_address>0x200070e0</load_address>
         <run_address>0x200070e0</run_address>
         <size>0x2c</size>
         <input_file_ref idref="fl-158"/>
      </object_component>
      <object_component id="oc-f6">
         <name>.text</name>
         <load_address>0x2000710c</load_address>
         <run_address>0x2000710c</run_address>
         <size>0x2c</size>
         <input_file_ref idref="fl-3"/>
      </object_component>
      <object_component id="oc-114">
         <name>.text:TimerLoadSet</name>
         <load_address>0x20007138</load_address>
         <run_address>0x20007138</run_address>
         <size>0x2a</size>
         <input_file_ref idref="fl-159"/>
      </object_component>
      <object_component id="oc-260">
         <name>.text</name>
         <load_address>0x20007162</load_address>
         <run_address>0x20007162</run_address>
         <size>0x2a</size>
         <input_file_ref idref="fl-145"/>
      </object_component>
      <object_component id="oc-1b7">
         <name>.text:PRCMPeripheralClkDisable</name>
         <load_address>0x2000718c</load_address>
         <run_address>0x2000718c</run_address>
         <size>0x28</size>
         <input_file_ref idref="fl-158"/>
      </object_component>
      <object_component id="oc-1ee">
         <name>.text:UARTEnable</name>
         <load_address>0x200071b4</load_address>
         <run_address>0x200071b4</run_address>
         <size>0x24</size>
         <input_file_ref idref="fl-15a"/>
      </object_component>
      <object_component id="oc-174">
         <name>.text</name>
         <load_address>0x200071d8</load_address>
         <run_address>0x200071d8</run_address>
         <size>0x24</size>
         <input_file_ref idref="fl-132"/>
      </object_component>
      <object_component id="oc-1d5">
         <name>.text:IntRegister</name>
         <load_address>0x200071fc</load_address>
         <run_address>0x200071fc</run_address>
         <size>0x20</size>
         <input_file_ref idref="fl-156"/>
      </object_component>
      <object_component id="oc-120">
         <name>.text:TimerEnable</name>
         <load_address>0x2000721c</load_address>
         <run_address>0x2000721c</run_address>
         <size>0x1e</size>
         <input_file_ref idref="fl-159"/>
      </object_component>
      <object_component id="oc-156">
         <name>.text:UARTCharPut</name>
         <load_address>0x2000723a</load_address>
         <run_address>0x2000723a</run_address>
         <size>0x1e</size>
         <input_file_ref idref="fl-15a"/>
      </object_component>
      <object_component id="oc-d2">
         <name>.text:TimerValueGet</name>
         <load_address>0x20007258</load_address>
         <run_address>0x20007258</run_address>
         <size>0x1c</size>
         <input_file_ref idref="fl-159"/>
      </object_component>
      <object_component id="oc-168">
         <name>.text:UARTCharGetNonBlocking</name>
         <load_address>0x20007274</load_address>
         <run_address>0x20007274</run_address>
         <size>0x1c</size>
         <input_file_ref idref="fl-15a"/>
      </object_component>
      <object_component id="oc-278">
         <name>.text</name>
         <load_address>0x20007290</load_address>
         <run_address>0x20007290</run_address>
         <size>0x1c</size>
         <input_file_ref idref="fl-149"/>
      </object_component>
      <object_component id="oc-1ca">
         <name>.text:PinTypeTimer</name>
         <load_address>0x200072ac</load_address>
         <run_address>0x200072ac</run_address>
         <size>0x1a</size>
         <input_file_ref idref="fl-157"/>
      </object_component>
      <object_component id="oc-1c4">
         <name>.text:PinTypeUART</name>
         <load_address>0x200072c6</load_address>
         <run_address>0x200072c6</run_address>
         <size>0x1a</size>
         <input_file_ref idref="fl-157"/>
      </object_component>
      <object_component id="oc-11a">
         <name>.text:TimerIntEnable</name>
         <load_address>0x200072e0</load_address>
         <run_address>0x200072e0</run_address>
         <size>0x18</size>
         <input_file_ref idref="fl-159"/>
      </object_component>
      <object_component id="oc-162">
         <name>.text:UARTCharsAvail</name>
         <load_address>0x200072f8</load_address>
         <run_address>0x200072f8</run_address>
         <size>0x18</size>
         <input_file_ref idref="fl-15a"/>
      </object_component>
      <object_component id="oc-67">
         <name>.text</name>
         <load_address>0x20007310</load_address>
         <run_address>0x20007310</run_address>
         <size>0x18</size>
         <input_file_ref idref="fl-13b"/>
      </object_component>
      <object_component id="oc-19f">
         <name>.text:PRCMHIBRegRead</name>
         <load_address>0x20007328</load_address>
         <run_address>0x20007328</run_address>
         <size>0x16</size>
         <input_file_ref idref="fl-158"/>
      </object_component>
      <object_component id="oc-1a5">
         <name>.text:PRCMHIBRegWrite</name>
         <load_address>0x2000733e</load_address>
         <run_address>0x2000733e</run_address>
         <size>0x16</size>
         <input_file_ref idref="fl-158"/>
      </object_component>
      <object_component id="oc-26c">
         <name>.text</name>
         <load_address>0x20007354</load_address>
         <run_address>0x20007354</run_address>
         <size>0x16</size>
         <input_file_ref idref="fl-14a"/>
      </object_component>
      <object_component id="oc-18f">
         <name>.text:CPUcpsie</name>
         <load_address>0x2000736a</load_address>
         <run_address>0x2000736a</run_address>
         <size>0x14</size>
         <input_file_ref idref="fl-15c"/>
      </object_component>
      <object_component id="oc-de">
         <name>.text:IntVTableBaseSet</name>
         <load_address>0x20007380</load_address>
         <run_address>0x20007380</run_address>
         <size>0x14</size>
         <input_file_ref idref="fl-156"/>
      </object_component>
      <object_component id="oc-133">
         <name>.text</name>
         <load_address>0x20007394</load_address>
         <run_address>0x20007394</run_address>
         <size>0x14</size>
         <input_file_ref idref="fl-139"/>
      </object_component>
      <object_component id="oc-16e">
         <name>.text</name>
         <load_address>0x200073a8</load_address>
         <run_address>0x200073a8</run_address>
         <size>0x14</size>
         <input_file_ref idref="fl-137"/>
      </object_component>
      <object_component id="oc-cc">
         <name>.text:TimerIntClear</name>
         <load_address>0x200073bc</load_address>
         <run_address>0x200073bc</run_address>
         <size>0x12</size>
         <input_file_ref idref="fl-159"/>
      </object_component>
      <object_component id="oc-12">
         <name>.text:decompress:none</name>
         <load_address>0x200073ce</load_address>
         <run_address>0x200073ce</run_address>
         <size>0xe</size>
         <input_file_ref idref="fl-12d"/>
      </object_component>
      <object_component id="oc-2d">
         <name>.text</name>
         <load_address>0x200073dc</load_address>
         <run_address>0x200073dc</run_address>
         <size>0xe</size>
         <input_file_ref idref="fl-4"/>
      </object_component>
      <object_component id="oc-1e">
         <name>.text:decompress:ZI</name>
         <load_address>0x200073ea</load_address>
         <run_address>0x200073ea</run_address>
         <size>0xc</size>
         <input_file_ref idref="fl-12f"/>
      </object_component>
      <object_component id="oc-e4">
         <name>.text:IntMasterEnable</name>
         <load_address>0x200073f6</load_address>
         <run_address>0x200073f6</run_address>
         <size>0xa</size>
         <input_file_ref idref="fl-156"/>
      </object_component>
      <object_component id="oc-126">
         <name>.text:UtilsDelay</name>
         <load_address>0x20007400</load_address>
         <run_address>0x20007400</run_address>
         <size>0x6</size>
         <input_file_ref idref="fl-15b"/>
      </object_component>
      <object_component id="oc-18">
         <name>.text:decompress:rle24</name>
         <load_address>0x20007406</load_address>
         <run_address>0x20007406</run_address>
         <size>0x6</size>
         <input_file_ref idref="fl-12e"/>
      </object_component>
      <object_component id="oc-5b">
         <name>.text</name>
         <load_address>0x2000740c</load_address>
         <run_address>0x2000740c</run_address>
         <size>0x4</size>
         <input_file_ref idref="fl-135"/>
      </object_component>
      <object_component id="oc-2cc">
         <name>.const:.string:_ctypes_</name>
         <load_address>0x20007410</load_address>
         <run_address>0x20007410</run_address>
         <size>0x101</size>
         <input_file_ref idref="fl-13f"/>
      </object_component>
      <object_component id="oc-1d1">
         <name>.const:g_ulPinToPadMap</name>
         <load_address>0x20007514</load_address>
         <run_address>0x20007514</run_address>
         <size>0x100</size>
         <input_file_ref idref="fl-157"/>
      </object_component>
      <object_component id="oc-21a">
         <name>.const:PRCM_PeriphRegsList</name>
         <load_address>0x20007614</load_address>
         <run_address>0x20007614</run_address>
         <size>0xa8</size>
         <input_file_ref idref="fl-158"/>
      </object_component>
      <object_component id="oc-19b">
         <name>.const</name>
         <load_address>0x200076bc</load_address>
         <run_address>0x200076bc</run_address>
         <size>0x80</size>
         <input_file_ref idref="fl-156"/>
      </object_component>
      <object_component id="oc-363">
         <name>.cinit..data.load</name>
         <load_address>0x20007740</load_address>
         <run_address>0x20007740</run_address>
         <size>0x4e</size>
      </object_component>
      <object_component id="oc-361">
         <name>__TI_handler_table</name>
         <load_address>0x20007790</load_address>
         <run_address>0x20007790</run_address>
         <size>0xc</size>
      </object_component>
      <object_component id="oc-364">
         <name>.cinit..bss.load</name>
         <load_address>0x200077a0</load_address>
         <run_address>0x200077a0</run_address>
         <size>0x8</size>
      </object_component>
      <object_component id="oc-362">
         <name>__TI_cinit_table</name>
         <load_address>0x200077a8</load_address>
         <run_address>0x200077a8</run_address>
         <size>0x10</size>
      </object_component>
      <object_component id="oc-2a">
         <name>.sysmem</name>
         <uninitialized>true</uninitialized>
         <run_address>0x20017000</run_address>
         <size>0x8</size>
         <input_file_ref idref="fl-133"/>
      </object_component>
      <object_component id="oc-366">
         <name>.sysmem</name>
         <uninitialized>true</uninitialized>
         <run_address>0x20017000</run_address>
         <size>0x0</size>
      </object_component>
      <object_component id="oc-29">
         <name>.stack</name>
         <uninitialized>true</uninitialized>
         <run_address>0x2002f000</run_address>
         <size>0x0</size>
         <input_file_ref idref="fl-12c"/>
      </object_component>
      <object_component id="oc-365">
         <name>.stack</name>
         <uninitialized>true</uninitialized>
         <run_address>0x2002f000</run_address>
         <size>0x0</size>
      </object_component>
      <object_component id="oc-127">
         <name>.common:g_ulSamples</name>
         <uninitialized>true</uninitialized>
         <run_address>0x2001795c</run_address>
         <size>0x8</size>
      </object_component>
      <object_component id="oc-12a">
         <name>.common:g_ulFreq</name>
         <uninitialized>true</uninitialized>
         <run_address>0x20017968</run_address>
         <size>0x4</size>
      </object_component>
      <object_component id="oc-180">
         <name>.common:__Errorlog</name>
         <uninitialized>true</uninitialized>
         <run_address>0x20017964</run_address>
         <size>0x4</size>
      </object_component>
      <object_component id="oc-aa">
         <name>.data</name>
         <load_address>0x20017944</load_address>
         <run_address>0x20017944</run_address>
         <size>0x8</size>
         <input_file_ref idref="fl-130"/>
      </object_component>
      <object_component id="oc-20e">
         <name>.data</name>
         <load_address>0x20017930</load_address>
         <run_address>0x20017930</run_address>
         <size>0xc</size>
         <input_file_ref idref="fl-133"/>
      </object_component>
      <object_component id="oc-73">
         <name>.data</name>
         <load_address>0x20017958</load_address>
         <run_address>0x20017958</run_address>
         <size>0x4</size>
         <input_file_ref idref="fl-136"/>
      </object_component>
      <object_component id="oc-a7">
         <name>.data</name>
         <load_address>0x2001793c</load_address>
         <run_address>0x2001793c</run_address>
         <size>0x8</size>
         <input_file_ref idref="fl-139"/>
      </object_component>
      <object_component id="oc-2e4">
         <name>.data</name>
         <load_address>0x200178b0</load_address>
         <run_address>0x200178b0</run_address>
         <size>0x80</size>
         <input_file_ref idref="fl-150"/>
      </object_component>
      <object_component id="oc-2ef">
         <name>.data</name>
         <load_address>0x20017954</load_address>
         <run_address>0x20017954</run_address>
         <size>0x4</size>
         <input_file_ref idref="fl-151"/>
      </object_component>
      <object_component id="oc-313">
         <name>.data</name>
         <load_address>0x2001794c</load_address>
         <run_address>0x2001794c</run_address>
         <size>0x8</size>
         <input_file_ref idref="fl-152"/>
      </object_component>
      <object_component id="oc-32e">
         <name>.data:sigtable</name>
         <load_address>0x20017800</load_address>
         <run_address>0x20017800</run_address>
         <size>0xb0</size>
         <input_file_ref idref="fl-154"/>
      </object_component>
      <object_component id="oc-128">
         <name>.debug_info</name>
         <load_address>0x0</load_address>
         <run_address>0x0</run_address>
         <size>0x44d</size>
         <input_file_ref idref="fl-2"/>
      </object_component>
      <object_component id="oc-a0">
         <name>.debug_info</name>
         <load_address>0x44d</load_address>
         <run_address>0x44d</run_address>
         <size>0x3a9</size>
         <input_file_ref idref="fl-2"/>
      </object_component>
      <object_component id="oc-29e">
         <name>.debug_info</name>
         <load_address>0x7f6</load_address>
         <run_address>0x7f6</run_address>
         <size>0x62</size>
         <input_file_ref idref="fl-2"/>
      </object_component>
      <object_component id="oc-7e">
         <name>.debug_info</name>
         <load_address>0x858</load_address>
         <run_address>0x858</run_address>
         <size>0x84</size>
         <input_file_ref idref="fl-2"/>
      </object_component>
      <object_component id="oc-196">
         <name>.debug_info</name>
         <load_address>0x8dc</load_address>
         <run_address>0x8dc</run_address>
         <size>0x2c</size>
         <input_file_ref idref="fl-2"/>
      </object_component>
      <object_component id="oc-f9">
         <name>.debug_info</name>
         <load_address>0x908</load_address>
         <run_address>0x908</run_address>
         <size>0x170</size>
         <input_file_ref idref="fl-3"/>
      </object_component>
      <object_component id="oc-35">
         <name>.debug_info</name>
         <load_address>0xa78</load_address>
         <run_address>0xa78</run_address>
         <size>0x11c</size>
         <input_file_ref idref="fl-4"/>
      </object_component>
      <object_component id="oc-10">
         <name>.debug_info</name>
         <load_address>0xb94</load_address>
         <run_address>0xb94</run_address>
         <size>0x101</size>
         <input_file_ref idref="fl-4"/>
      </object_component>
      <object_component id="oc-30">
         <name>.debug_info</name>
         <load_address>0xc95</load_address>
         <run_address>0xc95</run_address>
         <size>0x422</size>
         <input_file_ref idref="fl-4"/>
      </object_component>
      <object_component id="oc-181">
         <name>.debug_info</name>
         <load_address>0x10b7</load_address>
         <run_address>0x10b7</run_address>
         <size>0x39c</size>
         <input_file_ref idref="fl-5"/>
      </object_component>
      <object_component id="oc-d9">
         <name>.debug_info</name>
         <load_address>0x1453</load_address>
         <run_address>0x1453</run_address>
         <size>0x8d5</size>
         <input_file_ref idref="fl-5"/>
      </object_component>
      <object_component id="oc-189">
         <name>.debug_info</name>
         <load_address>0x1d28</load_address>
         <run_address>0x1d28</run_address>
         <size>0x110</size>
         <input_file_ref idref="fl-5"/>
      </object_component>
      <object_component id="oc-184">
         <name>.debug_info</name>
         <load_address>0x1e38</load_address>
         <run_address>0x1e38</run_address>
         <size>0x4e</size>
         <input_file_ref idref="fl-5"/>
      </object_component>
      <object_component id="oc-26">
         <name>.debug_info</name>
         <load_address>0x1e86</load_address>
         <run_address>0x1e86</run_address>
         <size>0x134</size>
         <input_file_ref idref="fl-12c"/>
      </object_component>
      <object_component id="oc-41">
         <name>.debug_info</name>
         <load_address>0x1fba</load_address>
         <run_address>0x1fba</run_address>
         <size>0x121</size>
         <input_file_ref idref="fl-12d"/>
      </object_component>
      <object_component id="oc-14">
         <name>.debug_info</name>
         <load_address>0x20db</load_address>
         <run_address>0x20db</run_address>
         <size>0x1c0</size>
         <input_file_ref idref="fl-12d"/>
      </object_component>
      <object_component id="oc-3c">
         <name>.debug_info</name>
         <load_address>0x229b</load_address>
         <run_address>0x229b</run_address>
         <size>0x46</size>
         <input_file_ref idref="fl-12d"/>
      </object_component>
      <object_component id="oc-84">
         <name>.debug_info</name>
         <load_address>0x22e1</load_address>
         <run_address>0x22e1</run_address>
         <size>0x2c</size>
         <input_file_ref idref="fl-12d"/>
      </object_component>
      <object_component id="oc-49">
         <name>.debug_info</name>
         <load_address>0x230d</load_address>
         <run_address>0x230d</run_address>
         <size>0x115</size>
         <input_file_ref idref="fl-12e"/>
      </object_component>
      <object_component id="oc-43">
         <name>.debug_info</name>
         <load_address>0x2422</load_address>
         <run_address>0x2422</run_address>
         <size>0x228</size>
         <input_file_ref idref="fl-12e"/>
      </object_component>
      <object_component id="oc-19">
         <name>.debug_info</name>
         <load_address>0x264a</load_address>
         <run_address>0x264a</run_address>
         <size>0x192</size>
         <input_file_ref idref="fl-12e"/>
      </object_component>
      <object_component id="oc-4a">
         <name>.debug_info</name>
         <load_address>0x27dc</load_address>
         <run_address>0x27dc</run_address>
         <size>0x39</size>
         <input_file_ref idref="fl-12e"/>
      </object_component>
      <object_component id="oc-8e">
         <name>.debug_info</name>
         <load_address>0x2815</load_address>
         <run_address>0x2815</run_address>
         <size>0x2c</size>
         <input_file_ref idref="fl-12e"/>
      </object_component>
      <object_component id="oc-5a">
         <name>.debug_info</name>
         <load_address>0x2841</load_address>
         <run_address>0x2841</run_address>
         <size>0x110</size>
         <input_file_ref idref="fl-12f"/>
      </object_component>
      <object_component id="oc-20">
         <name>.debug_info</name>
         <load_address>0x2951</load_address>
         <run_address>0x2951</run_address>
         <size>0x18b</size>
         <input_file_ref idref="fl-12f"/>
      </object_component>
      <object_component id="oc-55">
         <name>.debug_info</name>
         <load_address>0x2adc</load_address>
         <run_address>0x2adc</run_address>
         <size>0x46</size>
         <input_file_ref idref="fl-12f"/>
      </object_component>
      <object_component id="oc-ae">
         <name>.debug_info</name>
         <load_address>0x2b22</load_address>
         <run_address>0x2b22</run_address>
         <size>0x172</size>
         <input_file_ref idref="fl-130"/>
      </object_component>
      <object_component id="oc-ab">
         <name>.debug_info</name>
         <load_address>0x2c94</load_address>
         <run_address>0x2c94</run_address>
         <size>0x117</size>
         <input_file_ref idref="fl-130"/>
      </object_component>
      <object_component id="oc-6e">
         <name>.debug_info</name>
         <load_address>0x2dab</load_address>
         <run_address>0x2dab</run_address>
         <size>0x1ee</size>
         <input_file_ref idref="fl-130"/>
      </object_component>
      <object_component id="oc-39">
         <name>.debug_info</name>
         <load_address>0x2f99</load_address>
         <run_address>0x2f99</run_address>
         <size>0xf6</size>
         <input_file_ref idref="fl-131"/>
      </object_component>
      <object_component id="oc-20d">
         <name>.debug_info</name>
         <load_address>0x308f</load_address>
         <run_address>0x308f</run_address>
         <size>0x10d</size>
         <input_file_ref idref="fl-132"/>
      </object_component>
      <object_component id="oc-176">
         <name>.debug_info</name>
         <load_address>0x319c</load_address>
         <run_address>0x319c</run_address>
         <size>0x18c</size>
         <input_file_ref idref="fl-132"/>
      </object_component>
      <object_component id="oc-79">
         <name>.debug_info</name>
         <load_address>0x3328</load_address>
         <run_address>0x3328</run_address>
         <size>0x203</size>
         <input_file_ref idref="fl-133"/>
      </object_component>
      <object_component id="oc-2b">
         <name>.debug_info</name>
         <load_address>0x352b</load_address>
         <run_address>0x352b</run_address>
         <size>0xe2</size>
         <input_file_ref idref="fl-133"/>
      </object_component>
      <object_component id="oc-20f">
         <name>.debug_info</name>
         <load_address>0x360d</load_address>
         <run_address>0x360d</run_address>
         <size>0x12d</size>
         <input_file_ref idref="fl-133"/>
      </object_component>
      <object_component id="oc-17c">
         <name>.debug_info</name>
         <load_address>0x373a</load_address>
         <run_address>0x373a</run_address>
         <size>0x86c</size>
         <input_file_ref idref="fl-133"/>
      </object_component>
      <object_component id="oc-b4">
         <name>.debug_info</name>
         <load_address>0x3fa6</load_address>
         <run_address>0x3fa6</run_address>
         <size>0x2c</size>
         <input_file_ref idref="fl-133"/>
      </object_component>
      <object_component id="oc-b9">
         <name>.debug_info</name>
         <load_address>0x3fd2</load_address>
         <run_address>0x3fd2</run_address>
         <size>0x62</size>
         <input_file_ref idref="fl-133"/>
      </object_component>
      <object_component id="oc-50">
         <name>.debug_info</name>
         <load_address>0x4034</load_address>
         <run_address>0x4034</run_address>
         <size>0x124</size>
         <input_file_ref idref="fl-134"/>
      </object_component>
      <object_component id="oc-5e">
         <name>.debug_info</name>
         <load_address>0x4158</load_address>
         <run_address>0x4158</run_address>
         <size>0x129</size>
         <input_file_ref idref="fl-135"/>
      </object_component>
      <object_component id="oc-74">
         <name>.debug_info</name>
         <load_address>0x4281</load_address>
         <run_address>0x4281</run_address>
         <size>0xea</size>
         <input_file_ref idref="fl-136"/>
      </object_component>
      <object_component id="oc-20b">
         <name>.debug_info</name>
         <load_address>0x436b</load_address>
         <run_address>0x436b</run_address>
         <size>0xcb</size>
         <input_file_ref idref="fl-137"/>
      </object_component>
      <object_component id="oc-172">
         <name>.debug_info</name>
         <load_address>0x4436</load_address>
         <run_address>0x4436</run_address>
         <size>0x1f7</size>
         <input_file_ref idref="fl-137"/>
      </object_component>
      <object_component id="oc-1fd">
         <name>.debug_info</name>
         <load_address>0x462d</load_address>
         <run_address>0x462d</run_address>
         <size>0x1a9</size>
         <input_file_ref idref="fl-138"/>
      </object_component>
      <object_component id="oc-160">
         <name>.debug_info</name>
         <load_address>0x47d6</load_address>
         <run_address>0x47d6</run_address>
         <size>0x33d</size>
         <input_file_ref idref="fl-138"/>
      </object_component>
      <object_component id="oc-1fe">
         <name>.debug_info</name>
         <load_address>0x4b13</load_address>
         <run_address>0x4b13</run_address>
         <size>0x2c</size>
         <input_file_ref idref="fl-138"/>
      </object_component>
      <object_component id="oc-203">
         <name>.debug_info</name>
         <load_address>0x4b3f</load_address>
         <run_address>0x4b3f</run_address>
         <size>0x69</size>
         <input_file_ref idref="fl-138"/>
      </object_component>
      <object_component id="oc-13b">
         <name>.debug_info</name>
         <load_address>0x4ba8</load_address>
         <run_address>0x4ba8</run_address>
         <size>0x105</size>
         <input_file_ref idref="fl-139"/>
      </object_component>
      <object_component id="oc-a8">
         <name>.debug_info</name>
         <load_address>0x4cad</load_address>
         <run_address>0x4cad</run_address>
         <size>0xf4</size>
         <input_file_ref idref="fl-139"/>
      </object_component>
      <object_component id="oc-134">
         <name>.debug_info</name>
         <load_address>0x4da1</load_address>
         <run_address>0x4da1</run_address>
         <size>0x200</size>
         <input_file_ref idref="fl-139"/>
      </object_component>
      <object_component id="oc-285">
         <name>.debug_info</name>
         <load_address>0x4fa1</load_address>
         <run_address>0x4fa1</run_address>
         <size>0x338</size>
         <input_file_ref idref="fl-13a"/>
      </object_component>
      <object_component id="oc-1f8">
         <name>.debug_info</name>
         <load_address>0x52d9</load_address>
         <run_address>0x52d9</run_address>
         <size>0x17ea</size>
         <input_file_ref idref="fl-13a"/>
      </object_component>
      <object_component id="oc-286">
         <name>.debug_info</name>
         <load_address>0x6ac3</load_address>
         <run_address>0x6ac3</run_address>
         <size>0x86</size>
         <input_file_ref idref="fl-13a"/>
      </object_component>
      <object_component id="oc-2d3">
         <name>.debug_info</name>
         <load_address>0x6b49</load_address>
         <run_address>0x6b49</run_address>
         <size>0x46</size>
         <input_file_ref idref="fl-13a"/>
      </object_component>
      <object_component id="oc-28b">
         <name>.debug_info</name>
         <load_address>0x6b8f</load_address>
         <run_address>0x6b8f</run_address>
         <size>0x39</size>
         <input_file_ref idref="fl-13a"/>
      </object_component>
      <object_component id="oc-a6">
         <name>.debug_info</name>
         <load_address>0x6bc8</load_address>
         <run_address>0x6bc8</run_address>
         <size>0x147</size>
         <input_file_ref idref="fl-13b"/>
      </object_component>
      <object_component id="oc-68">
         <name>.debug_info</name>
         <load_address>0x6d0f</load_address>
         <run_address>0x6d0f</run_address>
         <size>0x148</size>
         <input_file_ref idref="fl-13b"/>
      </object_component>
      <object_component id="oc-12e">
         <name>.debug_info</name>
         <load_address>0x6e57</load_address>
         <run_address>0x6e57</run_address>
         <size>0x5e</size>
         <input_file_ref idref="fl-13b"/>
      </object_component>
      <object_component id="oc-2d0">
         <name>.debug_info</name>
         <load_address>0x6eb5</load_address>
         <run_address>0x6eb5</run_address>
         <size>0xf5</size>
         <input_file_ref idref="fl-13c"/>
      </object_component>
      <object_component id="oc-27f">
         <name>.debug_info</name>
         <load_address>0x6faa</load_address>
         <run_address>0x6faa</run_address>
         <size>0x152</size>
         <input_file_ref idref="fl-13c"/>
      </object_component>
      <object_component id="oc-9e">
         <name>.debug_info</name>
         <load_address>0x70fc</load_address>
         <run_address>0x70fc</run_address>
         <size>0x29e</size>
         <input_file_ref idref="fl-13d"/>
      </object_component>
      <object_component id="oc-64">
         <name>.debug_info</name>
         <load_address>0x739a</load_address>
         <run_address>0x739a</run_address>
         <size>0x158</size>
         <input_file_ref idref="fl-13d"/>
      </object_component>
      <object_component id="oc-c2">
         <name>.debug_info</name>
         <load_address>0x74f2</load_address>
         <run_address>0x74f2</run_address>
         <size>0x39</size>
         <input_file_ref idref="fl-13d"/>
      </object_component>
      <object_component id="oc-c7">
         <name>.debug_info</name>
         <load_address>0x752b</load_address>
         <run_address>0x752b</run_address>
         <size>0xcd</size>
         <input_file_ref idref="fl-13d"/>
      </object_component>
      <object_component id="oc-bf">
         <name>.debug_info</name>
         <load_address>0x75f8</load_address>
         <run_address>0x75f8</run_address>
         <size>0x1c1</size>
         <input_file_ref idref="fl-13e"/>
      </object_component>
      <object_component id="oc-99">
         <name>.debug_info</name>
         <load_address>0x77b9</load_address>
         <run_address>0x77b9</run_address>
         <size>0x164</size>
         <input_file_ref idref="fl-13e"/>
      </object_component>
      <object_component id="oc-143">
         <name>.debug_info</name>
         <load_address>0x791d</load_address>
         <run_address>0x791d</run_address>
         <size>0x2c</size>
         <input_file_ref idref="fl-13e"/>
      </object_component>
      <object_component id="oc-2fd">
         <name>.debug_info</name>
         <load_address>0x7949</load_address>
         <run_address>0x7949</run_address>
         <size>0xcf</size>
         <input_file_ref idref="fl-13f"/>
      </object_component>
      <object_component id="oc-2cd">
         <name>.debug_info</name>
         <load_address>0x7a18</load_address>
         <run_address>0x7a18</run_address>
         <size>0xdb</size>
         <input_file_ref idref="fl-13f"/>
      </object_component>
      <object_component id="oc-25d">
         <name>.debug_info</name>
         <load_address>0x7af3</load_address>
         <run_address>0x7af3</run_address>
         <size>0x129</size>
         <input_file_ref idref="fl-140"/>
      </object_component>
      <object_component id="oc-239">
         <name>.debug_info</name>
         <load_address>0x7c1c</load_address>
         <run_address>0x7c1c</run_address>
         <size>0x105</size>
         <input_file_ref idref="fl-141"/>
      </object_component>
      <object_component id="oc-247">
         <name>.debug_info</name>
         <load_address>0x7d21</load_address>
         <run_address>0x7d21</run_address>
         <size>0x107</size>
         <input_file_ref idref="fl-141"/>
      </object_component>
      <object_component id="oc-242">
         <name>.debug_info</name>
         <load_address>0x7e28</load_address>
         <run_address>0x7e28</run_address>
         <size>0x117</size>
         <input_file_ref idref="fl-142"/>
      </object_component>
      <object_component id="oc-23d">
         <name>.debug_info</name>
         <load_address>0x7f3f</load_address>
         <run_address>0x7f3f</run_address>
         <size>0x117</size>
         <input_file_ref idref="fl-143"/>
      </object_component>
      <object_component id="oc-24c">
         <name>.debug_info</name>
         <load_address>0x8056</load_address>
         <run_address>0x8056</run_address>
         <size>0x10b</size>
         <input_file_ref idref="fl-144"/>
      </object_component>
      <object_component id="oc-2b7">
         <name>.debug_info</name>
         <load_address>0x8161</load_address>
         <run_address>0x8161</run_address>
         <size>0xfe</size>
         <input_file_ref idref="fl-145"/>
      </object_component>
      <object_component id="oc-263">
         <name>.debug_info</name>
         <load_address>0x825f</load_address>
         <run_address>0x825f</run_address>
         <size>0x16e</size>
         <input_file_ref idref="fl-145"/>
      </object_component>
      <object_component id="oc-257">
         <name>.debug_info</name>
         <load_address>0x83cd</load_address>
         <run_address>0x83cd</run_address>
         <size>0x109</size>
         <input_file_ref idref="fl-146"/>
      </object_component>
      <object_component id="oc-2c5">
         <name>.debug_info</name>
         <load_address>0x84d6</load_address>
         <run_address>0x84d6</run_address>
         <size>0x142</size>
         <input_file_ref idref="fl-147"/>
      </object_component>
      <object_component id="oc-269">
         <name>.debug_info</name>
         <load_address>0x8618</load_address>
         <run_address>0x8618</run_address>
         <size>0x165</size>
         <input_file_ref idref="fl-147"/>
      </object_component>
      <object_component id="oc-2ad">
         <name>.debug_info</name>
         <load_address>0x877d</load_address>
         <run_address>0x877d</run_address>
         <size>0x12d</size>
         <input_file_ref idref="fl-148"/>
      </object_component>
      <object_component id="oc-251">
         <name>.debug_info</name>
         <load_address>0x88aa</load_address>
         <run_address>0x88aa</run_address>
         <size>0x1a3</size>
         <input_file_ref idref="fl-148"/>
      </object_component>
      <object_component id="oc-2cb">
         <name>.debug_info</name>
         <load_address>0x8a4d</load_address>
         <run_address>0x8a4d</run_address>
         <size>0xd2</size>
         <input_file_ref idref="fl-149"/>
      </object_component>
      <object_component id="oc-27a">
         <name>.debug_info</name>
         <load_address>0x8b1f</load_address>
         <run_address>0x8b1f</run_address>
         <size>0x18c</size>
         <input_file_ref idref="fl-149"/>
      </object_component>
      <object_component id="oc-2c7">
         <name>.debug_info</name>
         <load_address>0x8cab</load_address>
         <run_address>0x8cab</run_address>
         <size>0xd6</size>
         <input_file_ref idref="fl-14a"/>
      </object_component>
      <object_component id="oc-26e">
         <name>.debug_info</name>
         <load_address>0x8d81</load_address>
         <run_address>0x8d81</run_address>
         <size>0x211</size>
         <input_file_ref idref="fl-14a"/>
      </object_component>
      <object_component id="oc-235">
         <name>.debug_info</name>
         <load_address>0x8f92</load_address>
         <run_address>0x8f92</run_address>
         <size>0x162</size>
         <input_file_ref idref="fl-14b"/>
      </object_component>
      <object_component id="oc-2c9">
         <name>.debug_info</name>
         <load_address>0x90f4</load_address>
         <run_address>0x90f4</run_address>
         <size>0xf3</size>
         <input_file_ref idref="fl-14c"/>
      </object_component>
      <object_component id="oc-273">
         <name>.debug_info</name>
         <load_address>0x91e7</load_address>
         <run_address>0x91e7</run_address>
         <size>0x13a</size>
         <input_file_ref idref="fl-14c"/>
      </object_component>
      <object_component id="oc-2e8">
         <name>.debug_info</name>
         <load_address>0x9321</load_address>
         <run_address>0x9321</run_address>
         <size>0x111</size>
         <input_file_ref idref="fl-14d"/>
      </object_component>
      <object_component id="oc-2b9">
         <name>.debug_info</name>
         <load_address>0x9432</load_address>
         <run_address>0x9432</run_address>
         <size>0x192</size>
         <input_file_ref idref="fl-14d"/>
      </object_component>
      <object_component id="oc-306">
         <name>.debug_info</name>
         <load_address>0x95c4</load_address>
         <run_address>0x95c4</run_address>
         <size>0x86</size>
         <input_file_ref idref="fl-14d"/>
      </object_component>
      <object_component id="oc-2e1">
         <name>.debug_info</name>
         <load_address>0x964a</load_address>
         <run_address>0x964a</run_address>
         <size>0xfb</size>
         <input_file_ref idref="fl-14e"/>
      </object_component>
      <object_component id="oc-2b2">
         <name>.debug_info</name>
         <load_address>0x9745</load_address>
         <run_address>0x9745</run_address>
         <size>0x173</size>
         <input_file_ref idref="fl-14e"/>
      </object_component>
      <object_component id="oc-2c2">
         <name>.debug_info</name>
         <load_address>0x98b8</load_address>
         <run_address>0x98b8</run_address>
         <size>0x153</size>
         <input_file_ref idref="fl-14f"/>
      </object_component>
      <object_component id="oc-2e5">
         <name>.debug_info</name>
         <load_address>0x9a0b</load_address>
         <run_address>0x9a0b</run_address>
         <size>0x1b5</size>
         <input_file_ref idref="fl-150"/>
      </object_component>
      <object_component id="oc-2f0">
         <name>.debug_info</name>
         <load_address>0x9bc0</load_address>
         <run_address>0x9bc0</run_address>
         <size>0xd6</size>
         <input_file_ref idref="fl-151"/>
      </object_component>
      <object_component id="oc-32c">
         <name>.debug_info</name>
         <load_address>0x9c96</load_address>
         <run_address>0x9c96</run_address>
         <size>0x13e</size>
         <input_file_ref idref="fl-152"/>
      </object_component>
      <object_component id="oc-314">
         <name>.debug_info</name>
         <load_address>0x9dd4</load_address>
         <run_address>0x9dd4</run_address>
         <size>0x10e</size>
         <input_file_ref idref="fl-152"/>
      </object_component>
      <object_component id="oc-2ea">
         <name>.debug_info</name>
         <load_address>0x9ee2</load_address>
         <run_address>0x9ee2</run_address>
         <size>0x16f</size>
         <input_file_ref idref="fl-152"/>
      </object_component>
      <object_component id="oc-327">
         <name>.debug_info</name>
         <load_address>0xa051</load_address>
         <run_address>0xa051</run_address>
         <size>0x6f</size>
         <input_file_ref idref="fl-152"/>
      </object_component>
      <object_component id="oc-324">
         <name>.debug_info</name>
         <load_address>0xa0c0</load_address>
         <run_address>0xa0c0</run_address>
         <size>0xfd</size>
         <input_file_ref idref="fl-153"/>
      </object_component>
      <object_component id="oc-30e">
         <name>.debug_info</name>
         <load_address>0xa1bd</load_address>
         <run_address>0xa1bd</run_address>
         <size>0x154</size>
         <input_file_ref idref="fl-153"/>
      </object_component>
      <object_component id="oc-335">
         <name>.debug_info</name>
         <load_address>0xa311</load_address>
         <run_address>0xa311</run_address>
         <size>0x2c</size>
         <input_file_ref idref="fl-153"/>
      </object_component>
      <object_component id="oc-332">
         <name>.debug_info</name>
         <load_address>0xa33d</load_address>
         <run_address>0xa33d</run_address>
         <size>0x11d</size>
         <input_file_ref idref="fl-154"/>
      </object_component>
      <object_component id="oc-32f">
         <name>.debug_info</name>
         <load_address>0xa45a</load_address>
         <run_address>0xa45a</run_address>
         <size>0xdb</size>
         <input_file_ref idref="fl-154"/>
      </object_component>
      <object_component id="oc-31f">
         <name>.debug_info</name>
         <load_address>0xa535</load_address>
         <run_address>0xa535</run_address>
         <size>0x16a</size>
         <input_file_ref idref="fl-154"/>
      </object_component>
      <object_component id="oc-301">
         <name>.debug_info</name>
         <load_address>0xa69f</load_address>
         <run_address>0xa69f</run_address>
         <size>0xc6</size>
         <input_file_ref idref="fl-155"/>
      </object_component>
      <object_component id="oc-2db">
         <name>.debug_info</name>
         <load_address>0xa765</load_address>
         <run_address>0xa765</run_address>
         <size>0x14d</size>
         <input_file_ref idref="fl-155"/>
      </object_component>
      <object_component id="oc-217">
         <name>.debug_info</name>
         <load_address>0xa8b2</load_address>
         <run_address>0xa8b2</run_address>
         <size>0x1a7</size>
         <input_file_ref idref="fl-156"/>
      </object_component>
      <object_component id="oc-19c">
         <name>.debug_info</name>
         <load_address>0xaa59</load_address>
         <run_address>0xaa59</run_address>
         <size>0x1aa</size>
         <input_file_ref idref="fl-156"/>
      </object_component>
      <object_component id="oc-e5">
         <name>.debug_info</name>
         <load_address>0xac03</load_address>
         <run_address>0xac03</run_address>
         <size>0x1a0</size>
         <input_file_ref idref="fl-156"/>
      </object_component>
      <object_component id="oc-df">
         <name>.debug_info</name>
         <load_address>0xada3</load_address>
         <run_address>0xada3</run_address>
         <size>0x1d2</size>
         <input_file_ref idref="fl-156"/>
      </object_component>
      <object_component id="oc-1d7">
         <name>.debug_info</name>
         <load_address>0xaf75</load_address>
         <run_address>0xaf75</run_address>
         <size>0x21c</size>
         <input_file_ref idref="fl-156"/>
      </object_component>
      <object_component id="oc-ec">
         <name>.debug_info</name>
         <load_address>0xb191</load_address>
         <run_address>0xb191</run_address>
         <size>0x1c3</size>
         <input_file_ref idref="fl-156"/>
      </object_component>
      <object_component id="oc-22c">
         <name>.debug_info</name>
         <load_address>0xb354</load_address>
         <run_address>0xb354</run_address>
         <size>0xf4</size>
         <input_file_ref idref="fl-157"/>
      </object_component>
      <object_component id="oc-1d2">
         <name>.debug_info</name>
         <load_address>0xb448</load_address>
         <run_address>0xb448</run_address>
         <size>0x102</size>
         <input_file_ref idref="fl-157"/>
      </object_component>
      <object_component id="oc-224">
         <name>.debug_info</name>
         <load_address>0xb54a</load_address>
         <run_address>0xb54a</run_address>
         <size>0x1e3</size>
         <input_file_ref idref="fl-157"/>
      </object_component>
      <object_component id="oc-fd">
         <name>.debug_info</name>
         <load_address>0xb72d</load_address>
         <run_address>0xb72d</run_address>
         <size>0x231</size>
         <input_file_ref idref="fl-157"/>
      </object_component>
      <object_component id="oc-1c5">
         <name>.debug_info</name>
         <load_address>0xb95e</load_address>
         <run_address>0xb95e</run_address>
         <size>0x1f8</size>
         <input_file_ref idref="fl-157"/>
      </object_component>
      <object_component id="oc-1cb">
         <name>.debug_info</name>
         <load_address>0xbb56</load_address>
         <run_address>0xbb56</run_address>
         <size>0x1fa</size>
         <input_file_ref idref="fl-157"/>
      </object_component>
      <object_component id="oc-21f">
         <name>.debug_info</name>
         <load_address>0xbd50</load_address>
         <run_address>0xbd50</run_address>
         <size>0x204</size>
         <input_file_ref idref="fl-158"/>
      </object_component>
      <object_component id="oc-21b">
         <name>.debug_info</name>
         <load_address>0xbf54</load_address>
         <run_address>0xbf54</run_address>
         <size>0x10b</size>
         <input_file_ref idref="fl-158"/>
      </object_component>
      <object_component id="oc-1c1">
         <name>.debug_info</name>
         <load_address>0xc05f</load_address>
         <run_address>0xc05f</run_address>
         <size>0x1ca</size>
         <input_file_ref idref="fl-158"/>
      </object_component>
      <object_component id="oc-1af">
         <name>.debug_info</name>
         <load_address>0xc229</load_address>
         <run_address>0xc229</run_address>
         <size>0x20f</size>
         <input_file_ref idref="fl-158"/>
      </object_component>
      <object_component id="oc-1bb">
         <name>.debug_info</name>
         <load_address>0xc438</load_address>
         <run_address>0xc438</run_address>
         <size>0x211</size>
         <input_file_ref idref="fl-158"/>
      </object_component>
      <object_component id="oc-14e">
         <name>.debug_info</name>
         <load_address>0xc649</load_address>
         <run_address>0xc649</run_address>
         <size>0x23a</size>
         <input_file_ref idref="fl-158"/>
      </object_component>
      <object_component id="oc-1b5">
         <name>.debug_info</name>
         <load_address>0xc883</load_address>
         <run_address>0xc883</run_address>
         <size>0x1e4</size>
         <input_file_ref idref="fl-158"/>
      </object_component>
      <object_component id="oc-f1">
         <name>.debug_info</name>
         <load_address>0xca67</load_address>
         <run_address>0xca67</run_address>
         <size>0x256</size>
         <input_file_ref idref="fl-158"/>
      </object_component>
      <object_component id="oc-1a0">
         <name>.debug_info</name>
         <load_address>0xccbd</load_address>
         <run_address>0xccbd</run_address>
         <size>0x1e3</size>
         <input_file_ref idref="fl-158"/>
      </object_component>
      <object_component id="oc-1a6">
         <name>.debug_info</name>
         <load_address>0xcea0</load_address>
         <run_address>0xcea0</run_address>
         <size>0x1f8</size>
         <input_file_ref idref="fl-158"/>
      </object_component>
      <object_component id="oc-1dc">
         <name>.debug_info</name>
         <load_address>0xd098</load_address>
         <run_address>0xd098</run_address>
         <size>0x187</size>
         <input_file_ref idref="fl-159"/>
      </object_component>
      <object_component id="oc-122">
         <name>.debug_info</name>
         <load_address>0xd21f</load_address>
         <run_address>0xd21f</run_address>
         <size>0x1d3</size>
         <input_file_ref idref="fl-159"/>
      </object_component>
      <object_component id="oc-10a">
         <name>.debug_info</name>
         <load_address>0xd3f2</load_address>
         <run_address>0xd3f2</run_address>
         <size>0x1dd</size>
         <input_file_ref idref="fl-159"/>
      </object_component>
      <object_component id="oc-110">
         <name>.debug_info</name>
         <load_address>0xd5cf</load_address>
         <run_address>0xd5cf</run_address>
         <size>0x211</size>
         <input_file_ref idref="fl-159"/>
      </object_component>
      <object_component id="oc-115">
         <name>.debug_info</name>
         <load_address>0xd7e0</load_address>
         <run_address>0xd7e0</run_address>
         <size>0x207</size>
         <input_file_ref idref="fl-159"/>
      </object_component>
      <object_component id="oc-d3">
         <name>.debug_info</name>
         <load_address>0xd9e7</load_address>
         <run_address>0xd9e7</run_address>
         <size>0x1de</size>
         <input_file_ref idref="fl-159"/>
      </object_component>
      <object_component id="oc-104">
         <name>.debug_info</name>
         <load_address>0xdbc5</load_address>
         <run_address>0xdbc5</run_address>
         <size>0x25f</size>
         <input_file_ref idref="fl-159"/>
      </object_component>
      <object_component id="oc-11c">
         <name>.debug_info</name>
         <load_address>0xde24</load_address>
         <run_address>0xde24</run_address>
         <size>0x1e8</size>
         <input_file_ref idref="fl-159"/>
      </object_component>
      <object_component id="oc-ce">
         <name>.debug_info</name>
         <load_address>0xe00c</load_address>
         <run_address>0xe00c</run_address>
         <size>0x1e6</size>
         <input_file_ref idref="fl-159"/>
      </object_component>
      <object_component id="oc-152">
         <name>.debug_info</name>
         <load_address>0xe1f2</load_address>
         <run_address>0xe1f2</run_address>
         <size>0x280</size>
         <input_file_ref idref="fl-15a"/>
      </object_component>
      <object_component id="oc-1f1">
         <name>.debug_info</name>
         <load_address>0xe472</load_address>
         <run_address>0xe472</run_address>
         <size>0x1a2</size>
         <input_file_ref idref="fl-15a"/>
      </object_component>
      <object_component id="oc-1eb">
         <name>.debug_info</name>
         <load_address>0xe614</load_address>
         <run_address>0xe614</run_address>
         <size>0x1a4</size>
         <input_file_ref idref="fl-15a"/>
      </object_component>
      <object_component id="oc-165">
         <name>.debug_info</name>
         <load_address>0xe7b8</load_address>
         <run_address>0xe7b8</run_address>
         <size>0x1ae</size>
         <input_file_ref idref="fl-15a"/>
      </object_component>
      <object_component id="oc-16b">
         <name>.debug_info</name>
         <load_address>0xe966</load_address>
         <run_address>0xe966</run_address>
         <size>0x1be</size>
         <input_file_ref idref="fl-15a"/>
      </object_component>
      <object_component id="oc-159">
         <name>.debug_info</name>
         <load_address>0xeb24</load_address>
         <run_address>0xeb24</run_address>
         <size>0x1cf</size>
         <input_file_ref idref="fl-15a"/>
      </object_component>
      <object_component id="oc-190">
         <name>.debug_info</name>
         <load_address>0xecf3</load_address>
         <run_address>0xecf3</run_address>
         <size>0x172</size>
         <input_file_ref idref="fl-15c"/>
      </object_component>
      <object_component id="oc-367">
         <name>.debug_info</name>
         <load_address>0xee65</load_address>
         <run_address>0xee65</run_address>
         <size>0x9b</size>
      </object_component>
      <object_component id="oc-1e3">
         <name>.debug_line</name>
         <load_address>0x0</load_address>
         <run_address>0x0</run_address>
         <size>0x188</size>
         <input_file_ref idref="fl-2"/>
      </object_component>
      <object_component id="oc-a3">
         <name>.debug_line</name>
         <load_address>0x188</load_address>
         <run_address>0x188</run_address>
         <size>0xb1</size>
         <input_file_ref idref="fl-2"/>
      </object_component>
      <object_component id="oc-2a1">
         <name>.debug_line</name>
         <load_address>0x239</load_address>
         <run_address>0x239</run_address>
         <size>0x55</size>
         <input_file_ref idref="fl-2"/>
      </object_component>
      <object_component id="oc-81">
         <name>.debug_line</name>
         <load_address>0x28e</load_address>
         <run_address>0x28e</run_address>
         <size>0x20</size>
         <input_file_ref idref="fl-2"/>
      </object_component>
      <object_component id="oc-199">
         <name>.debug_line</name>
         <load_address>0x2ae</load_address>
         <run_address>0x2ae</run_address>
         <size>0x53</size>
         <input_file_ref idref="fl-2"/>
      </object_component>
      <object_component id="oc-f8">
         <name>.debug_line</name>
         <load_address>0x301</load_address>
         <run_address>0x301</run_address>
         <size>0x4a</size>
         <input_file_ref idref="fl-3"/>
      </object_component>
      <object_component id="oc-7d">
         <name>.debug_line</name>
         <load_address>0x34b</load_address>
         <run_address>0x34b</run_address>
         <size>0x61</size>
         <input_file_ref idref="fl-4"/>
      </object_component>
      <object_component id="oc-34">
         <name>.debug_line</name>
         <load_address>0x3ac</load_address>
         <run_address>0x3ac</run_address>
         <size>0x61</size>
         <input_file_ref idref="fl-4"/>
      </object_component>
      <object_component id="oc-2f">
         <name>.debug_line</name>
         <load_address>0x40d</load_address>
         <run_address>0x40d</run_address>
         <size>0xd9</size>
         <input_file_ref idref="fl-4"/>
      </object_component>
      <object_component id="oc-213">
         <name>.debug_line</name>
         <load_address>0x4e6</load_address>
         <run_address>0x4e6</run_address>
         <size>0x186</size>
         <input_file_ref idref="fl-5"/>
      </object_component>
      <object_component id="oc-dc">
         <name>.debug_line</name>
         <load_address>0x66c</load_address>
         <run_address>0x66c</run_address>
         <size>0x1d7</size>
         <input_file_ref idref="fl-5"/>
      </object_component>
      <object_component id="oc-18c">
         <name>.debug_line</name>
         <load_address>0x843</load_address>
         <run_address>0x843</run_address>
         <size>0x60</size>
         <input_file_ref idref="fl-5"/>
      </object_component>
      <object_component id="oc-187">
         <name>.debug_line</name>
         <load_address>0x8a3</load_address>
         <run_address>0x8a3</run_address>
         <size>0x60</size>
         <input_file_ref idref="fl-5"/>
      </object_component>
      <object_component id="oc-25">
         <name>.debug_line</name>
         <load_address>0x903</load_address>
         <run_address>0x903</run_address>
         <size>0x52</size>
         <input_file_ref idref="fl-12c"/>
      </object_component>
      <object_component id="oc-8a">
         <name>.debug_line</name>
[...]
      <symbol id="sm-54">
         <name>BoardInit</name>
         <value>0x20005f1f</value>
         <object_component_ref idref="oc-9f"/>
      </symbol>
      <symbol id="sm-55">
         <name>main</name>
         <value>0x20005f37</value>
         <object_component_ref idref="oc-9f"/>
      </symbol>
      <symbol id="sm-5f">
         <name>PinMuxConfig</name>
         <value>0x2000710d</value>
         <object_component_ref idref="oc-f6"/>
      </symbol>
      <symbol id="sm-7e">
         <name>ResetISR</name>
         <value>0x200073dd</value>
         <object_component_ref idref="oc-2d"/>
      </symbol>
      <symbol id="sm-7f">
         <name>g_pfnVectors</name>
         <value>0x20004000</value>
         <object_component_ref idref="oc-f"/>
      </symbol>
      <symbol id="sm-c2">
         <name>GetCmd</name>
         <value>0x2000591b</value>
         <object_component_ref idref="oc-d8"/>
      </symbol>
      <symbol id="sm-c3">
         <name>Message</name>
         <value>0x200058b7</value>
         <object_component_ref idref="oc-d8"/>
      </symbol>
      <symbol id="sm-c4">
         <name>Report</name>
         <value>0x20005a59</value>
         <object_component_ref idref="oc-d8"/>
      </symbol>
      <symbol id="sm-c5">
         <name>Error</name>
         <value>0x200058e3</value>
         <object_component_ref idref="oc-d8"/>
      </symbol>
      <symbol id="sm-c6">
         <name>InitTerm</name>
         <value>0x20005899</value>
         <object_component_ref idref="oc-d8"/>
      </symbol>
      <symbol id="sm-c7">
         <name>ClearTerm</name>
         <value>0x200058d9</value>
         <object_component_ref idref="oc-d8"/>
      </symbol>
      <symbol id="sm-c8">
         <name>TrimSpace</name>
         <value>0x200059c1</value>
         <object_component_ref idref="oc-d8"/>
      </symbol>
      <symbol id="sm-da">
         <name>_c_int00</name>
         <value>0x20006d1d</value>
         <object_component_ref idref="oc-24"/>
      </symbol>
      <symbol id="sm-db">
         <name>__stack</name>
         <value>0x2002f000</value>
         <object_component_ref idref="oc-29"/>
      </symbol>
      <symbol id="sm-f2">
         <name>__TI_decompress_none</name>
         <value>0x200073cf</value>
         <object_component_ref idref="oc-12"/>
      </symbol>
      <symbol id="sm-11a">
         <name>__TI_decompress_rle24</name>
         <value>0x20007407</value>
         <object_component_ref idref="oc-18"/>
      </symbol>
      <symbol id="sm-12c">
         <name>__TI_zero_init</name>
         <value>0x200073eb</value>
         <object_component_ref idref="oc-1e"/>
      </symbol>
      <symbol id="sm-14b">
         <name>C$$EXIT</name>
         <value>0x20006e91</value>
         <object_component_ref idref="oc-6d"/>
      </symbol>
      <symbol id="sm-14c">
         <name>abort</name>
         <value>0x20006e95</value>
         <object_component_ref idref="oc-6d"/>
      </symbol>
      <symbol id="sm-14d">
         <name>exit</name>
         <value>0x20006e9d</value>
         <object_component_ref idref="oc-6d"/>
      </symbol>
      <symbol id="sm-14e">
         <name>__TI_dtors_ptr</name>
         <value>0x20017948</value>
         <object_component_ref idref="oc-aa"/>
      </symbol>
      <symbol id="sm-14f">
         <name>__TI_cleanup_ptr</name>
         <value>0x20017944</value>
         <object_component_ref idref="oc-aa"/>
      </symbol>
      <symbol id="sm-16a">
         <name>memcpy</name>
         <value>0x20006635</value>
         <object_component_ref idref="oc-36"/>
      </symbol>
      <symbol id="sm-16b">
         <name>__aeabi_memcpy</name>
         <value>0x20006635</value>
         <object_component_ref idref="oc-36"/>
      </symbol>
      <symbol id="sm-16c">
         <name>__aeabi_memcpy8</name>
         <value>0x20006635</value>
         <object_component_ref idref="oc-36"/>
      </symbol>
      <symbol id="sm-16d">
         <name>__aeabi_memcpy4</name>
         <value>0x20006635</value>
         <object_component_ref idref="oc-36"/>
      </symbol>
      <symbol id="sm-17d">
         <name>memmove</name>
         <value>0x200071d9</value>
         <object_component_ref idref="oc-174"/>
      </symbol>
      <symbol id="sm-1f4">
         <name>_sys_memory</name>
         <value>0x20017000</value>
         <object_component_ref idref="oc-2a"/>
      </symbol>
      <symbol id="sm-1f5">
         <name>free</name>
         <value>0x200055b3</value>
         <object_component_ref idref="oc-17a"/>
      </symbol>
      <symbol id="sm-1f6">
         <name>realloc</name>
         <value>0x20005675</value>
         <object_component_ref idref="oc-17a"/>
      </symbol>
      <symbol id="sm-1f7">
         <name>memalign</name>
         <value>0x20005781</value>
         <object_component_ref idref="oc-17a"/>
      </symbol>
      <symbol id="sm-1f8">
         <name>calloc</name>
         <value>0x20005865</value>
         <object_component_ref idref="oc-17a"/>
      </symbol>
      <symbol id="sm-1f9">
         <name>malloc</name>
         <value>0x2000554b</value>
         <object_component_ref idref="oc-17a"/>
      </symbol>
      <symbol id="sm-1fa">
         <name>minit</name>
         <value>0x200054bd</value>
         <object_component_ref idref="oc-17a"/>
      </symbol>
      <symbol id="sm-209">
         <name>__aeabi_memset</name>
         <value>0x20006983</value>
         <object_component_ref idref="oc-4f"/>
      </symbol>
      <symbol id="sm-20a">
         <name>memset</name>
         <value>0x20006989</value>
         <object_component_ref idref="oc-4f"/>
      </symbol>
      <symbol id="sm-20b">
         <name>__aeabi_memset8</name>
         <value>0x20006983</value>
         <object_component_ref idref="oc-4f"/>
      </symbol>
      <symbol id="sm-20c">
         <name>__aeabi_memset4</name>
         <value>0x20006983</value>
         <object_component_ref idref="oc-4f"/>
      </symbol>
      <symbol id="sm-20d">
         <name>__aeabi_memclr8</name>
         <value>0x20006981</value>
         <object_component_ref idref="oc-4f"/>
      </symbol>
      <symbol id="sm-20e">
         <name>__aeabi_memclr4</name>
         <value>0x20006981</value>
         <object_component_ref idref="oc-4f"/>
      </symbol>
      <symbol id="sm-20f">
         <name>__aeabi_memclr</name>
         <value>0x20006981</value>
         <object_component_ref idref="oc-4f"/>
      </symbol>
      <symbol id="sm-219">
         <name>_system_pre_init</name>
         <value>0x2000740d</value>
         <object_component_ref idref="oc-5b"/>
      </symbol>
      <symbol id="sm-221">
         <name>main_func_sp</name>
         <value>0x20017958</value>
         <object_component_ref idref="oc-73"/>
      </symbol>
      <symbol id="sm-22f">
         <name>strlen</name>
         <value>0x200073a9</value>
         <object_component_ref idref="oc-16e"/>
      </symbol>
      <symbol id="sm-250">
         <name>vsnprintf</name>
         <value>0x200067ed</value>
         <object_component_ref idref="oc-15c"/>
      </symbol>
      <symbol id="sm-269">
         <name>_nop</name>
         <value>0x200073a3</value>
         <object_component_ref idref="oc-133"/>
      </symbol>
      <symbol id="sm-26a">
         <name>_lock</name>
         <value>0x2001793c</value>
         <object_component_ref idref="oc-a7"/>
      </symbol>
      <symbol id="sm-26b">
         <name>_unlock</name>
         <value>0x20017940</value>
         <object_component_ref idref="oc-a7"/>
      </symbol>
      <symbol id="sm-26c">
         <name>_register_lock</name>
         <value>0x2000739b</value>
         <object_component_ref idref="oc-133"/>
      </symbol>
      <symbol id="sm-26d">
         <name>_register_unlock</name>
         <value>0x20007395</value>
         <object_component_ref idref="oc-133"/>
      </symbol>
      <symbol id="sm-372">
         <name>__TI_printfi</name>
         <value>0x200051b5</value>
         <object_component_ref idref="oc-1f6"/>
      </symbol>
      <symbol id="sm-387">
         <name>_args_main</name>
         <value>0x20007311</value>
         <object_component_ref idref="oc-67"/>
      </symbol>
      <symbol id="sm-39d">
         <name>atoi</name>
         <value>0x20006d6d</value>
         <object_component_ref idref="oc-27e"/>
      </symbol>
      <symbol id="sm-3c3">
         <name>__TI_auto_init</name>
         <value>0x20006ae1</value>
         <object_component_ref idref="oc-61"/>
      </symbol>
      <symbol id="sm-3dd">
         <name>copy_in</name>
         <value>0x20006db9</value>
         <object_component_ref idref="oc-97"/>
      </symbol>
      <symbol id="sm-3e8">
         <name>_ctypes_</name>
         <value>0x20007410</value>
         <object_component_ref idref="oc-2cc"/>
      </symbol>
      <symbol id="sm-40c">
         <name>__aeabi_dsub</name>
         <value>0x20005d0d</value>
         <object_component_ref idref="oc-25b"/>
      </symbol>
      <symbol id="sm-40d">
         <name>__aeabi_dadd</name>
         <value>0x20005d17</value>
         <object_component_ref idref="oc-25b"/>
      </symbol>
      <symbol id="sm-434">
         <name>__aeabi_cdcmpeq</name>
         <value>0x20006875</value>
         <object_component_ref idref="oc-237"/>
      </symbol>
      <symbol id="sm-435">
         <name>__aeabi_cdcmple</name>
         <value>0x20006875</value>
         <object_component_ref idref="oc-237"/>
      </symbol>
      <symbol id="sm-436">
         <name>__aeabi_cdrcmple</name>
         <value>0x200068fb</value>
         <object_component_ref idref="oc-246"/>
      </symbol>
      <symbol id="sm-456">
         <name>__aeabi_ddiv</name>
         <value>0x20006055</value>
         <object_component_ref idref="oc-241"/>
      </symbol>
      <symbol id="sm-46d">
         <name>__aeabi_dmul</name>
         <value>0x200063d1</value>
         <object_component_ref idref="oc-23c"/>
      </symbol>
      <symbol id="sm-47b">
         <name>__aeabi_d2iz</name>
         <value>0x20006e05</value>
         <object_component_ref idref="oc-24b"/>
      </symbol>
      <symbol id="sm-488">
         <name>frexp</name>
         <value>0x20007163</value>
         <object_component_ref idref="oc-260"/>
      </symbol>
      <symbol id="sm-494">
         <name>__aeabi_i2d</name>
         <value>0x20007085</value>
         <object_component_ref idref="oc-256"/>
      </symbol>
      <symbol id="sm-4a5">
         <name>ldexp</name>
         <value>0x20006ccb</value>
         <object_component_ref idref="oc-266"/>
      </symbol>
      <symbol id="sm-4b4">
         <name>ltoa</name>
         <value>0x20006c75</value>
         <object_component_ref idref="oc-250"/>
      </symbol>
      <symbol id="sm-4c4">
         <name>memccpy</name>
         <value>0x20007291</value>
         <object_component_ref idref="oc-278"/>
      </symbol>
      <symbol id="sm-4d4">
         <name>strchr</name>
         <value>0x20007355</value>
         <object_component_ref idref="oc-26c"/>
      </symbol>
      <symbol id="sm-4fe">
         <name>__aeabi_uldivmod</name>
         <value>0x20005b19</value>
         <object_component_ref idref="oc-232"/>
      </symbol>
      <symbol id="sm-50c">
         <name>_Dclass</name>
         <value>0x20007025</value>
         <object_component_ref idref="oc-272"/>
      </symbol>
      <symbol id="sm-52d">
         <name>_Dscale</name>
         <value>0x200062c1</value>
         <object_component_ref idref="oc-2b8"/>
      </symbol>
      <symbol id="sm-541">
         <name>_Dunscale</name>
         <value>0x20006bb7</value>
         <object_component_ref idref="oc-2b0"/>
      </symbol>
      <symbol id="sm-550">
         <name>_Feraise</name>
         <value>0x20007055</value>
         <object_component_ref idref="oc-2be"/>
      </symbol>
      <symbol id="sm-560">
         <name>_Rteps</name>
         <value>0x20017910</value>
         <object_component_ref idref="oc-2e4"/>
      </symbol>
      <symbol id="sm-561">
         <name>_Zero</name>
         <value>0x20017928</value>
         <object_component_ref idref="oc-2e4"/>
      </symbol>
      <symbol id="sm-562">
         <name>_Hugeval</name>
         <value>0x200178d0</value>
         <object_component_ref idref="oc-2e4"/>
      </symbol>
      <symbol id="sm-563">
         <name>_Snan</name>
         <value>0x20017900</value>
         <object_component_ref idref="oc-2e4"/>
      </symbol>
      <symbol id="sm-564">
         <name>_Nan</name>
         <value>0x200178f0</value>
         <object_component_ref idref="oc-2e4"/>
      </symbol>
      <symbol id="sm-565">
         <name>_Inf</name>
         <value>0x200178e0</value>
         <object_component_ref idref="oc-2e4"/>
      </symbol>
      <symbol id="sm-566">
         <name>_Xbig</name>
         <value>0x20017920</value>
         <object_component_ref idref="oc-2e4"/>
      </symbol>
      <symbol id="sm-567">
         <name>_Eps</name>
         <value>0x200178c0</value>
         <object_component_ref idref="oc-2e4"/>
      </symbol>
      <symbol id="sm-568">
         <name>_Denorm</name>
         <value>0x200178b0</value>
         <object_component_ref idref="oc-2e4"/>
      </symbol>
      <symbol id="sm-570">
         <name>_Errno</name>
         <value>0x20017954</value>
         <object_component_ref idref="oc-2ef"/>
      </symbol>
      <symbol id="sm-58e">
         <name>feraiseexcept</name>
         <value>0x20006f91</value>
         <object_component_ref idref="oc-2e9"/>
      </symbol>
      <symbol id="sm-58f">
         <name>_Tls_setup__Fenv</name>
         <value>0x20017950</value>
         <object_component_ref idref="oc-313"/>
      </symbol>
      <symbol id="sm-590">
         <name>_Fenv</name>
         <value>0x2001794c</value>
         <object_component_ref idref="oc-313"/>
      </symbol>
      <symbol id="sm-5a4">
         <name>raise</name>
         <value>0x200070b3</value>
         <object_component_ref idref="oc-30d"/>
      </symbol>
      <symbol id="sm-5be">
         <name>signal</name>
         <value>0x20006f15</value>
         <object_component_ref idref="oc-31d"/>
      </symbol>
      <symbol id="sm-5d3">
         <name>_Dnorm</name>
         <value>0x200064cd</value>
         <object_component_ref idref="oc-2da"/>
      </symbol>
      <symbol id="sm-614">
         <name>IntVTableBaseSet</name>
         <value>0x20007381</value>
         <object_component_ref idref="oc-de"/>
      </symbol>
      <symbol id="sm-615">
         <name>IntEnable</name>
         <value>0x2000658d</value>
         <object_component_ref idref="oc-ea"/>
      </symbol>
      <symbol id="sm-616">
         <name>IntRegister</name>
         <value>0x200071fd</value>
         <object_component_ref idref="oc-1d5"/>
      </symbol>
      <symbol id="sm-617">
         <name>IntMasterEnable</name>
         <value>0x200073f7</value>
         <object_component_ref idref="oc-e4"/>
      </symbol>
      <symbol id="sm-64c">
         <name>PinTypeUART</name>
         <value>0x200072c7</value>
         <object_component_ref idref="oc-1c4"/>
      </symbol>
      <symbol id="sm-64d">
         <name>PinTypeTimer</name>
         <value>0x200072ad</value>
         <object_component_ref idref="oc-1ca"/>
      </symbol>
      <symbol id="sm-64e">
         <name>PinConfigSet</name>
         <value>0x20006765</value>
         <object_component_ref idref="oc-fc"/>
      </symbol>
      <symbol id="sm-64f">
         <name>PinModeSet</name>
         <value>0x20006ed5</value>
         <object_component_ref idref="oc-222"/>
      </symbol>
      <symbol id="sm-6d1">
         <name>PRCMPeripheralReset</name>
         <value>0x20006c1d</value>
         <object_component_ref idref="oc-1b1"/>
      </symbol>
      <symbol id="sm-6d2">
         <name>PRCMPeripheralClkEnable</name>
         <value>0x20006f55</value>
         <object_component_ref idref="oc-1ab"/>
      </symbol>
      <symbol id="sm-6d3">
         <name>PRCMPeripheralClockGet</name>
         <value>0x200066d1</value>
         <object_component_ref idref="oc-14a"/>
      </symbol>
      <symbol id="sm-6d4">
         <name>PRCMCC3200MCUInit</name>
         <value>0x2000618d</value>
         <object_component_ref idref="oc-f0"/>
      </symbol>
      <symbol id="sm-6d5">
         <name>PRCMHIBRegWrite</name>
         <value>0x2000733f</value>
         <object_component_ref idref="oc-1a5"/>
      </symbol>
      <symbol id="sm-6d6">
         <name>PRCMSysResetCauseGet</name>
         <value>0x200070e1</value>
         <object_component_ref idref="oc-1bd"/>
      </symbol>
      <symbol id="sm-6d7">
         <name>PRCMPeripheralClkDisable</name>
         <value>0x2000718d</value>
         <object_component_ref idref="oc-1b7"/>
      </symbol>
      <symbol id="sm-6d8">
         <name>PRCMHIBRegRead</name>
         <value>0x20007329</value>
         <object_component_ref idref="oc-19f"/>
      </symbol>
      <symbol id="sm-730">
         <name>TimerLoadSet</name>
         <value>0x20007139</value>
         <object_component_ref idref="oc-114"/>
      </symbol>
      <symbol id="sm-731">
         <name>TimerIntRegister</name>
         <value>0x20006a71</value>
         <object_component_ref idref="oc-102"/>
      </symbol>
      <symbol id="sm-732">
         <name>TimerEnable</name>
         <value>0x2000721d</value>
         <object_component_ref idref="oc-120"/>
      </symbol>
      <symbol id="sm-733">
         <name>TimerValueGet</name>
         <value>0x20007259</value>
         <object_component_ref idref="oc-d2"/>
      </symbol>
      <symbol id="sm-734">
         <name>TimerIntEnable</name>
         <value>0x200072e1</value>
         <object_component_ref idref="oc-11a"/>
      </symbol>
      <symbol id="sm-735">
         <name>TimerConfigure</name>
         <value>0x20006e4d</value>
         <object_component_ref idref="oc-108"/>
      </symbol>
      <symbol id="sm-736">
         <name>TimerControlEvent</name>
         <value>0x20006fc5</value>
         <object_component_ref idref="oc-10e"/>
      </symbol>
      <symbol id="sm-737">
         <name>TimerIntClear</name>
         <value>0x200073bd</value>
         <object_component_ref idref="oc-cc"/>
      </symbol>
      <symbol id="sm-773">
         <name>UARTConfigSetExpClk</name>
         <value>0x200069fb</value>
         <object_component_ref idref="oc-150"/>
      </symbol>
      <symbol id="sm-774">
         <name>UARTDisable</name>
         <value>0x20006ff5</value>
         <object_component_ref idref="oc-1e8"/>
      </symbol>
      <symbol id="sm-775">
         <name>UARTCharsAvail</name>
         <value>0x200072f9</value>
         <object_component_ref idref="oc-162"/>
      </symbol>
      <symbol id="sm-776">
         <name>UARTCharGetNonBlocking</name>
         <value>0x20007275</value>
         <object_component_ref idref="oc-168"/>
      </symbol>
      <symbol id="sm-777">
         <name>UARTCharPut</name>
         <value>0x2000723b</value>
         <object_component_ref idref="oc-156"/>
      </symbol>
      <symbol id="sm-778">
         <name>UARTEnable</name>
         <value>0x200071b5</value>
         <object_component_ref idref="oc-1ee"/>
      </symbol>
      <symbol id="sm-77c">
         <name>UtilsDelay</name>
         <value>0x20007401</value>
         <object_component_ref idref="oc-126"/>
      </symbol>
      <symbol id="sm-786">
         <name>CPUcpsie</name>
         <value>0x2000736b</value>
         <object_component_ref idref="oc-18f"/>
      </symbol>
      <symbol id="sm-788">
         <name>__TI_static_base__</name>
         <value>0x20007740</value>
      </symbol>
      <symbol id="sm-78b">
         <name>SHT$$INIT_ARRAY$$Limit</name>
         <value>0x0</value>
      </symbol>
      <symbol id="sm-78c">
         <name>SHT$$INIT_ARRAY$$Base</name>
         <value>0x0</value>
      </symbol>
   </symbol_table>
   <title>Link successful</title>
</link_info>
